mkdir -p build
pdflatex -output-directory=build 01_intro_vector_space.tex
pdflatex -output-directory=build 02_indexing.tex
pdflatex -output-directory=build 03_ranking.tex
pdflatex -output-directory=build 04_embeddings_neural_ranking.tex
This is pdfTeX, Version 3.141592653-2.6-1.40.24 (MiKTeX 22.1) (preloaded format=pdflatex.fmt)
 restricted \write18 enabled.
This is pdfTeX, Version 3.141592653-2.6-1.40.24 (MiKTeX 22.1) (preloaded format=pdflatex.fmt)
 restricted \write18 enabled.
This is pdfTeX, Version 3.141592653-2.6-1.40.24 (MiKTeX 22.1) (preloaded format=pdflatex.fmt)
 restricted \write18 enabled.
This is pdfTeX, Version 3.141592653-2.6-1.40.24 (MiKTeX 22.1) (preloaded format=pdflatex.fmt)
 restricted \write18 enabled.
entering extended mode
(01_intro_vector_space.texentering extended mode
(03_ranking.texentering extended mode
(02_indexing.texentering extended mode
(04_embeddings_neural_ranking.tex
LaTeX2e <2023-11-01>
L3 programming layer <2023-11-09>

(/Users/avishekanand/Library/Application Support/MiKTeX/texmfs/install/tex/late
x/beamer/beamer.cls
LaTeX2e <2023-11-01>
L3 programming layer <2023-11-09>

(/Users/avishekanand/Library/Application Support/MiKTeX/texmfs/install/tex/late
x/beamer/beamer.cls
LaTeX2e <2023-11-01>
L3 programming layer <2023-11-09>

(/Users/avishekanand/Library/Application Support/MiKTeX/texmfs/install/tex/late
x/beamer/beamer.cls
LaTeX2e <2023-11-01>
L3 programming layer <2023-11-09>

(/Users/avishekanand/Library/Application Support/MiKTeX/texmfs/install/tex/late
x/beamer/beamer.cls
Document Class: beamer 2026/01/22 v3.77 A class for typesetting presentations

(/Users/avishekanand/Library/Application Support/MiKTeX/texmfs/install/tex/late
x/beamer/beamerbasemodes.sty
Document Class: beamer 2026/01/22 v3.77 A class for typesetting presentations

(/Users/avishekanand/Library/Application Support/MiKTeX/texmfs/install/tex/late
x/beamer/beamerbasemodes.sty
Document Class: beamer 2026/01/22 v3.77 A class for typesetting presentations

(/Users/avishekanand/Library/Application Support/MiKTeX/texmfs/install/tex/late
x/beamer/beamerbasemodes.sty
Document Class: beamer 2026/01/22 v3.77 A class for typesetting presentations

(/Users/avishekanand/Library/Application Support/MiKTeX/texmfs/install/tex/late
x/beamer/beamerbasemodes.sty
(/Users/avishekanand/Library/Application Support/MiKTeX/texmfs/install/tex/late
x/etoolbox/etoolbox.sty
(/Users/avishekanand/Library/Application Support/MiKTeX/texmfs/install/tex/late
x/etoolbox/etoolbox.sty
(/Users/avishekanand/Library/Application Support/MiKTeX/texmfs/install/tex/late
x/etoolbox/etoolbox.sty
(/Users/avishekanand/Library/Application Support/MiKTeX/texmfs/install/tex/late
x/etoolbox/etoolbox.sty))))
(/Users/avishekanand/Library/Application Support/MiKTeX/texmfs/install/tex/late
x/beamer/beamerbasedecode.sty
(/Users/avishekanand/Library/Application Support/MiKTeX/texmfs/install/tex/late
x/beamer/beamerbasedecode.sty
(/Users/avishekanand/Library/Application Support/MiKTeX/texmfs/install/tex/late
x/beamer/beamerbasedecode.sty
(/Users/avishekanand/Library/Application Support/MiKTeX/texmfs/install/tex/late
x/beamer/beamerbasedecode.sty))))))))
(/Users/avishekanand/Library/Application Support/MiKTeX/texmfs/install/tex/gene
ric/iftex/iftex.sty
(/Users/avishekanand/Library/Application Support/MiKTeX/texmfs/install/tex/gene
ric/iftex/iftex.sty
(/Users/avishekanand/Library/Application Support/MiKTeX/texmfs/install/tex/gene
ric/iftex/iftex.sty
(/Users/avishekanand/Library/Application Support/MiKTeX/texmfs/install/tex/gene
ric/iftex/iftex.sty))))
(/Users/avishekanand/Library/Application Support/MiKTeX/texmfs/install/tex/late
x/beamer/beamerbaseoptions.sty
(/Users/avishekanand/Library/Application Support/MiKTeX/texmfs/install/tex/late
x/beamer/beamerbaseoptions.sty
(/Users/avishekanand/Library/Application Support/MiKTeX/texmfs/install/tex/late
x/beamer/beamerbaseoptions.sty
(/Users/avishekanand/Library/Application Support/MiKTeX/texmfs/install/tex/late
x/beamer/beamerbaseoptions.sty
(/Users/avishekanand/Library/Application Support/MiKTeX/texmfs/install/tex/late
x/graphics/keyval.sty
(/Users/avishekanand/Library/Application Support/MiKTeX/texmfs/install/tex/late
x/graphics/keyval.sty
(/Users/avishekanand/Library/Application Support/MiKTeX/texmfs/install/tex/late
x/graphics/keyval.sty
(/Users/avishekanand/Library/Application Support/MiKTeX/texmfs/install/tex/late
x/graphics/keyval.sty))))))))
(/Users/avishekanand/Library/Application Support/MiKTeX/texmfs/install/tex/late
x/geometry/geometry.sty
(/Users/avishekanand/Library/Application Support/MiKTeX/texmfs/install/tex/late
x/geometry/geometry.sty
(/Users/avishekanand/Library/Application Support/MiKTeX/texmfs/install/tex/late
x/geometry/geometry.sty
(/Users/avishekanand/Library/Application Support/MiKTeX/texmfs/install/tex/late
x/geometry/geometry.sty
(/Users/avishekanand/Library/Application Support/MiKTeX/texmfs/install/tex/gene
ric/iftex/ifvtex.sty
(/Users/avishekanand/Library/Application Support/MiKTeX/texmfs/install/tex/gene
ric/iftex/ifvtex.sty
(/Users/avishekanand/Library/Application Support/MiKTeX/texmfs/install/tex/gene
ric/iftex/ifvtex.sty
(/Users/avishekanand/Library/Application Support/MiKTeX/texmfs/install/tex/gene
ric/iftex/ifvtex.sty))))
(/Users/avishekanand/Library/Application Support/MiKTeX/texmfs/install/tex/late
x/geometry/geometry.cfg
(/Users/avishekanand/Library/Application Support/MiKTeX/texmfs/install/tex/late
x/geometry/geometry.cfg
(/Users/avishekanand/Library/Application Support/MiKTeX/texmfs/install/tex/late
x/geometry/geometry.cfg
(/Users/avishekanand/Library/Application Support/MiKTeX/texmfs/install/tex/late
x/geometry/geometry.cfg))))))))
(/Users/avishekanand/Library/Application Support/MiKTeX/texmfs/install/tex/late
x/pgf/math/pgfmath.sty
(/Users/avishekanand/Library/Application Support/MiKTeX/texmfs/install/tex/late
x/pgf/math/pgfmath.sty
(/Users/avishekanand/Library/Application Support/MiKTeX/texmfs/install/tex/late
x/pgf/math/pgfmath.sty
(/Users/avishekanand/Library/Application Support/MiKTeX/texmfs/install/tex/late
x/pgf/math/pgfmath.sty
(/Users/avishekanand/Library/Application Support/MiKTeX/texmfs/install/tex/late
x/pgf/utilities/pgfrcs.sty
(/Users/avishekanand/Library/Application Support/MiKTeX/texmfs/install/tex/late
x/pgf/utilities/pgfrcs.sty
(/Users/avishekanand/Library/Application Support/MiKTeX/texmfs/install/tex/late
x/pgf/utilities/pgfrcs.sty
(/Users/avishekanand/Library/Application Support/MiKTeX/texmfs/install/tex/late
x/pgf/utilities/pgfrcs.sty
(/Users/avishekanand/Library/Application Support/MiKTeX/texmfs/install/tex/gene
ric/pgf/utilities/pgfutil-common.tex
(/Users/avishekanand/Library/Application Support/MiKTeX/texmfs/install/tex/gene
ric/pgf/utilities/pgfutil-common.tex
(/Users/avishekanand/Library/Application Support/MiKTeX/texmfs/install/tex/gene
ric/pgf/utilities/pgfutil-common.tex
(/Users/avishekanand/Library/Application Support/MiKTeX/texmfs/install/tex/gene
ric/pgf/utilities/pgfutil-common.tex))))
(/Users/avishekanand/Library/Application Support/MiKTeX/texmfs/install/tex/gene
ric/pgf/utilities/pgfutil-latex.def
(/Users/avishekanand/Library/Application Support/MiKTeX/texmfs/install/tex/gene
ric/pgf/utilities/pgfutil-latex.def
(/Users/avishekanand/Library/Application Support/MiKTeX/texmfs/install/tex/gene
ric/pgf/utilities/pgfutil-latex.def
(/Users/avishekanand/Library/Application Support/MiKTeX/texmfs/install/tex/gene
ric/pgf/utilities/pgfutil-latex.def))))
(/Users/avishekanand/Library/Application Support/MiKTeX/texmfs/install/tex/gene
ric/pgf/utilities/pgfrcs.code.tex
(/Users/avishekanand/Library/Application Support/MiKTeX/texmfs/install/tex/gene
ric/pgf/utilities/pgfrcs.code.tex
(/Users/avishekanand/Library/Application Support/MiKTeX/texmfs/install/tex/gene
ric/pgf/utilities/pgfrcs.code.tex
(/Users/avishekanand/Library/Application Support/MiKTeX/texmfs/install/tex/gene
ric/pgf/utilities/pgfrcs.code.tex
(/Users/avishekanand/Library/Application Support/MiKTeX/texmfs/install/tex/gene
ric/pgf/pgf.revision.tex)
(/Users/avishekanand/Library/Application Support/MiKTeX/texmfs/install/tex/gene
ric/pgf/pgf.revision.tex
(/Users/avishekanand/Library/Application Support/MiKTeX/texmfs/install/tex/gene
ric/pgf/pgf.revision.tex)
(/Users/avishekanand/Library/Application Support/MiKTeX/texmfs/install/tex/gene
ric/pgf/pgf.revision.tex))))))))))
(/Users/avishekanand/Library/Application Support/MiKTeX/texmfs/install/tex/late
x/pgf/utilities/pgfkeys.sty
(/Users/avishekanand/Library/Application Support/MiKTeX/texmfs/install/tex/late
x/pgf/utilities/pgfkeys.sty
(/Users/avishekanand/Library/Application Support/MiKTeX/texmfs/install/tex/late
x/pgf/utilities/pgfkeys.sty
(/Users/avishekanand/Library/Application Support/MiKTeX/texmfs/install/tex/late
x/pgf/utilities/pgfkeys.sty
(/Users/avishekanand/Library/Application Support/MiKTeX/texmfs/install/tex/gene
ric/pgf/utilities/pgfkeys.code.tex
(/Users/avishekanand/Library/Application Support/MiKTeX/texmfs/install/tex/gene
ric/pgf/utilities/pgfkeys.code.tex
(/Users/avishekanand/Library/Application Support/MiKTeX/texmfs/install/tex/gene
ric/pgf/utilities/pgfkeys.code.tex
(/Users/avishekanand/Library/Application Support/MiKTeX/texmfs/install/tex/gene
ric/pgf/utilities/pgfkeys.code.tex
(/Users/avishekanand/Library/Application Support/MiKTeX/texmfs/install/tex/gene
ric/pgf/utilities/pgfkeyslibraryfiltered.code.tex
(/Users/avishekanand/Library/Application Support/MiKTeX/texmfs/install/tex/gene
ric/pgf/utilities/pgfkeyslibraryfiltered.code.tex
(/Users/avishekanand/Library/Application Support/MiKTeX/texmfs/install/tex/gene
ric/pgf/utilities/pgfkeyslibraryfiltered.code.tex
(/Users/avishekanand/Library/Application Support/MiKTeX/texmfs/install/tex/gene
ric/pgf/utilities/pgfkeyslibraryfiltered.code.tex))))))))))))
(/Users/avishekanand/Library/Application Support/MiKTeX/texmfs/install/tex/gene
ric/pgf/math/pgfmath.code.tex
(/Users/avishekanand/Library/Application Support/MiKTeX/texmfs/install/tex/gene
ric/pgf/math/pgfmath.code.tex
(/Users/avishekanand/Library/Application Support/MiKTeX/texmfs/install/tex/gene
ric/pgf/math/pgfmath.code.tex
(/Users/avishekanand/Library/Application Support/MiKTeX/texmfs/install/tex/gene
ric/pgf/math/pgfmath.code.tex
(/Users/avishekanand/Library/Application Support/MiKTeX/texmfs/install/tex/gene
ric/pgf/math/pgfmathutil.code.tex
(/Users/avishekanand/Library/Application Support/MiKTeX/texmfs/install/tex/gene
ric/pgf/math/pgfmathutil.code.tex
(/Users/avishekanand/Library/Application Support/MiKTeX/texmfs/install/tex/gene
ric/pgf/math/pgfmathutil.code.tex
(/Users/avishekanand/Library/Application Support/MiKTeX/texmfs/install/tex/gene
ric/pgf/math/pgfmathutil.code.tex))))
(/Users/avishekanand/Library/Application Support/MiKTeX/texmfs/install/tex/gene
ric/pgf/math/pgfmathparser.code.tex
(/Users/avishekanand/Library/Application Support/MiKTeX/texmfs/install/tex/gene
ric/pgf/math/pgfmathparser.code.tex
(/Users/avishekanand/Library/Application Support/MiKTeX/texmfs/install/tex/gene
ric/pgf/math/pgfmathparser.code.tex
(/Users/avishekanand/Library/Application Support/MiKTeX/texmfs/install/tex/gene
ric/pgf/math/pgfmathparser.code.tex))))
(/Users/avishekanand/Library/Application Support/MiKTeX/texmfs/install/tex/gene
ric/pgf/math/pgfmathfunctions.code.tex
(/Users/avishekanand/Library/Application Support/MiKTeX/texmfs/install/tex/gene
ric/pgf/math/pgfmathfunctions.code.tex
(/Users/avishekanand/Library/Application Support/MiKTeX/texmfs/install/tex/gene
ric/pgf/math/pgfmathfunctions.code.tex
(/Users/avishekanand/Library/Application Support/MiKTeX/texmfs/install/tex/gene
ric/pgf/math/pgfmathfunctions.code.tex))))
(/Users/avishekanand/Library/Application Support/MiKTeX/texmfs/install/tex/gene
ric/pgf/math/pgfmathfunctions.basic.code.tex
(/Users/avishekanand/Library/Application Support/MiKTeX/texmfs/install/tex/gene
ric/pgf/math/pgfmathfunctions.basic.code.tex
(/Users/avishekanand/Library/Application Support/MiKTeX/texmfs/install/tex/gene
ric/pgf/math/pgfmathfunctions.basic.code.tex
(/Users/avishekanand/Library/Application Support/MiKTeX/texmfs/install/tex/gene
ric/pgf/math/pgfmathfunctions.basic.code.tex))))
(/Users/avishekanand/Library/Application Support/MiKTeX/texmfs/install/tex/gene
ric/pgf/math/pgfmathfunctions.trigonometric.code.tex
(/Users/avishekanand/Library/Application Support/MiKTeX/texmfs/install/tex/gene
ric/pgf/math/pgfmathfunctions.trigonometric.code.tex
(/Users/avishekanand/Library/Application Support/MiKTeX/texmfs/install/tex/gene
ric/pgf/math/pgfmathfunctions.trigonometric.code.tex
(/Users/avishekanand/Library/Application Support/MiKTeX/texmfs/install/tex/gene
ric/pgf/math/pgfmathfunctions.trigonometric.code.tex))))
(/Users/avishekanand/Library/Application Support/MiKTeX/texmfs/install/tex/gene
ric/pgf/math/pgfmathfunctions.random.code.tex
(/Users/avishekanand/Library/Application Support/MiKTeX/texmfs/install/tex/gene
ric/pgf/math/pgfmathfunctions.random.code.tex
(/Users/avishekanand/Library/Application Support/MiKTeX/texmfs/install/tex/gene
ric/pgf/math/pgfmathfunctions.random.code.tex
(/Users/avishekanand/Library/Application Support/MiKTeX/texmfs/install/tex/gene
ric/pgf/math/pgfmathfunctions.random.code.tex))))
(/Users/avishekanand/Library/Application Support/MiKTeX/texmfs/install/tex/gene
ric/pgf/math/pgfmathfunctions.comparison.code.tex
(/Users/avishekanand/Library/Application Support/MiKTeX/texmfs/install/tex/gene
ric/pgf/math/pgfmathfunctions.comparison.code.tex
(/Users/avishekanand/Library/Application Support/MiKTeX/texmfs/install/tex/gene
ric/pgf/math/pgfmathfunctions.comparison.code.tex
(/Users/avishekanand/Library/Application Support/MiKTeX/texmfs/install/tex/gene
ric/pgf/math/pgfmathfunctions.comparison.code.tex))))
(/Users/avishekanand/Library/Application Support/MiKTeX/texmfs/install/tex/gene
ric/pgf/math/pgfmathfunctions.base.code.tex
(/Users/avishekanand/Library/Application Support/MiKTeX/texmfs/install/tex/gene
ric/pgf/math/pgfmathfunctions.base.code.tex
(/Users/avishekanand/Library/Application Support/MiKTeX/texmfs/install/tex/gene
ric/pgf/math/pgfmathfunctions.base.code.tex
(/Users/avishekanand/Library/Application Support/MiKTeX/texmfs/install/tex/gene
ric/pgf/math/pgfmathfunctions.base.code.tex))))
(/Users/avishekanand/Library/Application Support/MiKTeX/texmfs/install/tex/gene
ric/pgf/math/pgfmathfunctions.round.code.tex
(/Users/avishekanand/Library/Application Support/MiKTeX/texmfs/install/tex/gene
ric/pgf/math/pgfmathfunctions.round.code.tex
(/Users/avishekanand/Library/Application Support/MiKTeX/texmfs/install/tex/gene
ric/pgf/math/pgfmathfunctions.round.code.tex
(/Users/avishekanand/Library/Application Support/MiKTeX/texmfs/install/tex/gene
ric/pgf/math/pgfmathfunctions.round.code.tex))))
(/Users/avishekanand/Library/Application Support/MiKTeX/texmfs/install/tex/gene
ric/pgf/math/pgfmathfunctions.misc.code.tex
(/Users/avishekanand/Library/Application Support/MiKTeX/texmfs/install/tex/gene
ric/pgf/math/pgfmathfunctions.misc.code.tex
(/Users/avishekanand/Library/Application Support/MiKTeX/texmfs/install/tex/gene
ric/pgf/math/pgfmathfunctions.misc.code.tex
(/Users/avishekanand/Library/Application Support/MiKTeX/texmfs/install/tex/gene
ric/pgf/math/pgfmathfunctions.misc.code.tex))))
(/Users/avishekanand/Library/Application Support/MiKTeX/texmfs/install/tex/gene
ric/pgf/math/pgfmathfunctions.integerarithmetics.code.tex
(/Users/avishekanand/Library/Application Support/MiKTeX/texmfs/install/tex/gene
ric/pgf/math/pgfmathfunctions.integerarithmetics.code.tex
(/Users/avishekanand/Library/Application Support/MiKTeX/texmfs/install/tex/gene
ric/pgf/math/pgfmathfunctions.integerarithmetics.code.tex
(/Users/avishekanand/Library/Application Support/MiKTeX/texmfs/install/tex/gene
ric/pgf/math/pgfmathfunctions.integerarithmetics.code.tex))))
(/Users/avishekanand/Library/Application Support/MiKTeX/texmfs/install/tex/gene
ric/pgf/math/pgfmathcalc.code.tex
(/Users/avishekanand/Library/Application Support/MiKTeX/texmfs/install/tex/gene
ric/pgf/math/pgfmathcalc.code.tex
(/Users/avishekanand/Library/Application Support/MiKTeX/texmfs/install/tex/gene
ric/pgf/math/pgfmathcalc.code.tex
(/Users/avishekanand/Library/Application Support/MiKTeX/texmfs/install/tex/gene
ric/pgf/math/pgfmathcalc.code.tex))))
(/Users/avishekanand/Library/Application Support/MiKTeX/texmfs/install/tex/gene
ric/pgf/math/pgfmathfloat.code.tex
(/Users/avishekanand/Library/Application Support/MiKTeX/texmfs/install/tex/gene
ric/pgf/math/pgfmathfloat.code.tex
(/Users/avishekanand/Library/Application Support/MiKTeX/texmfs/install/tex/gene
ric/pgf/math/pgfmathfloat.code.tex
(/Users/avishekanand/Library/Application Support/MiKTeX/texmfs/install/tex/gene
ric/pgf/math/pgfmathfloat.code.tex))))))))))))
(/Users/avishekanand/Library/Application Support/MiKTeX/texmfs/install/tex/late
x/base/size11.clo
(/Users/avishekanand/Library/Application Support/MiKTeX/texmfs/install/tex/late
x/base/size11.clo
(/Users/avishekanand/Library/Application Support/MiKTeX/texmfs/install/tex/late
x/base/size11.clo
(/Users/avishekanand/Library/Application Support/MiKTeX/texmfs/install/tex/late
x/base/size11.clo))))
(/Users/avishekanand/Library/Application Support/MiKTeX/texmfs/install/tex/late
x/pgf/basiclayer/pgfcore.sty
(/Users/avishekanand/Library/Application Support/MiKTeX/texmfs/install/tex/late
x/pgf/basiclayer/pgfcore.sty
(/Users/avishekanand/Library/Application Support/MiKTeX/texmfs/install/tex/late
x/pgf/basiclayer/pgfcore.sty
(/Users/avishekanand/Library/Application Support/MiKTeX/texmfs/install/tex/late
x/pgf/basiclayer/pgfcore.sty
(/Users/avishekanand/Library/Application Support/MiKTeX/texmfs/install/tex/late
x/graphics/graphicx.sty
(/Users/avishekanand/Library/Application Support/MiKTeX/texmfs/install/tex/late
x/graphics/graphicx.sty
(/Users/avishekanand/Library/Application Support/MiKTeX/texmfs/install/tex/late
x/graphics/graphicx.sty
(/Users/avishekanand/Library/Application Support/MiKTeX/texmfs/install/tex/late
x/graphics/graphicx.sty
(/Users/avishekanand/Library/Application Support/MiKTeX/texmfs/install/tex/late
x/graphics/graphics.sty
(/Users/avishekanand/Library/Application Support/MiKTeX/texmfs/install/tex/late
x/graphics/graphics.sty
(/Users/avishekanand/Library/Application Support/MiKTeX/texmfs/install/tex/late
x/graphics/graphics.sty
(/Users/avishekanand/Library/Application Support/MiKTeX/texmfs/install/tex/late
x/graphics/graphics.sty
(/Users/avishekanand/Library/Application Support/MiKTeX/texmfs/install/tex/late
x/graphics/trig.sty
(/Users/avishekanand/Library/Application Support/MiKTeX/texmfs/install/tex/late
x/graphics/trig.sty
(/Users/avishekanand/Library/Application Support/MiKTeX/texmfs/install/tex/late
x/graphics/trig.sty
(/Users/avishekanand/Library/Application Support/MiKTeX/texmfs/install/tex/late
x/graphics/trig.sty))))
(/Users/avishekanand/Library/Application Support/MiKTeX/texmfs/install/tex/late
x/graphics-cfg/graphics.cfg
(/Users/avishekanand/Library/Application Support/MiKTeX/texmfs/install/tex/late
x/graphics-cfg/graphics.cfg
(/Users/avishekanand/Library/Application Support/MiKTeX/texmfs/install/tex/late
x/graphics-cfg/graphics.cfg
(/Users/avishekanand/Library/Application Support/MiKTeX/texmfs/install/tex/late
x/graphics-cfg/graphics.cfg))))
(/Users/avishekanand/Library/Application Support/MiKTeX/texmfs/install/tex/late
x/graphics-def/pdftex.def
(/Users/avishekanand/Library/Application Support/MiKTeX/texmfs/install/tex/late
x/graphics-def/pdftex.def
(/Users/avishekanand/Library/Application Support/MiKTeX/texmfs/install/tex/late
x/graphics-def/pdftex.def
(/Users/avishekanand/Library/Application Support/MiKTeX/texmfs/install/tex/late
x/graphics-def/pdftex.def))))))))))))
(/Users/avishekanand/Library/Application Support/MiKTeX/texmfs/install/tex/late
x/pgf/systemlayer/pgfsys.sty
(/Users/avishekanand/Library/Application Support/MiKTeX/texmfs/install/tex/late
x/pgf/systemlayer/pgfsys.sty
(/Users/avishekanand/Library/Application Support/MiKTeX/texmfs/install/tex/late
x/pgf/systemlayer/pgfsys.sty
(/Users/avishekanand/Library/Application Support/MiKTeX/texmfs/install/tex/late
x/pgf/systemlayer/pgfsys.sty
(/Users/avishekanand/Library/Application Support/MiKTeX/texmfs/install/tex/gene
ric/pgf/systemlayer/pgfsys.code.tex
(/Users/avishekanand/Library/Application Support/MiKTeX/texmfs/install/tex/gene
ric/pgf/systemlayer/pgfsys.code.tex
(/Users/avishekanand/Library/Application Support/MiKTeX/texmfs/install/tex/gene
ric/pgf/systemlayer/pgfsys.code.tex
(/Users/avishekanand/Library/Application Support/MiKTeX/texmfs/install/tex/gene
ric/pgf/systemlayer/pgfsys.code.tex
(/Users/avishekanand/Library/Application Support/MiKTeX/texmfs/install/tex/gene
ric/pgf/systemlayer/pgf.cfg
(/Users/avishekanand/Library/Application Support/MiKTeX/texmfs/install/tex/gene
ric/pgf/systemlayer/pgf.cfg
(/Users/avishekanand/Library/Application Support/MiKTeX/texmfs/install/tex/gene
ric/pgf/systemlayer/pgf.cfg
(/Users/avishekanand/Library/Application Support/MiKTeX/texmfs/install/tex/gene
ric/pgf/systemlayer/pgf.cfg))))
(/Users/avishekanand/Library/Application Support/MiKTeX/texmfs/install/tex/gene
ric/pgf/systemlayer/pgfsys-pdftex.def
(/Users/avishekanand/Library/Application Support/MiKTeX/texmfs/install/tex/gene
ric/pgf/systemlayer/pgfsys-pdftex.def
(/Users/avishekanand/Library/Application Support/MiKTeX/texmfs/install/tex/gene
ric/pgf/systemlayer/pgfsys-pdftex.def
(/Users/avishekanand/Library/Application Support/MiKTeX/texmfs/install/tex/gene
ric/pgf/systemlayer/pgfsys-pdftex.def
(/Users/avishekanand/Library/Application Support/MiKTeX/texmfs/install/tex/gene
ric/pgf/systemlayer/pgfsys-common-pdf.def
(/Users/avishekanand/Library/Application Support/MiKTeX/texmfs/install/tex/gene
ric/pgf/systemlayer/pgfsys-common-pdf.def
(/Users/avishekanand/Library/Application Support/MiKTeX/texmfs/install/tex/gene
ric/pgf/systemlayer/pgfsys-common-pdf.def
(/Users/avishekanand/Library/Application Support/MiKTeX/texmfs/install/tex/gene
ric/pgf/systemlayer/pgfsys-common-pdf.def))))))))))))
(/Users/avishekanand/Library/Application Support/MiKTeX/texmfs/install/tex/gene
ric/pgf/systemlayer/pgfsyssoftpath.code.tex
(/Users/avishekanand/Library/Application Support/MiKTeX/texmfs/install/tex/gene
ric/pgf/systemlayer/pgfsyssoftpath.code.tex
(/Users/avishekanand/Library/Application Support/MiKTeX/texmfs/install/tex/gene
ric/pgf/systemlayer/pgfsyssoftpath.code.tex
(/Users/avishekanand/Library/Application Support/MiKTeX/texmfs/install/tex/gene
ric/pgf/systemlayer/pgfsyssoftpath.code.tex))))
(/Users/avishekanand/Library/Application Support/MiKTeX/texmfs/install/tex/gene
ric/pgf/systemlayer/pgfsysprotocol.code.tex
(/Users/avishekanand/Library/Application Support/MiKTeX/texmfs/install/tex/gene
ric/pgf/systemlayer/pgfsysprotocol.code.tex
(/Users/avishekanand/Library/Application Support/MiKTeX/texmfs/install/tex/gene
ric/pgf/systemlayer/pgfsysprotocol.code.tex
(/Users/avishekanand/Library/Application Support/MiKTeX/texmfs/install/tex/gene
ric/pgf/systemlayer/pgfsysprotocol.code.tex))))))))
(/Users/avishekanand/Library/Application Support/MiKTeX/texmfs/install/tex/late
x/xcolor/xcolor.sty
(/Users/avishekanand/Library/Application Support/MiKTeX/texmfs/install/tex/late
x/xcolor/xcolor.sty
(/Users/avishekanand/Library/Application Support/MiKTeX/texmfs/install/tex/late
x/xcolor/xcolor.sty
(/Users/avishekanand/Library/Application Support/MiKTeX/texmfs/install/tex/late
x/xcolor/xcolor.sty
(/Users/avishekanand/Library/Application Support/MiKTeX/texmfs/install/tex/late
x/graphics-cfg/color.cfg
(/Users/avishekanand/Library/Application Support/MiKTeX/texmfs/install/tex/late
x/graphics-cfg/color.cfg
(/Users/avishekanand/Library/Application Support/MiKTeX/texmfs/install/tex/late
x/graphics-cfg/color.cfg
(/Users/avishekanand/Library/Application Support/MiKTeX/texmfs/install/tex/late
x/graphics-cfg/color.cfg))))
(/Users/avishekanand/Library/Application Support/MiKTeX/texmfs/install/tex/late
x/graphics/mathcolor.ltx
(/Users/avishekanand/Library/Application Support/MiKTeX/texmfs/install/tex/late
x/graphics/mathcolor.ltx
(/Users/avishekanand/Library/Application Support/MiKTeX/texmfs/install/tex/late
x/graphics/mathcolor.ltx
(/Users/avishekanand/Library/Application Support/MiKTeX/texmfs/install/tex/late
x/graphics/mathcolor.ltx))))))))
(/Users/avishekanand/Library/Application Support/MiKTeX/texmfs/install/tex/gene
ric/pgf/basiclayer/pgfcore.code.tex
(/Users/avishekanand/Library/Application Support/MiKTeX/texmfs/install/tex/gene
ric/pgf/basiclayer/pgfcore.code.tex
(/Users/avishekanand/Library/Application Support/MiKTeX/texmfs/install/tex/gene
ric/pgf/basiclayer/pgfcore.code.tex
(/Users/avishekanand/Library/Application Support/MiKTeX/texmfs/install/tex/gene
ric/pgf/basiclayer/pgfcore.code.tex
(/Users/avishekanand/Library/Application Support/MiKTeX/texmfs/install/tex/gene
ric/pgf/math/pgfint.code.tex
(/Users/avishekanand/Library/Application Support/MiKTeX/texmfs/install/tex/gene
ric/pgf/math/pgfint.code.tex
(/Users/avishekanand/Library/Application Support/MiKTeX/texmfs/install/tex/gene
ric/pgf/math/pgfint.code.tex
(/Users/avishekanand/Library/Application Support/MiKTeX/texmfs/install/tex/gene
ric/pgf/math/pgfint.code.tex))))
(/Users/avishekanand/Library/Application Support/MiKTeX/texmfs/install/tex/gene
ric/pgf/basiclayer/pgfcorepoints.code.tex
(/Users/avishekanand/Library/Application Support/MiKTeX/texmfs/install/tex/gene
ric/pgf/basiclayer/pgfcorepoints.code.tex
(/Users/avishekanand/Library/Application Support/MiKTeX/texmfs/install/tex/gene
ric/pgf/basiclayer/pgfcorepoints.code.tex
(/Users/avishekanand/Library/Application Support/MiKTeX/texmfs/install/tex/gene
ric/pgf/basiclayer/pgfcorepoints.code.tex))))
(/Users/avishekanand/Library/Application Support/MiKTeX/texmfs/install/tex/gene
ric/pgf/basiclayer/pgfcorepathconstruct.code.tex
(/Users/avishekanand/Library/Application Support/MiKTeX/texmfs/install/tex/gene
ric/pgf/basiclayer/pgfcorepathconstruct.code.tex
(/Users/avishekanand/Library/Application Support/MiKTeX/texmfs/install/tex/gene
ric/pgf/basiclayer/pgfcorepathconstruct.code.tex
(/Users/avishekanand/Library/Application Support/MiKTeX/texmfs/install/tex/gene
ric/pgf/basiclayer/pgfcorepathconstruct.code.tex))))
(/Users/avishekanand/Library/Application Support/MiKTeX/texmfs/install/tex/gene
ric/pgf/basiclayer/pgfcorepathusage.code.tex
(/Users/avishekanand/Library/Application Support/MiKTeX/texmfs/install/tex/gene
ric/pgf/basiclayer/pgfcorepathusage.code.tex
(/Users/avishekanand/Library/Application Support/MiKTeX/texmfs/install/tex/gene
ric/pgf/basiclayer/pgfcorepathusage.code.tex
(/Users/avishekanand/Library/Application Support/MiKTeX/texmfs/install/tex/gene
ric/pgf/basiclayer/pgfcorepathusage.code.tex))))
(/Users/avishekanand/Library/Application Support/MiKTeX/texmfs/install/tex/gene
ric/pgf/basiclayer/pgfcorescopes.code.tex
(/Users/avishekanand/Library/Application Support/MiKTeX/texmfs/install/tex/gene
ric/pgf/basiclayer/pgfcorescopes.code.tex
(/Users/avishekanand/Library/Application Support/MiKTeX/texmfs/install/tex/gene
ric/pgf/basiclayer/pgfcorescopes.code.tex
(/Users/avishekanand/Library/Application Support/MiKTeX/texmfs/install/tex/gene
ric/pgf/basiclayer/pgfcorescopes.code.tex))))
(/Users/avishekanand/Library/Application Support/MiKTeX/texmfs/install/tex/gene
ric/pgf/basiclayer/pgfcoregraphicstate.code.tex
(/Users/avishekanand/Library/Application Support/MiKTeX/texmfs/install/tex/gene
ric/pgf/basiclayer/pgfcoregraphicstate.code.tex
(/Users/avishekanand/Library/Application Support/MiKTeX/texmfs/install/tex/gene
ric/pgf/basiclayer/pgfcoregraphicstate.code.tex
(/Users/avishekanand/Library/Application Support/MiKTeX/texmfs/install/tex/gene
ric/pgf/basiclayer/pgfcoregraphicstate.code.tex))))
(/Users/avishekanand/Library/Application Support/MiKTeX/texmfs/install/tex/gene
ric/pgf/basiclayer/pgfcoretransformations.code.tex
(/Users/avishekanand/Library/Application Support/MiKTeX/texmfs/install/tex/gene
ric/pgf/basiclayer/pgfcoretransformations.code.tex
(/Users/avishekanand/Library/Application Support/MiKTeX/texmfs/install/tex/gene
ric/pgf/basiclayer/pgfcoretransformations.code.tex
(/Users/avishekanand/Library/Application Support/MiKTeX/texmfs/install/tex/gene
ric/pgf/basiclayer/pgfcoretransformations.code.tex))))
(/Users/avishekanand/Library/Application Support/MiKTeX/texmfs/install/tex/gene
ric/pgf/basiclayer/pgfcorequick.code.tex
(/Users/avishekanand/Library/Application Support/MiKTeX/texmfs/install/tex/gene
ric/pgf/basiclayer/pgfcorequick.code.tex
(/Users/avishekanand/Library/Application Support/MiKTeX/texmfs/install/tex/gene
ric/pgf/basiclayer/pgfcorequick.code.tex
(/Users/avishekanand/Library/Application Support/MiKTeX/texmfs/install/tex/gene
ric/pgf/basiclayer/pgfcorequick.code.tex))))
(/Users/avishekanand/Library/Application Support/MiKTeX/texmfs/install/tex/gene
ric/pgf/basiclayer/pgfcoreobjects.code.tex
(/Users/avishekanand/Library/Application Support/MiKTeX/texmfs/install/tex/gene
ric/pgf/basiclayer/pgfcoreobjects.code.tex
(/Users/avishekanand/Library/Application Support/MiKTeX/texmfs/install/tex/gene
ric/pgf/basiclayer/pgfcoreobjects.code.tex
(/Users/avishekanand/Library/Application Support/MiKTeX/texmfs/install/tex/gene
ric/pgf/basiclayer/pgfcoreobjects.code.tex))))
(/Users/avishekanand/Library/Application Support/MiKTeX/texmfs/install/tex/gene
ric/pgf/basiclayer/pgfcorepathprocessing.code.tex
(/Users/avishekanand/Library/Application Support/MiKTeX/texmfs/install/tex/gene
ric/pgf/basiclayer/pgfcorepathprocessing.code.tex
(/Users/avishekanand/Library/Application Support/MiKTeX/texmfs/install/tex/gene
ric/pgf/basiclayer/pgfcorepathprocessing.code.tex
(/Users/avishekanand/Library/Application Support/MiKTeX/texmfs/install/tex/gene
ric/pgf/basiclayer/pgfcorepathprocessing.code.tex))))
(/Users/avishekanand/Library/Application Support/MiKTeX/texmfs/install/tex/gene
ric/pgf/basiclayer/pgfcorearrows.code.tex
(/Users/avishekanand/Library/Application Support/MiKTeX/texmfs/install/tex/gene
ric/pgf/basiclayer/pgfcorearrows.code.tex
(/Users/avishekanand/Library/Application Support/MiKTeX/texmfs/install/tex/gene
ric/pgf/basiclayer/pgfcorearrows.code.tex
(/Users/avishekanand/Library/Application Support/MiKTeX/texmfs/install/tex/gene
ric/pgf/basiclayer/pgfcorearrows.code.tex))))
(/Users/avishekanand/Library/Application Support/MiKTeX/texmfs/install/tex/gene
ric/pgf/basiclayer/pgfcoreshade.code.tex
(/Users/avishekanand/Library/Application Support/MiKTeX/texmfs/install/tex/gene
ric/pgf/basiclayer/pgfcoreshade.code.tex
(/Users/avishekanand/Library/Application Support/MiKTeX/texmfs/install/tex/gene
ric/pgf/basiclayer/pgfcoreshade.code.tex
(/Users/avishekanand/Library/Application Support/MiKTeX/texmfs/install/tex/gene
ric/pgf/basiclayer/pgfcoreshade.code.tex))))
(/Users/avishekanand/Library/Application Support/MiKTeX/texmfs/install/tex/gene
ric/pgf/basiclayer/pgfcoreimage.code.tex
(/Users/avishekanand/Library/Application Support/MiKTeX/texmfs/install/tex/gene
ric/pgf/basiclayer/pgfcoreimage.code.tex
(/Users/avishekanand/Library/Application Support/MiKTeX/texmfs/install/tex/gene
ric/pgf/basiclayer/pgfcoreimage.code.tex
(/Users/avishekanand/Library/Application Support/MiKTeX/texmfs/install/tex/gene
ric/pgf/basiclayer/pgfcoreimage.code.tex))))
(/Users/avishekanand/Library/Application Support/MiKTeX/texmfs/install/tex/gene
ric/pgf/basiclayer/pgfcoreexternal.code.tex
(/Users/avishekanand/Library/Application Support/MiKTeX/texmfs/install/tex/gene
ric/pgf/basiclayer/pgfcoreexternal.code.tex
(/Users/avishekanand/Library/Application Support/MiKTeX/texmfs/install/tex/gene
ric/pgf/basiclayer/pgfcoreexternal.code.tex
(/Users/avishekanand/Library/Application Support/MiKTeX/texmfs/install/tex/gene
ric/pgf/basiclayer/pgfcoreexternal.code.tex))))
(/Users/avishekanand/Library/Application Support/MiKTeX/texmfs/install/tex/gene
ric/pgf/basiclayer/pgfcorelayers.code.tex
(/Users/avishekanand/Library/Application Support/MiKTeX/texmfs/install/tex/gene
ric/pgf/basiclayer/pgfcorelayers.code.tex
(/Users/avishekanand/Library/Application Support/MiKTeX/texmfs/install/tex/gene
ric/pgf/basiclayer/pgfcorelayers.code.tex
(/Users/avishekanand/Library/Application Support/MiKTeX/texmfs/install/tex/gene
ric/pgf/basiclayer/pgfcorelayers.code.tex))))
(/Users/avishekanand/Library/Application Support/MiKTeX/texmfs/install/tex/gene
ric/pgf/basiclayer/pgfcoretransparency.code.tex
(/Users/avishekanand/Library/Application Support/MiKTeX/texmfs/install/tex/gene
ric/pgf/basiclayer/pgfcoretransparency.code.tex
(/Users/avishekanand/Library/Application Support/MiKTeX/texmfs/install/tex/gene
ric/pgf/basiclayer/pgfcoretransparency.code.tex
(/Users/avishekanand/Library/Application Support/MiKTeX/texmfs/install/tex/gene
ric/pgf/basiclayer/pgfcoretransparency.code.tex))))
(/Users/avishekanand/Library/Application Support/MiKTeX/texmfs/install/tex/gene
ric/pgf/basiclayer/pgfcorepatterns.code.tex
(/Users/avishekanand/Library/Application Support/MiKTeX/texmfs/install/tex/gene
ric/pgf/basiclayer/pgfcorepatterns.code.tex
(/Users/avishekanand/Library/Application Support/MiKTeX/texmfs/install/tex/gene
ric/pgf/basiclayer/pgfcorepatterns.code.tex
(/Users/avishekanand/Library/Application Support/MiKTeX/texmfs/install/tex/gene
ric/pgf/basiclayer/pgfcorepatterns.code.tex))))
(/Users/avishekanand/Library/Application Support/MiKTeX/texmfs/install/tex/gene
ric/pgf/basiclayer/pgfcorerdf.code.tex
(/Users/avishekanand/Library/Application Support/MiKTeX/texmfs/install/tex/gene
ric/pgf/basiclayer/pgfcorerdf.code.tex
(/Users/avishekanand/Library/Application Support/MiKTeX/texmfs/install/tex/gene
ric/pgf/basiclayer/pgfcorerdf.code.tex
(/Users/avishekanand/Library/Application Support/MiKTeX/texmfs/install/tex/gene
ric/pgf/basiclayer/pgfcorerdf.code.tex))))))))))))
(/Users/avishekanand/Library/Application Support/MiKTeX/texmfs/install/tex/late
x/pgf/utilities/xxcolor.sty
(/Users/avishekanand/Library/Application Support/MiKTeX/texmfs/install/tex/late
x/pgf/utilities/xxcolor.sty
(/Users/avishekanand/Library/Application Support/MiKTeX/texmfs/install/tex/late
x/pgf/utilities/xxcolor.sty
(/Users/avishekanand/Library/Application Support/MiKTeX/texmfs/install/tex/late
x/pgf/utilities/xxcolor.sty))))
(/Users/avishekanand/Library/Application Support/MiKTeX/texmfs/install/tex/late
x/base/atbegshi-ltx.sty
(/Users/avishekanand/Library/Application Support/MiKTeX/texmfs/install/tex/late
x/base/atbegshi-ltx.sty
(/Users/avishekanand/Library/Application Support/MiKTeX/texmfs/install/tex/late
x/base/atbegshi-ltx.sty
(/Users/avishekanand/Library/Application Support/MiKTeX/texmfs/install/tex/late
x/base/atbegshi-ltx.sty))))
(/Users/avishekanand/Library/Application Support/MiKTeX/texmfs/install/tex/late
x/hyperref/hyperref.sty
(/Users/avishekanand/Library/Application Support/MiKTeX/texmfs/install/tex/late
x/hyperref/hyperref.sty
(/Users/avishekanand/Library/Application Support/MiKTeX/texmfs/install/tex/late
x/hyperref/hyperref.sty
(/Users/avishekanand/Library/Application Support/MiKTeX/texmfs/install/tex/late
x/hyperref/hyperref.sty
(/Users/avishekanand/Library/Application Support/MiKTeX/texmfs/install/tex/gene
ric/infwarerr/infwarerr.sty
(/Users/avishekanand/Library/Application Support/MiKTeX/texmfs/install/tex/gene
ric/infwarerr/infwarerr.sty
(/Users/avishekanand/Library/Application Support/MiKTeX/texmfs/install/tex/gene
ric/infwarerr/infwarerr.sty
(/Users/avishekanand/Library/Application Support/MiKTeX/texmfs/install/tex/gene
ric/infwarerr/infwarerr.sty))))
(/Users/avishekanand/Library/Application Support/MiKTeX/texmfs/install/tex/late
x/kvsetkeys/kvsetkeys.sty
(/Users/avishekanand/Library/Application Support/MiKTeX/texmfs/install/tex/late
x/kvsetkeys/kvsetkeys.sty
(/Users/avishekanand/Library/Application Support/MiKTeX/texmfs/install/tex/late
x/kvsetkeys/kvsetkeys.sty
(/Users/avishekanand/Library/Application Support/MiKTeX/texmfs/install/tex/late
x/kvsetkeys/kvsetkeys.sty))))
(/Users/avishekanand/Library/Application Support/MiKTeX/texmfs/install/tex/gene
ric/kvdefinekeys/kvdefinekeys.sty
(/Users/avishekanand/Library/Application Support/MiKTeX/texmfs/install/tex/gene
ric/kvdefinekeys/kvdefinekeys.sty
(/Users/avishekanand/Library/Application Support/MiKTeX/texmfs/install/tex/gene
ric/kvdefinekeys/kvdefinekeys.sty
(/Users/avishekanand/Library/Application Support/MiKTeX/texmfs/install/tex/gene
ric/kvdefinekeys/kvdefinekeys.sty))))
(/Users/avishekanand/Library/Application Support/MiKTeX/texmfs/install/tex/gene
ric/pdfescape/pdfescape.sty
(/Users/avishekanand/Library/Application Support/MiKTeX/texmfs/install/tex/gene
ric/pdfescape/pdfescape.sty
(/Users/avishekanand/Library/Application Support/MiKTeX/texmfs/install/tex/gene
ric/pdfescape/pdfescape.sty
(/Users/avishekanand/Library/Application Support/MiKTeX/texmfs/install/tex/gene
ric/pdfescape/pdfescape.sty
(/Users/avishekanand/Library/Application Support/MiKTeX/texmfs/install/tex/gene
ric/ltxcmds/ltxcmds.sty
(/Users/avishekanand/Library/Application Support/MiKTeX/texmfs/install/tex/gene
ric/ltxcmds/ltxcmds.sty
(/Users/avishekanand/Library/Application Support/MiKTeX/texmfs/install/tex/gene
ric/ltxcmds/ltxcmds.sty
(/Users/avishekanand/Library/Application Support/MiKTeX/texmfs/install/tex/gene
ric/ltxcmds/ltxcmds.sty))))
(/Users/avishekanand/Library/Application Support/MiKTeX/texmfs/install/tex/gene
ric/pdftexcmds/pdftexcmds.sty
(/Users/avishekanand/Library/Application Support/MiKTeX/texmfs/install/tex/gene
ric/pdftexcmds/pdftexcmds.sty
(/Users/avishekanand/Library/Application Support/MiKTeX/texmfs/install/tex/gene
ric/pdftexcmds/pdftexcmds.sty
(/Users/avishekanand/Library/Application Support/MiKTeX/texmfs/install/tex/gene
ric/pdftexcmds/pdftexcmds.sty))))))))
(/Users/avishekanand/Library/Application Support/MiKTeX/texmfs/install/tex/late
x/hycolor/hycolor.sty
(/Users/avishekanand/Library/Application Support/MiKTeX/texmfs/install/tex/late
x/hycolor/hycolor.sty
(/Users/avishekanand/Library/Application Support/MiKTeX/texmfs/install/tex/late
x/hycolor/hycolor.sty
(/Users/avishekanand/Library/Application Support/MiKTeX/texmfs/install/tex/late
x/hycolor/hycolor.sty))))
(/Users/avishekanand/Library/Application Support/MiKTeX/texmfs/install/tex/late
x/letltxmacro/letltxmacro.sty
(/Users/avishekanand/Library/Application Support/MiKTeX/texmfs/install/tex/late
x/letltxmacro/letltxmacro.sty
(/Users/avishekanand/Library/Application Support/MiKTeX/texmfs/install/tex/late
x/letltxmacro/letltxmacro.sty
(/Users/avishekanand/Library/Application Support/MiKTeX/texmfs/install/tex/late
x/letltxmacro/letltxmacro.sty))))
(/Users/avishekanand/Library/Application Support/MiKTeX/texmfs/install/tex/late
x/auxhook/auxhook.sty
(/Users/avishekanand/Library/Application Support/MiKTeX/texmfs/install/tex/late
x/auxhook/auxhook.sty
(/Users/avishekanand/Library/Application Support/MiKTeX/texmfs/install/tex/late
x/auxhook/auxhook.sty
(/Users/avishekanand/Library/Application Support/MiKTeX/texmfs/install/tex/late
x/auxhook/auxhook.sty))))
(/Users/avishekanand/Library/Application Support/MiKTeX/texmfs/install/tex/late
x/hyperref/nameref.sty
(/Users/avishekanand/Library/Application Support/MiKTeX/texmfs/install/tex/late
x/hyperref/nameref.sty
(/Users/avishekanand/Library/Application Support/MiKTeX/texmfs/install/tex/late
x/hyperref/nameref.sty
(/Users/avishekanand/Library/Application Support/MiKTeX/texmfs/install/tex/late
x/hyperref/nameref.sty
(/Users/avishekanand/Library/Application Support/MiKTeX/texmfs/install/tex/late
x/refcount/refcount.sty
(/Users/avishekanand/Library/Application Support/MiKTeX/texmfs/install/tex/late
x/refcount/refcount.sty
(/Users/avishekanand/Library/Application Support/MiKTeX/texmfs/install/tex/late
x/refcount/refcount.sty
(/Users/avishekanand/Library/Application Support/MiKTeX/texmfs/install/tex/late
x/refcount/refcount.sty))))
(/Users/avishekanand/Library/Application Support/MiKTeX/texmfs/install/tex/gene
ric/gettitlestring/gettitlestring.sty
(/Users/avishekanand/Library/Application Support/MiKTeX/texmfs/install/tex/gene
ric/gettitlestring/gettitlestring.sty
(/Users/avishekanand/Library/Application Support/MiKTeX/texmfs/install/tex/gene
ric/gettitlestring/gettitlestring.sty
(/Users/avishekanand/Library/Application Support/MiKTeX/texmfs/install/tex/gene
ric/gettitlestring/gettitlestring.sty
(/Users/avishekanand/Library/Application Support/MiKTeX/texmfs/install/tex/late
x/kvoptions/kvoptions.sty
(/Users/avishekanand/Library/Application Support/MiKTeX/texmfs/install/tex/late
x/kvoptions/kvoptions.sty
(/Users/avishekanand/Library/Application Support/MiKTeX/texmfs/install/tex/late
x/kvoptions/kvoptions.sty
(/Users/avishekanand/Library/Application Support/MiKTeX/texmfs/install/tex/late
x/kvoptions/kvoptions.sty))))))))))))
(/Users/avishekanand/Library/Application Support/MiKTeX/texmfs/install/tex/late
x/hyperref/pd1enc.def
(/Users/avishekanand/Library/Application Support/MiKTeX/texmfs/install/tex/late
x/hyperref/pd1enc.def
(/Users/avishekanand/Library/Application Support/MiKTeX/texmfs/install/tex/late
x/hyperref/pd1enc.def
(/Users/avishekanand/Library/Application Support/MiKTeX/texmfs/install/tex/late
x/hyperref/pd1enc.def))))
(/Users/avishekanand/Library/Application Support/MiKTeX/texmfs/install/tex/gene
ric/intcalc/intcalc.sty
(/Users/avishekanand/Library/Application Support/MiKTeX/texmfs/install/tex/gene
ric/intcalc/intcalc.sty
(/Users/avishekanand/Library/Application Support/MiKTeX/texmfs/install/tex/gene
ric/intcalc/intcalc.sty
(/Users/avishekanand/Library/Application Support/MiKTeX/texmfs/install/tex/gene
ric/intcalc/intcalc.sty))))
(/Users/avishekanand/Library/Application Support/MiKTeX/texmfs/install/tex/late
x/hyperref/puenc.def
(/Users/avishekanand/Library/Application Support/MiKTeX/texmfs/install/tex/late
x/hyperref/puenc.def
(/Users/avishekanand/Library/Application Support/MiKTeX/texmfs/install/tex/late
x/hyperref/puenc.def
(/Users/avishekanand/Library/Application Support/MiKTeX/texmfs/install/tex/late
x/hyperref/puenc.def))))
(/Users/avishekanand/Library/Application Support/MiKTeX/texmfs/install/tex/late
x/url/url.sty
(/Users/avishekanand/Library/Application Support/MiKTeX/texmfs/install/tex/late
x/url/url.sty
(/Users/avishekanand/Library/Application Support/MiKTeX/texmfs/install/tex/late
x/url/url.sty
(/Users/avishekanand/Library/Application Support/MiKTeX/texmfs/install/tex/late
x/url/url.sty))))
(/Users/avishekanand/Library/Application Support/MiKTeX/texmfs/install/tex/gene
ric/bitset/bitset.sty
(/Users/avishekanand/Library/Application Support/MiKTeX/texmfs/install/tex/gene
ric/bitset/bitset.sty
(/Users/avishekanand/Library/Application Support/MiKTeX/texmfs/install/tex/gene
ric/bitset/bitset.sty
(/Users/avishekanand/Library/Application Support/MiKTeX/texmfs/install/tex/gene
ric/bitset/bitset.sty
(/Users/avishekanand/Library/Application Support/MiKTeX/texmfs/install/tex/gene
ric/bigintcalc/bigintcalc.sty
(/Users/avishekanand/Library/Application Support/MiKTeX/texmfs/install/tex/gene
ric/bigintcalc/bigintcalc.sty
(/Users/avishekanand/Library/Application Support/MiKTeX/texmfs/install/tex/gene
ric/bigintcalc/bigintcalc.sty
(/Users/avishekanand/Library/Application Support/MiKTeX/texmfs/install/tex/gene
ric/bigintcalc/bigintcalc.sty))))))))

Package hyperref Message: Stopped early.

)

Package hyperref Message: Stopped early.

)

Package hyperref Message: Stopped early.

)

Package hyperref Message: Stopped early.

)
(/Users/avishekanand/Library/Application Support/MiKTeX/texmfs/install/tex/late
x/hyperref/hpdftex.def
(/Users/avishekanand/Library/Application Support/MiKTeX/texmfs/install/tex/late
x/hyperref/hpdftex.def
(/Users/avishekanand/Library/Application Support/MiKTeX/texmfs/install/tex/late
x/hyperref/hpdftex.def
(/Users/avishekanand/Library/Application Support/MiKTeX/texmfs/install/tex/late
x/hyperref/hpdftex.def
(/Users/avishekanand/Library/Application Support/MiKTeX/texmfs/install/tex/late
x/base/atveryend-ltx.sty
(/Users/avishekanand/Library/Application Support/MiKTeX/texmfs/install/tex/late
x/base/atveryend-ltx.sty
(/Users/avishekanand/Library/Application Support/MiKTeX/texmfs/install/tex/late
x/base/atveryend-ltx.sty
(/Users/avishekanand/Library/Application Support/MiKTeX/texmfs/install/tex/late
x/base/atveryend-ltx.sty))))
(/Users/avishekanand/Library/Application Support/MiKTeX/texmfs/install/tex/late
x/rerunfilecheck/rerunfilecheck.sty
(/Users/avishekanand/Library/Application Support/MiKTeX/texmfs/install/tex/late
x/rerunfilecheck/rerunfilecheck.sty
(/Users/avishekanand/Library/Application Support/MiKTeX/texmfs/install/tex/late
x/rerunfilecheck/rerunfilecheck.sty
(/Users/avishekanand/Library/Application Support/MiKTeX/texmfs/install/tex/late
x/rerunfilecheck/rerunfilecheck.sty
(/Users/avishekanand/Library/Application Support/MiKTeX/texmfs/install/tex/gene
ric/uniquecounter/uniquecounter.sty
(/Users/avishekanand/Library/Application Support/MiKTeX/texmfs/install/tex/gene
ric/uniquecounter/uniquecounter.sty
(/Users/avishekanand/Library/Application Support/MiKTeX/texmfs/install/tex/gene
ric/uniquecounter/uniquecounter.sty
(/Users/avishekanand/Library/Application Support/MiKTeX/texmfs/install/tex/gene
ric/uniquecounter/uniquecounter.sty))))))))))))
(/Users/avishekanand/Library/Application Support/MiKTeX/texmfs/install/tex/late
x/beamer/beamerbaserequires.sty
(/Users/avishekanand/Library/Application Support/MiKTeX/texmfs/install/tex/late
x/beamer/beamerbaserequires.sty
(/Users/avishekanand/Library/Application Support/MiKTeX/texmfs/install/tex/late
x/beamer/beamerbaserequires.sty
(/Users/avishekanand/Library/Application Support/MiKTeX/texmfs/install/tex/late
x/beamer/beamerbaserequires.sty
(/Users/avishekanand/Library/Application Support/MiKTeX/texmfs/install/tex/late
x/beamer/beamerbasecompatibility.sty
(/Users/avishekanand/Library/Application Support/MiKTeX/texmfs/install/tex/late
x/beamer/beamerbasecompatibility.sty
(/Users/avishekanand/Library/Application Support/MiKTeX/texmfs/install/tex/late
x/beamer/beamerbasecompatibility.sty
(/Users/avishekanand/Library/Application Support/MiKTeX/texmfs/install/tex/late
x/beamer/beamerbasecompatibility.sty))))
(/Users/avishekanand/Library/Application Support/MiKTeX/texmfs/install/tex/late
x/beamer/beamerbasefont.sty
(/Users/avishekanand/Library/Application Support/MiKTeX/texmfs/install/tex/late
x/beamer/beamerbasefont.sty
(/Users/avishekanand/Library/Application Support/MiKTeX/texmfs/install/tex/late
x/beamer/beamerbasefont.sty
(/Users/avishekanand/Library/Application Support/MiKTeX/texmfs/install/tex/late
x/beamer/beamerbasefont.sty
(/Users/avishekanand/Library/Application Support/MiKTeX/texmfs/install/tex/late
x/amsfonts/amssymb.sty
(/Users/avishekanand/Library/Application Support/MiKTeX/texmfs/install/tex/late
x/amsfonts/amssymb.sty
(/Users/avishekanand/Library/Application Support/MiKTeX/texmfs/install/tex/late
x/amsfonts/amssymb.sty
(/Users/avishekanand/Library/Application Support/MiKTeX/texmfs/install/tex/late
x/amsfonts/amssymb.sty
(/Users/avishekanand/Library/Application Support/MiKTeX/texmfs/install/tex/late
x/amsfonts/amsfonts.sty
(/Users/avishekanand/Library/Application Support/MiKTeX/texmfs/install/tex/late
x/amsfonts/amsfonts.sty
(/Users/avishekanand/Library/Application Support/MiKTeX/texmfs/install/tex/late
x/amsfonts/amsfonts.sty
(/Users/avishekanand/Library/Application Support/MiKTeX/texmfs/install/tex/late
x/amsfonts/amsfonts.sty))))))))
(/Users/avishekanand/Library/Application Support/MiKTeX/texmfs/install/tex/late
x/sansmathaccent/sansmathaccent.sty
(/Users/avishekanand/Library/Application Support/MiKTeX/texmfs/install/tex/late
x/sansmathaccent/sansmathaccent.sty
(/Users/avishekanand/Library/Application Support/MiKTeX/texmfs/install/tex/late
x/sansmathaccent/sansmathaccent.sty
(/Users/avishekanand/Library/Application Support/MiKTeX/texmfs/install/tex/late
x/koma-script/scrlfile.sty
(/Users/avishekanand/Library/Application Support/MiKTeX/texmfs/install/tex/late
x/koma-script/scrlfile.sty
(/Users/avishekanand/Library/Application Support/MiKTeX/texmfs/install/tex/late
x/koma-script/scrlfile.sty
(/Users/avishekanand/Library/Application Support/MiKTeX/texmfs/install/tex/late
x/sansmathaccent/sansmathaccent.sty

+----------------------------------------------------------------------
| WARNING (`scrlfile.sty'):
+----------------------------------------------------------------------
| YOU SHOULD NOTE, THAT THIS IS NOT AN OFFICIAL RELEASE!
| THIS VERSION IS INTENDED TO BE USED FOR TESTING ONLY!
| USAGE FOR PURPOSES OTHER THAN INTENDED IS DANGEROUS!
| DON'T EXPECT ANY SUPPORT FOR THIS VERSION!
+----------------------------------------------------------------------


(/Users/avishekanand/Library/Application Support/MiKTeX/texmfs/install/tex/late
x/koma-script/scrlfile-hook.sty

+----------------------------------------------------------------------
| WARNING (`scrlfile.sty'):
+----------------------------------------------------------------------
| YOU SHOULD NOTE, THAT THIS IS NOT AN OFFICIAL RELEASE!
| THIS VERSION IS INTENDED TO BE USED FOR TESTING ONLY!
| USAGE FOR PURPOSES OTHER THAN INTENDED IS DANGEROUS!
| DON'T EXPECT ANY SUPPORT FOR THIS VERSION!
+----------------------------------------------------------------------


(/Users/avishekanand/Library/Application Support/MiKTeX/texmfs/install/tex/late
x/koma-script/scrlfile-hook.sty

+----------------------------------------------------------------------
| WARNING (`scrlfile.sty'):
+----------------------------------------------------------------------
| YOU SHOULD NOTE, THAT THIS IS NOT AN OFFICIAL RELEASE!
| THIS VERSION IS INTENDED TO BE USED FOR TESTING ONLY!
| USAGE FOR PURPOSES OTHER THAN INTENDED IS DANGEROUS!
| DON'T EXPECT ANY SUPPORT FOR THIS VERSION!
+----------------------------------------------------------------------


(/Users/avishekanand/Library/Application Support/MiKTeX/texmfs/install/tex/late
x/koma-script/scrlfile-hook.sty
(/Users/avishekanand/Library/Application Support/MiKTeX/texmfs/install/tex/late
x/koma-script/scrlfile.sty

+----------------------------------------------------------------------
| WARNING (`scrlfile.sty'):
+----------------------------------------------------------------------
| YOU SHOULD NOTE, THAT THIS IS NOT AN OFFICIAL RELEASE!
| THIS VERSION IS INTENDED TO BE USED FOR TESTING ONLY!
| USAGE FOR PURPOSES OTHER THAN INTENDED IS DANGEROUS!
| DON'T EXPECT ANY SUPPORT FOR THIS VERSION!
+----------------------------------------------------------------------


(/Users/avishekanand/Library/Application Support/MiKTeX/texmfs/install/tex/late
x/koma-script/scrlfile-hook.sty

+----------------------------------------------------------------------
| WARNING (`scrlfile-hook.sty'):
+----------------------------------------------------------------------
| YOU SHOULD NOTE, THAT THIS IS NOT AN OFFICIAL RELEASE!
| THIS VERSION IS INTENDED TO BE USED FOR TESTING ONLY!
| USAGE FOR PURPOSES OTHER THAN INTENDED IS DANGEROUS!
| DON'T EXPECT ANY SUPPORT FOR THIS VERSION!
+----------------------------------------------------------------------


(/Users/avishekanand/Library/Application Support/MiKTeX/texmfs/install/tex/late
x/koma-script/scrlogo.sty

+----------------------------------------------------------------------
| WARNING (`scrlfile-hook.sty'):
+----------------------------------------------------------------------
| YOU SHOULD NOTE, THAT THIS IS NOT AN OFFICIAL RELEASE!
| THIS VERSION IS INTENDED TO BE USED FOR TESTING ONLY!
| USAGE FOR PURPOSES OTHER THAN INTENDED IS DANGEROUS!
| DON'T EXPECT ANY SUPPORT FOR THIS VERSION!
+----------------------------------------------------------------------


(/Users/avishekanand/Library/Application Support/MiKTeX/texmfs/install/tex/late
x/koma-script/scrlogo.sty

+----------------------------------------------------------------------
| WARNING (`scrlfile-hook.sty'):
+----------------------------------------------------------------------
| YOU SHOULD NOTE, THAT THIS IS NOT AN OFFICIAL RELEASE!
| THIS VERSION IS INTENDED TO BE USED FOR TESTING ONLY!
| USAGE FOR PURPOSES OTHER THAN INTENDED IS DANGEROUS!
| DON'T EXPECT ANY SUPPORT FOR THIS VERSION!
+----------------------------------------------------------------------


(/Users/avishekanand/Library/Application Support/MiKTeX/texmfs/install/tex/late
x/koma-script/scrlogo.sty

+----------------------------------------------------------------------
| WARNING (`scrlogo.sty'):
+----------------------------------------------------------------------
| YOU SHOULD NOTE, THAT THIS IS NOT AN OFFICIAL RELEASE!
| THIS VERSION IS INTENDED TO BE USED FOR TESTING ONLY!
| USAGE FOR PURPOSES OTHER THAN INTENDED IS DANGEROUS!
| DON'T EXPECT ANY SUPPORT FOR THIS VERSION!
+----------------------------------------------------------------------

)

+----------------------------------------------------------------------
| WARNING (`scrlogo.sty'):
+----------------------------------------------------------------------
| YOU SHOULD NOTE, THAT THIS IS NOT AN OFFICIAL RELEASE!
| THIS VERSION IS INTENDED TO BE USED FOR TESTING ONLY!
| USAGE FOR PURPOSES OTHER THAN INTENDED IS DANGEROUS!
| DON'T EXPECT ANY SUPPORT FOR THIS VERSION!
+----------------------------------------------------------------------

)

+----------------------------------------------------------------------
| WARNING (`scrlogo.sty'):
+----------------------------------------------------------------------
| YOU SHOULD NOTE, THAT THIS IS NOT AN OFFICIAL RELEASE!
| THIS VERSION IS INTENDED TO BE USED FOR TESTING ONLY!
| USAGE FOR PURPOSES OTHER THAN INTENDED IS DANGEROUS!
| DON'T EXPECT ANY SUPPORT FOR THIS VERSION!
+----------------------------------------------------------------------

)))))))

+----------------------------------------------------------------------
| WARNING (`scrlfile-hook.sty'):
+----------------------------------------------------------------------
| YOU SHOULD NOTE, THAT THIS IS NOT AN OFFICIAL RELEASE!
| THIS VERSION IS INTENDED TO BE USED FOR TESTING ONLY!
| USAGE FOR PURPOSES OTHER THAN INTENDED IS DANGEROUS!
| DON'T EXPECT ANY SUPPORT FOR THIS VERSION!
+----------------------------------------------------------------------


(/Users/avishekanand/Library/Application Support/MiKTeX/texmfs/install/tex/late
x/koma-script/scrlogo.sty

+----------------------------------------------------------------------
| WARNING (`scrlogo.sty'):
+----------------------------------------------------------------------
| YOU SHOULD NOTE, THAT THIS IS NOT AN OFFICIAL RELEASE!
| THIS VERSION IS INTENDED TO BE USED FOR TESTING ONLY!
| USAGE FOR PURPOSES OTHER THAN INTENDED IS DANGEROUS!
| DON'T EXPECT ANY SUPPORT FOR THIS VERSION!
+----------------------------------------------------------------------

)))))))))
(/Users/avishekanand/Library/Application Support/MiKTeX/texmfs/install/tex/late
x/beamer/beamerbasetranslator.sty)
(/Users/avishekanand/Library/Application Support/MiKTeX/texmfs/install/tex/late
x/beamer/beamerbasetranslator.sty
(/Users/avishekanand/Library/Application Support/MiKTeX/texmfs/install/tex/late
x/beamer/beamerbasetranslator.sty)
(/Users/avishekanand/Library/Application Support/MiKTeX/texmfs/install/tex/late
x/translator/translator.sty
(/Users/avishekanand/Library/Application Support/MiKTeX/texmfs/install/tex/late
x/translator/translator.sty
(/Users/avishekanand/Library/Application Support/MiKTeX/texmfs/install/tex/late
x/translator/translator.sty
(/Users/avishekanand/Library/Application Support/MiKTeX/texmfs/install/tex/late
x/beamer/beamerbasetranslator.sty))))))
(/Users/avishekanand/Library/Application Support/MiKTeX/texmfs/install/tex/late
x/translator/translator.sty
(/Users/avishekanand/Library/Application Support/MiKTeX/texmfs/install/tex/late
x/beamer/beamerbasemisc.sty
(/Users/avishekanand/Library/Application Support/MiKTeX/texmfs/install/tex/late
x/beamer/beamerbasemisc.sty
(/Users/avishekanand/Library/Application Support/MiKTeX/texmfs/install/tex/late
x/beamer/beamerbasemisc.sty))
(/Users/avishekanand/Library/Application Support/MiKTeX/texmfs/install/tex/late
x/beamer/beamerbasemisc.sty)))
(/Users/avishekanand/Library/Application Support/MiKTeX/texmfs/install/tex/late
x/beamer/beamerbasetwoscreens.sty
(/Users/avishekanand/Library/Application Support/MiKTeX/texmfs/install/tex/late
x/beamer/beamerbasetwoscreens.sty
(/Users/avishekanand/Library/Application Support/MiKTeX/texmfs/install/tex/late
x/beamer/beamerbasetwoscreens.sty))))
(/Users/avishekanand/Library/Application Support/MiKTeX/texmfs/install/tex/late
x/beamer/beamerbasetwoscreens.sty)
(/Users/avishekanand/Library/Application Support/MiKTeX/texmfs/install/tex/late
x/beamer/beamerbaseoverlay.sty
(/Users/avishekanand/Library/Application Support/MiKTeX/texmfs/install/tex/late
x/beamer/beamerbaseoverlay.sty
(/Users/avishekanand/Library/Application Support/MiKTeX/texmfs/install/tex/late
x/beamer/beamerbaseoverlay.sty
(/Users/avishekanand/Library/Application Support/MiKTeX/texmfs/install/tex/late
x/beamer/beamerbaseoverlay.sty))))
(/Users/avishekanand/Library/Application Support/MiKTeX/texmfs/install/tex/late
x/beamer/beamerbasetitle.sty
(/Users/avishekanand/Library/Application Support/MiKTeX/texmfs/install/tex/late
x/beamer/beamerbasetitle.sty
(/Users/avishekanand/Library/Application Support/MiKTeX/texmfs/install/tex/late
x/beamer/beamerbasetitle.sty)))
(/Users/avishekanand/Library/Application Support/MiKTeX/texmfs/install/tex/late
x/beamer/beamerbasetitle.sty)
(/Users/avishekanand/Library/Application Support/MiKTeX/texmfs/install/tex/late
x/beamer/beamerbasesection.sty
(/Users/avishekanand/Library/Application Support/MiKTeX/texmfs/install/tex/late
x/beamer/beamerbasesection.sty
(/Users/avishekanand/Library/Application Support/MiKTeX/texmfs/install/tex/late
x/beamer/beamerbasesection.sty
(/Users/avishekanand/Library/Application Support/MiKTeX/texmfs/install/tex/late
x/beamer/beamerbasesection.sty))))
(/Users/avishekanand/Library/Application Support/MiKTeX/texmfs/install/tex/late
x/beamer/beamerbaseframe.sty
(/Users/avishekanand/Library/Application Support/MiKTeX/texmfs/install/tex/late
x/beamer/beamerbaseframe.sty
(/Users/avishekanand/Library/Application Support/MiKTeX/texmfs/install/tex/late
x/beamer/beamerbaseframe.sty))
(/Users/avishekanand/Library/Application Support/MiKTeX/texmfs/install/tex/late
x/beamer/beamerbaseframe.sty
(/Users/avishekanand/Library/Application Support/MiKTeX/texmfs/install/tex/late
x/beamer/beamerbaseverbatim.sty)))
(/Users/avishekanand/Library/Application Support/MiKTeX/texmfs/install/tex/late
x/beamer/beamerbaseverbatim.sty)
(/Users/avishekanand/Library/Application Support/MiKTeX/texmfs/install/tex/late
x/beamer/beamerbaseverbatim.sty)
(/Users/avishekanand/Library/Application Support/MiKTeX/texmfs/install/tex/late
x/beamer/beamerbaseframesize.sty)
(/Users/avishekanand/Library/Application Support/MiKTeX/texmfs/install/tex/late
x/beamer/beamerbaseframesize.sty)
(/Users/avishekanand/Library/Application Support/MiKTeX/texmfs/install/tex/late
x/beamer/beamerbaseverbatim.sty)
(/Users/avishekanand/Library/Application Support/MiKTeX/texmfs/install/tex/late
x/beamer/beamerbaseframesize.sty
(/Users/avishekanand/Library/Application Support/MiKTeX/texmfs/install/tex/late
x/beamer/beamerbaseframecomponents.sty)
(/Users/avishekanand/Library/Application Support/MiKTeX/texmfs/install/tex/late
x/beamer/beamerbaseframecomponents.sty))
(/Users/avishekanand/Library/Application Support/MiKTeX/texmfs/install/tex/late
x/beamer/beamerbaseframesize.sty
(/Users/avishekanand/Library/Application Support/MiKTeX/texmfs/install/tex/late
x/beamer/beamerbasecolor.sty)
(/Users/avishekanand/Library/Application Support/MiKTeX/texmfs/install/tex/late
x/beamer/beamerbaseframecomponents.sty
(/Users/avishekanand/Library/Application Support/MiKTeX/texmfs/install/tex/late
x/beamer/beamerbasecolor.sty)
(/Users/avishekanand/Library/Application Support/MiKTeX/texmfs/install/tex/late
x/beamer/beamerbaseframecomponents.sty))
(/Users/avishekanand/Library/Application Support/MiKTeX/texmfs/install/tex/late
x/beamer/beamerbasecolor.sty)
(/Users/avishekanand/Library/Application Support/MiKTeX/texmfs/install/tex/late
x/beamer/beamerbasecolor.sty
(/Users/avishekanand/Library/Application Support/MiKTeX/texmfs/install/tex/late
x/beamer/beamerbasenotes.sty)
(/Users/avishekanand/Library/Application Support/MiKTeX/texmfs/install/tex/late
x/beamer/beamerbasenotes.sty)
(/Users/avishekanand/Library/Application Support/MiKTeX/texmfs/install/tex/late
x/beamer/beamerbasetoc.sty
(/Users/avishekanand/Library/Application Support/MiKTeX/texmfs/install/tex/late
x/beamer/beamerbasetoc.sty))))
(/Users/avishekanand/Library/Application Support/MiKTeX/texmfs/install/tex/late
x/beamer/beamerbasetemplates.sty
(/Users/avishekanand/Library/Application Support/MiKTeX/texmfs/install/tex/late
x/beamer/beamerbasenotes.sty)
(/Users/avishekanand/Library/Application Support/MiKTeX/texmfs/install/tex/late
x/beamer/beamerbasetemplates.sty
(/Users/avishekanand/Library/Application Support/MiKTeX/texmfs/install/tex/late
x/beamer/beamerbasenotes.sty)
(/Users/avishekanand/Library/Application Support/MiKTeX/texmfs/install/tex/late
x/beamer/beamerbasetoc.sty
(/Users/avishekanand/Library/Application Support/MiKTeX/texmfs/install/tex/late
x/beamer/beamerbaseauxtemplates.sty)
(/Users/avishekanand/Library/Application Support/MiKTeX/texmfs/install/tex/late
x/beamer/beamerbaseauxtemplates.sty
(/Users/avishekanand/Library/Application Support/MiKTeX/texmfs/install/tex/late
x/beamer/beamerbasetoc.sty)
(/Users/avishekanand/Library/Application Support/MiKTeX/texmfs/install/tex/late
x/beamer/beamerbaseboxes.sty
(/Users/avishekanand/Library/Application Support/MiKTeX/texmfs/install/tex/late
x/beamer/beamerbaseboxes.sty
(/Users/avishekanand/Library/Application Support/MiKTeX/texmfs/install/tex/late
x/beamer/beamerbasetemplates.sty))
(/Users/avishekanand/Library/Application Support/MiKTeX/texmfs/install/tex/late
x/beamer/beamerbasetemplates.sty
(/Users/avishekanand/Library/Application Support/MiKTeX/texmfs/install/tex/late
x/beamer/beamerbaseauxtemplates.sty
(/Users/avishekanand/Library/Application Support/MiKTeX/texmfs/install/tex/late
x/beamer/beamerbaseauxtemplates.sty
(/Users/avishekanand/Library/Application Support/MiKTeX/texmfs/install/tex/late
x/beamer/beamerbaseboxes.sty
(/Users/avishekanand/Library/Application Support/MiKTeX/texmfs/install/tex/late
x/beamer/beamerbaseboxes.sty))))))
(/Users/avishekanand/Library/Application Support/MiKTeX/texmfs/install/tex/late
x/beamer/beamerbaselocalstructure.sty
(/Users/avishekanand/Library/Application Support/MiKTeX/texmfs/install/tex/late
x/beamer/beamerbaselocalstructure.sty)
(/Users/avishekanand/Library/Application Support/MiKTeX/texmfs/install/tex/late
x/tools/enumerate.sty
(/Users/avishekanand/Library/Application Support/MiKTeX/texmfs/install/tex/late
x/tools/enumerate.sty)))))
(/Users/avishekanand/Library/Application Support/MiKTeX/texmfs/install/tex/late
x/beamer/beamerbaselocalstructure.sty
(/Users/avishekanand/Library/Application Support/MiKTeX/texmfs/install/tex/late
x/beamer/beamerbaselocalstructure.sty
(/Users/avishekanand/Library/Application Support/MiKTeX/texmfs/install/tex/late
x/tools/enumerate.sty
(/Users/avishekanand/Library/Application Support/MiKTeX/texmfs/install/tex/late
x/tools/enumerate.sty))))
(/Users/avishekanand/Library/Application Support/MiKTeX/texmfs/install/tex/late
x/beamer/beamerbasenavigation.sty
(/Users/avishekanand/Library/Application Support/MiKTeX/texmfs/install/tex/late
x/beamer/beamerbasenavigation.sty))
(/Users/avishekanand/Library/Application Support/MiKTeX/texmfs/install/tex/late
x/beamer/beamerbasenavigationsymbols.tex
(/Users/avishekanand/Library/Application Support/MiKTeX/texmfs/install/tex/late
x/beamer/beamerbasenavigationsymbols.tex
(/Users/avishekanand/Library/Application Support/MiKTeX/texmfs/install/tex/late
x/beamer/beamerbasenavigation.sty
(/Users/avishekanand/Library/Application Support/MiKTeX/texmfs/install/tex/late
x/beamer/beamerbasenavigation.sty))
(/Users/avishekanand/Library/Application Support/MiKTeX/texmfs/install/tex/late
x/beamer/beamerbasenavigationsymbols.tex
(/Users/avishekanand/Library/Application Support/MiKTeX/texmfs/install/tex/late
x/beamer/beamerbasenavigationsymbols.tex)))
(/Users/avishekanand/Library/Application Support/MiKTeX/texmfs/install/tex/late
x/beamer/beamerbasetheorems.sty
(/Users/avishekanand/Library/Application Support/MiKTeX/texmfs/install/tex/late
x/beamer/beamerbasetheorems.sty)))
(/Users/avishekanand/Library/Application Support/MiKTeX/texmfs/install/tex/late
x/amsmath/amsmath.sty
(/Users/avishekanand/Library/Application Support/MiKTeX/texmfs/install/tex/late
x/amsmath/amsmath.sty
(/Users/avishekanand/Library/Application Support/MiKTeX/texmfs/install/tex/late
x/beamer/beamerbasetheorems.sty
(/Users/avishekanand/Library/Application Support/MiKTeX/texmfs/install/tex/late
x/beamer/beamerbasetheorems.sty
For additional information on amsmath, use the `?' option.

(/Users/avishekanand/Library/Application Support/MiKTeX/texmfs/install/tex/late
x/amsmath/amstext.sty
For additional information on amsmath, use the `?' option.

(/Users/avishekanand/Library/Application Support/MiKTeX/texmfs/install/tex/late
x/amsmath/amstext.sty
(/Users/avishekanand/Library/Application Support/MiKTeX/texmfs/install/tex/late
x/amsmath/amsmath.sty
(/Users/avishekanand/Library/Application Support/MiKTeX/texmfs/install/tex/late
x/amsmath/amsmath.sty
(/Users/avishekanand/Library/Application Support/MiKTeX/texmfs/install/tex/late
x/amsmath/amsgen.sty
(/Users/avishekanand/Library/Application Support/MiKTeX/texmfs/install/tex/late
x/amsmath/amsgen.sty))))
For additional information on amsmath, use the `?' option.

(/Users/avishekanand/Library/Application Support/MiKTeX/texmfs/install/tex/late
x/amsmath/amstext.sty
For additional information on amsmath, use the `?' option.

(/Users/avishekanand/Library/Application Support/MiKTeX/texmfs/install/tex/late
x/amsmath/amstext.sty
(/Users/avishekanand/Library/Application Support/MiKTeX/texmfs/install/tex/late
x/amsmath/amsgen.sty)
(/Users/avishekanand/Library/Application Support/MiKTeX/texmfs/install/tex/late
x/amsmath/amsbsy.sty
(/Users/avishekanand/Library/Application Support/MiKTeX/texmfs/install/tex/late
x/amsmath/amsbsy.sty
(/Users/avishekanand/Library/Application Support/MiKTeX/texmfs/install/tex/late
x/amsmath/amsgen.sty)))))
(/Users/avishekanand/Library/Application Support/MiKTeX/texmfs/install/tex/late
x/amsmath/amsbsy.sty)
(/Users/avishekanand/Library/Application Support/MiKTeX/texmfs/install/tex/late
x/amsmath/amsopn.sty
(/Users/avishekanand/Library/Application Support/MiKTeX/texmfs/install/tex/late
x/amsmath/amsopn.sty
(/Users/avishekanand/Library/Application Support/MiKTeX/texmfs/install/tex/late
x/amsmath/amsbsy.sty)))
(/Users/avishekanand/Library/Application Support/MiKTeX/texmfs/install/tex/late
x/amsmath/amsopn.sty)
(/Users/avishekanand/Library/Application Support/MiKTeX/texmfs/install/tex/late
x/amsmath/amsopn.sty)))))
(/Users/avishekanand/Library/Application Support/MiKTeX/texmfs/install/tex/late
x/amscls/amsthm.sty
(/Users/avishekanand/Library/Application Support/MiKTeX/texmfs/install/tex/late
x/amscls/amsthm.sty
(/Users/avishekanand/Library/Application Support/MiKTeX/texmfs/install/tex/late
x/amscls/amsthm.sty)))
(/Users/avishekanand/Library/Application Support/MiKTeX/texmfs/install/tex/late
x/amscls/amsthm.sty)))))
(/Users/avishekanand/Library/Application Support/MiKTeX/texmfs/install/tex/late
x/beamer/beamerbasethemes.sty
(/Users/avishekanand/Library/Application Support/MiKTeX/texmfs/install/tex/late
x/beamer/beamerbasethemes.sty
(/Users/avishekanand/Library/Application Support/MiKTeX/texmfs/install/tex/late
x/beamer/beamerbasethemes.sty))))))
(/Users/avishekanand/Library/Application Support/MiKTeX/texmfs/install/tex/late
x/beamer/beamerbasethemes.sty))
(/Users/avishekanand/Library/Application Support/MiKTeX/texmfs/install/tex/late
x/beamer/beamerthemedefault.sty
(/Users/avishekanand/Library/Application Support/MiKTeX/texmfs/install/tex/late
x/beamer/beamerthemedefault.sty
(/Users/avishekanand/Library/Application Support/MiKTeX/texmfs/install/tex/late
x/beamer/beamerthemedefault.sty
(/Users/avishekanand/Library/Application Support/MiKTeX/texmfs/install/tex/late
x/beamer/beamerthemedefault.sty
(/Users/avishekanand/Library/Application Support/MiKTeX/texmfs/install/tex/late
x/beamer/beamerfontthemedefault.sty
(/Users/avishekanand/Library/Application Support/MiKTeX/texmfs/install/tex/late
x/beamer/beamerfontthemedefault.sty
(/Users/avishekanand/Library/Application Support/MiKTeX/texmfs/install/tex/late
x/beamer/beamerfontthemedefault.sty
(/Users/avishekanand/Library/Application Support/MiKTeX/texmfs/install/tex/late
x/beamer/beamerfontthemedefault.sty))))
(/Users/avishekanand/Library/Application Support/MiKTeX/texmfs/install/tex/late
x/beamer/beamercolorthemedefault.sty
(/Users/avishekanand/Library/Application Support/MiKTeX/texmfs/install/tex/late
x/beamer/beamercolorthemedefault.sty
(/Users/avishekanand/Library/Application Support/MiKTeX/texmfs/install/tex/late
x/beamer/beamercolorthemedefault.sty
(/Users/avishekanand/Library/Application Support/MiKTeX/texmfs/install/tex/late
x/beamer/beamercolorthemedefault.sty))))
(/Users/avishekanand/Library/Application Support/MiKTeX/texmfs/install/tex/late
x/beamer/beamerinnerthemedefault.sty
(/Users/avishekanand/Library/Application Support/MiKTeX/texmfs/install/tex/late
x/beamer/beamerinnerthemedefault.sty
(/Users/avishekanand/Library/Application Support/MiKTeX/texmfs/install/tex/late
x/beamer/beamerinnerthemedefault.sty
(/Users/avishekanand/Library/Application Support/MiKTeX/texmfs/install/tex/late
x/beamer/beamerinnerthemedefault.sty))))
(/Users/avishekanand/Library/Application Support/MiKTeX/texmfs/install/tex/late
x/beamer/beamerouterthemedefault.sty
(/Users/avishekanand/Library/Application Support/MiKTeX/texmfs/install/tex/late
x/beamer/beamerouterthemedefault.sty
(/Users/avishekanand/Library/Application Support/MiKTeX/texmfs/install/tex/late
x/beamer/beamerouterthemedefault.sty
(/Users/avishekanand/Library/Application Support/MiKTeX/texmfs/install/tex/late
x/beamer/beamerouterthemedefault.sty)))))))))))) (beamerthemeTUDelft.sty (beamerthemeTUDelft.sty (beamerthemeTUDelft.sty (beamerthemeTUDelft.sty))))
(/Users/avishekanand/Library/Application Support/MiKTeX/texmfs/install/tex/late
x/algorithms/algorithm.sty
(/Users/avishekanand/Library/Application Support/MiKTeX/texmfs/install/tex/late
x/algorithms/algorithm.sty
(/Users/avishekanand/Library/Application Support/MiKTeX/texmfs/install/tex/late
x/psnfss/pifont.sty
(/Users/avishekanand/Library/Application Support/MiKTeX/texmfs/install/tex/late
x/psnfss/pifont.sty
(/Users/avishekanand/Library/Application Support/MiKTeX/texmfs/install/tex/late
x/psnfss/upzd.fd
(/Users/avishekanand/Library/Application Support/MiKTeX/texmfs/install/tex/late
x/psnfss/upzd.fd))
(/Users/avishekanand/Library/Application Support/MiKTeX/texmfs/install/tex/late
x/float/float.sty
(/Users/avishekanand/Library/Application Support/MiKTeX/texmfs/install/tex/late
x/float/float.sty))
(/Users/avishekanand/Library/Application Support/MiKTeX/texmfs/install/tex/late
x/psnfss/upsy.fd
(/Users/avishekanand/Library/Application Support/MiKTeX/texmfs/install/tex/late
x/psnfss/upsy.fd))
(/Users/avishekanand/Library/Application Support/MiKTeX/texmfs/install/tex/late
x/base/ifthen.sty
(/Users/avishekanand/Library/Application Support/MiKTeX/texmfs/install/tex/late
x/base/ifthen.sty))))))
(/Users/avishekanand/Library/Application Support/MiKTeX/texmfs/install/tex/late
x/algorithms/algorithm.sty
(/Users/avishekanand/Library/Application Support/MiKTeX/texmfs/install/tex/late
x/algorithms/algorithm.sty
(/Users/avishekanand/Library/Application Support/MiKTeX/texmfs/install/tex/late
x/algorithms/algorithmic.sty
(/Users/avishekanand/Library/Application Support/MiKTeX/texmfs/install/tex/late
x/algorithms/algorithmic.sty
(/Users/avishekanand/Library/Application Support/MiKTeX/texmfs/install/tex/late
x/float/float.sty
(/Users/avishekanand/Library/Application Support/MiKTeX/texmfs/install/tex/late
x/float/float.sty))))
(/Users/avishekanand/Library/Application Support/MiKTeX/texmfs/install/tex/late
x/base/ifthen.sty
(/Users/avishekanand/Library/Application Support/MiKTeX/texmfs/install/tex/late
x/base/ifthen.sty))))
(/Users/avishekanand/Library/Application Support/MiKTeX/texmfs/install/tex/late
x/pgf/frontendlayer/tikz.sty
(/Users/avishekanand/Library/Application Support/MiKTeX/texmfs/install/tex/late
x/pgf/frontendlayer/tikz.sty
(/Users/avishekanand/Library/Application Support/MiKTeX/texmfs/install/tex/late
x/pgf/basiclayer/pgf.sty
(/Users/avishekanand/Library/Application Support/MiKTeX/texmfs/install/tex/late
x/pgf/basiclayer/pgf.sty
(/Users/avishekanand/Library/Application Support/MiKTeX/texmfs/install/tex/late
x/algorithms/algorithmic.sty
(/Users/avishekanand/Library/Application Support/MiKTeX/texmfs/install/tex/late
x/algorithms/algorithmic.sty
(/Users/avishekanand/Library/Application Support/MiKTeX/texmfs/install/tex/gene
ric/pgf/modules/pgfmoduleshapes.code.tex
(/Users/avishekanand/Library/Application Support/MiKTeX/texmfs/install/tex/gene
ric/pgf/modules/pgfmoduleshapes.code.tex))
(/Users/avishekanand/Library/Application Support/MiKTeX/texmfs/install/tex/late
x/pgf/frontendlayer/tikz.sty)
(/Users/avishekanand/Library/Application Support/MiKTeX/texmfs/install/tex/late
x/pgf/frontendlayer/tikz.sty)
(/Users/avishekanand/Library/Application Support/MiKTeX/texmfs/install/tex/gene
ric/pgf/modules/pgfmoduleplot.code.tex
(/Users/avishekanand/Library/Application Support/MiKTeX/texmfs/install/tex/gene
ric/pgf/modules/pgfmoduleplot.code.tex
(/Users/avishekanand/Library/Application Support/MiKTeX/texmfs/install/tex/late
x/pgf/basiclayer/pgf.sty
(/Users/avishekanand/Library/Application Support/MiKTeX/texmfs/install/tex/late
x/pgf/basiclayer/pgf.sty
(/Users/avishekanand/Library/Application Support/MiKTeX/texmfs/install/tex/gene
ric/pgf/modules/pgfmoduleshapes.code.tex))
(/Users/avishekanand/Library/Application Support/MiKTeX/texmfs/install/tex/gene
ric/pgf/modules/pgfmoduleshapes.code.tex
(/Users/avishekanand/Library/Application Support/MiKTeX/texmfs/install/tex/late
x/pgf/compatibility/pgfcomp-version-0-65.sty
(/Users/avishekanand/Library/Application Support/MiKTeX/texmfs/install/tex/late
x/pgf/compatibility/pgfcomp-version-0-65.sty)
(/Users/avishekanand/Library/Application Support/MiKTeX/texmfs/install/tex/gene
ric/pgf/modules/pgfmoduleplot.code.tex)
(/Users/avishekanand/Library/Application Support/MiKTeX/texmfs/install/tex/gene
ric/pgf/modules/pgfmoduleplot.code.tex))))
(/Users/avishekanand/Library/Application Support/MiKTeX/texmfs/install/tex/late
x/pgf/compatibility/pgfcomp-version-0-65.sty
(/Users/avishekanand/Library/Application Support/MiKTeX/texmfs/install/tex/late
x/pgf/compatibility/pgfcomp-version-0-65.sty
(/Users/avishekanand/Library/Application Support/MiKTeX/texmfs/install/tex/late
x/pgf/compatibility/pgfcomp-version-1-18.sty
(/Users/avishekanand/Library/Application Support/MiKTeX/texmfs/install/tex/late
x/pgf/compatibility/pgfcomp-version-1-18.sty))))))
(/Users/avishekanand/Library/Application Support/MiKTeX/texmfs/install/tex/late
x/pgf/utilities/pgffor.sty
(/Users/avishekanand/Library/Application Support/MiKTeX/texmfs/install/tex/late
x/pgf/utilities/pgffor.sty
(/Users/avishekanand/Library/Application Support/MiKTeX/texmfs/install/tex/late
x/pgf/compatibility/pgfcomp-version-1-18.sty)
(/Users/avishekanand/Library/Application Support/MiKTeX/texmfs/install/tex/gene
ric/pgf/utilities/pgffor.code.tex
(/Users/avishekanand/Library/Application Support/MiKTeX/texmfs/install/tex/gene
ric/pgf/utilities/pgffor.code.tex
(/Users/avishekanand/Library/Application Support/MiKTeX/texmfs/install/tex/late
x/pgf/compatibility/pgfcomp-version-1-18.sty))))
(/Users/avishekanand/Library/Application Support/MiKTeX/texmfs/install/tex/late
x/pgf/utilities/pgffor.sty)))
(/Users/avishekanand/Library/Application Support/MiKTeX/texmfs/install/tex/late
x/pgf/utilities/pgffor.sty
(/Users/avishekanand/Library/Application Support/MiKTeX/texmfs/install/tex/gene
ric/pgf/utilities/pgffor.code.tex
(/Users/avishekanand/Library/Application Support/MiKTeX/texmfs/install/tex/gene
ric/pgf/frontendlayer/tikz/tikz.code.tex
(/Users/avishekanand/Library/Application Support/MiKTeX/texmfs/install/tex/gene
ric/pgf/frontendlayer/tikz/tikz.code.tex
(/Users/avishekanand/Library/Application Support/MiKTeX/texmfs/install/tex/gene
ric/pgf/utilities/pgffor.code.tex
(/Users/avishekanand/Library/Application Support/MiKTeX/texmfs/install/tex/gene
ric/pgf/libraries/pgflibraryplothandlers.code.tex
(/Users/avishekanand/Library/Application Support/MiKTeX/texmfs/install/tex/gene
ric/pgf/libraries/pgflibraryplothandlers.code.tex))))
(/Users/avishekanand/Library/Application Support/MiKTeX/texmfs/install/tex/gene
ric/pgf/frontendlayer/tikz/tikz.code.tex
(/Users/avishekanand/Library/Application Support/MiKTeX/texmfs/install/tex/gene
ric/pgf/frontendlayer/tikz/tikz.code.tex))
(/Users/avishekanand/Library/Application Support/MiKTeX/texmfs/install/tex/gene
ric/pgf/libraries/pgflibraryplothandlers.code.tex
(/Users/avishekanand/Library/Application Support/MiKTeX/texmfs/install/tex/gene
ric/pgf/libraries/pgflibraryplothandlers.code.tex))
(/Users/avishekanand/Library/Application Support/MiKTeX/texmfs/install/tex/gene
ric/pgf/modules/pgfmodulematrix.code.tex
(/Users/avishekanand/Library/Application Support/MiKTeX/texmfs/install/tex/gene
ric/pgf/modules/pgfmodulematrix.code.tex))
(/Users/avishekanand/Library/Application Support/MiKTeX/texmfs/install/tex/gene
ric/pgf/modules/pgfmodulematrix.code.tex
(/Users/avishekanand/Library/Application Support/MiKTeX/texmfs/install/tex/gene
ric/pgf/modules/pgfmodulematrix.code.tex))
(/Users/avishekanand/Library/Application Support/MiKTeX/texmfs/install/tex/gene
ric/pgf/frontendlayer/tikz/libraries/tikzlibrarytopaths.code.tex
(/Users/avishekanand/Library/Application Support/MiKTeX/texmfs/install/tex/gene
ric/pgf/frontendlayer/tikz/libraries/tikzlibrarytopaths.code.tex
(/Users/avishekanand/Library/Application Support/MiKTeX/texmfs/install/tex/gene
ric/pgf/frontendlayer/tikz/libraries/tikzlibrarytopaths.code.tex
(/Users/avishekanand/Library/Application Support/MiKTeX/texmfs/install/tex/gene
ric/pgf/frontendlayer/tikz/libraries/tikzlibrarytopaths.code.tex))))))))))))
(/Users/avishekanand/Library/Application Support/MiKTeX/texmfs/install/tex/late
x/booktabs/booktabs.sty
(/Users/avishekanand/Library/Application Support/MiKTeX/texmfs/install/tex/late
x/booktabs/booktabs.sty
(/Users/avishekanand/Library/Application Support/MiKTeX/texmfs/install/tex/late
x/booktabs/booktabs.sty
(/Users/avishekanand/Library/Application Support/MiKTeX/texmfs/install/tex/late
x/booktabs/booktabs.sty))))
(/Users/avishekanand/Library/Application Support/MiKTeX/texmfs/install/tex/late
x/listings/listings.sty
(/Users/avishekanand/Library/Application Support/MiKTeX/texmfs/install/tex/late
x/listings/listings.sty
(/Users/avishekanand/Library/Application Support/MiKTeX/texmfs/install/tex/late
x/listings/listings.sty
(/Users/avishekanand/Library/Application Support/MiKTeX/texmfs/install/tex/late
x/listings/listings.sty
(/Users/avishekanand/Library/Application Support/MiKTeX/texmfs/install/tex/late
x/listings/lstmisc.sty
(/Users/avishekanand/Library/Application Support/MiKTeX/texmfs/install/tex/late
x/listings/lstmisc.sty
(/Users/avishekanand/Library/Application Support/MiKTeX/texmfs/install/tex/late
x/listings/lstmisc.sty
(/Users/avishekanand/Library/Application Support/MiKTeX/texmfs/install/tex/late
x/listings/lstmisc.sty))))
(/Users/avishekanand/Library/Application Support/MiKTeX/texmfs/install/tex/late
x/listings/listings.cfg
(/Users/avishekanand/Library/Application Support/MiKTeX/texmfs/install/tex/late
x/listings/listings.cfg
(/Users/avishekanand/Library/Application Support/MiKTeX/texmfs/install/tex/late
x/listings/listings.cfg
(/Users/avishekanand/Library/Application Support/MiKTeX/texmfs/install/tex/late
x/listings/listings.cfg))))))))
(/Users/avishekanand/Library/Application Support/MiKTeX/texmfs/install/tex/late
x/listings/lstlang1.sty
(/Users/avishekanand/Library/Application Support/MiKTeX/texmfs/install/tex/late
x/listings/lstlang1.sty
(/Users/avishekanand/Library/Application Support/MiKTeX/texmfs/install/tex/late
x/psnfss/pifont.sty
(/Users/avishekanand/Library/Application Support/MiKTeX/texmfs/install/tex/late
x/psnfss/pifont.sty
(/Users/avishekanand/Library/Application Support/MiKTeX/texmfs/install/tex/late
x/psnfss/upzd.fd)
(/Users/avishekanand/Library/Application Support/MiKTeX/texmfs/install/tex/late
x/psnfss/upzd.fd)
(/Users/avishekanand/Library/Application Support/MiKTeX/texmfs/install/tex/late
x/psnfss/upsy.fd))
(/Users/avishekanand/Library/Application Support/MiKTeX/texmfs/install/tex/late
x/psnfss/upsy.fd))
(/Users/avishekanand/Library/Application Support/MiKTeX/texmfs/install/tex/late
x/listings/lstlang1.sty
(/Users/avishekanand/Library/Application Support/MiKTeX/texmfs/install/tex/late
x/listings/lstlang1.sty))
(/Users/avishekanand/Library/Application Support/MiKTeX/texmfs/install/tex/gene
ric/pgf/frontendlayer/tikz/libraries/tikzlibraryshapes.code.tex
(/Users/avishekanand/Library/Application Support/MiKTeX/texmfs/install/tex/gene
ric/pgf/frontendlayer/tikz/libraries/tikzlibraryshapes.code.tex
(/Users/avishekanand/Library/Application Support/MiKTeX/texmfs/install/tex/gene
ric/pgf/frontendlayer/tikz/libraries/tikzlibraryshapes.geometric.code.tex
(/Users/avishekanand/Library/Application Support/MiKTeX/texmfs/install/tex/gene
ric/pgf/frontendlayer/tikz/libraries/tikzlibraryshapes.geometric.code.tex
(/Users/avishekanand/Library/Application Support/MiKTeX/texmfs/install/tex/gene
ric/pgf/libraries/shapes/pgflibraryshapes.geometric.code.tex
(/Users/avishekanand/Library/Application Support/MiKTeX/texmfs/install/tex/gene
ric/pgf/libraries/shapes/pgflibraryshapes.geometric.code.tex))
(/Users/avishekanand/Library/Application Support/MiKTeX/texmfs/install/tex/gene
ric/pgf/frontendlayer/tikz/libraries/tikzlibraryshapes.code.tex
(/Users/avishekanand/Library/Application Support/MiKTeX/texmfs/install/tex/gene
ric/pgf/frontendlayer/tikz/libraries/tikzlibraryshapes.code.tex
(/Users/avishekanand/Library/Application Support/MiKTeX/texmfs/install/tex/gene
ric/pgf/frontendlayer/tikz/libraries/tikzlibraryshapes.geometric.code.tex
(/Users/avishekanand/Library/Application Support/MiKTeX/texmfs/install/tex/gene
ric/pgf/frontendlayer/tikz/libraries/tikzlibraryshapes.geometric.code.tex
(/Users/avishekanand/Library/Application Support/MiKTeX/texmfs/install/tex/gene
ric/pgf/libraries/shapes/pgflibraryshapes.geometric.code.tex
(/Users/avishekanand/Library/Application Support/MiKTeX/texmfs/install/tex/gene
ric/pgf/libraries/shapes/pgflibraryshapes.geometric.code.tex))))
(/Users/avishekanand/Library/Application Support/MiKTeX/texmfs/install/tex/gene
ric/pgf/frontendlayer/tikz/libraries/tikzlibraryshapes.misc.code.tex
(/Users/avishekanand/Library/Application Support/MiKTeX/texmfs/install/tex/gene
ric/pgf/frontendlayer/tikz/libraries/tikzlibraryshapes.misc.code.tex
(/Users/avishekanand/Library/Application Support/MiKTeX/texmfs/install/tex/gene
ric/pgf/libraries/shapes/pgflibraryshapes.misc.code.tex
(/Users/avishekanand/Library/Application Support/MiKTeX/texmfs/install/tex/gene
ric/pgf/libraries/shapes/pgflibraryshapes.misc.code.tex))))
(/Users/avishekanand/Library/Application Support/MiKTeX/texmfs/install/tex/gene
ric/pgf/frontendlayer/tikz/libraries/tikzlibraryshapes.misc.code.tex
(/Users/avishekanand/Library/Application Support/MiKTeX/texmfs/install/tex/gene
ric/pgf/frontendlayer/tikz/libraries/tikzlibraryshapes.misc.code.tex
(/Users/avishekanand/Library/Application Support/MiKTeX/texmfs/install/tex/gene
ric/pgf/libraries/shapes/pgflibraryshapes.misc.code.tex
(/Users/avishekanand/Library/Application Support/MiKTeX/texmfs/install/tex/gene
ric/pgf/libraries/shapes/pgflibraryshapes.misc.code.tex))))
(/Users/avishekanand/Library/Application Support/MiKTeX/texmfs/install/tex/gene
ric/pgf/frontendlayer/tikz/libraries/tikzlibraryshapes.symbols.code.tex
(/Users/avishekanand/Library/Application Support/MiKTeX/texmfs/install/tex/gene
ric/pgf/frontendlayer/tikz/libraries/tikzlibraryshapes.symbols.code.tex
(/Users/avishekanand/Library/Application Support/MiKTeX/texmfs/install/tex/gene
ric/pgf/libraries/shapes/pgflibraryshapes.symbols.code.tex
(/Users/avishekanand/Library/Application Support/MiKTeX/texmfs/install/tex/gene
ric/pgf/libraries/shapes/pgflibraryshapes.symbols.code.tex))))
(/Users/avishekanand/Library/Application Support/MiKTeX/texmfs/install/tex/gene
ric/pgf/frontendlayer/tikz/libraries/tikzlibraryshapes.symbols.code.tex
(/Users/avishekanand/Library/Application Support/MiKTeX/texmfs/install/tex/gene
ric/pgf/frontendlayer/tikz/libraries/tikzlibraryshapes.symbols.code.tex
(/Users/avishekanand/Library/Application Support/MiKTeX/texmfs/install/tex/gene
ric/pgf/libraries/shapes/pgflibraryshapes.symbols.code.tex
(/Users/avishekanand/Library/Application Support/MiKTeX/texmfs/install/tex/gene
ric/pgf/libraries/shapes/pgflibraryshapes.symbols.code.tex))))
(/Users/avishekanand/Library/Application Support/MiKTeX/texmfs/install/tex/gene
ric/pgf/frontendlayer/tikz/libraries/tikzlibraryshapes.arrows.code.tex
(/Users/avishekanand/Library/Application Support/MiKTeX/texmfs/install/tex/gene
ric/pgf/frontendlayer/tikz/libraries/tikzlibraryshapes.arrows.code.tex))
(/Users/avishekanand/Library/Application Support/MiKTeX/texmfs/install/tex/gene
ric/pgf/libraries/shapes/pgflibraryshapes.arrows.code.tex
(/Users/avishekanand/Library/Application Support/MiKTeX/texmfs/install/tex/gene
ric/pgf/libraries/shapes/pgflibraryshapes.arrows.code.tex))
(/Users/avishekanand/Library/Application Support/MiKTeX/texmfs/install/tex/gene
ric/pgf/frontendlayer/tikz/libraries/tikzlibraryshapes.arrows.code.tex
(/Users/avishekanand/Library/Application Support/MiKTeX/texmfs/install/tex/gene
ric/pgf/frontendlayer/tikz/libraries/tikzlibraryshapes.arrows.code.tex
(/Users/avishekanand/Library/Application Support/MiKTeX/texmfs/install/tex/gene
ric/pgf/libraries/shapes/pgflibraryshapes.arrows.code.tex
(/Users/avishekanand/Library/Application Support/MiKTeX/texmfs/install/tex/gene
ric/pgf/libraries/shapes/pgflibraryshapes.arrows.code.tex))))))
(/Users/avishekanand/Library/Application Support/MiKTeX/texmfs/install/tex/gene
ric/pgf/frontendlayer/tikz/libraries/tikzlibraryshapes.callouts.code.tex
(/Users/avishekanand/Library/Application Support/MiKTeX/texmfs/install/tex/gene
ric/pgf/frontendlayer/tikz/libraries/tikzlibraryshapes.callouts.code.tex))
(/Users/avishekanand/Library/Application Support/MiKTeX/texmfs/install/tex/gene
ric/pgf/frontendlayer/tikz/libraries/tikzlibraryshapes.callouts.code.tex
(/Users/avishekanand/Library/Application Support/MiKTeX/texmfs/install/tex/gene
ric/pgf/libraries/shapes/pgflibraryshapes.callouts.code.tex
(/Users/avishekanand/Library/Application Support/MiKTeX/texmfs/install/tex/gene
ric/pgf/libraries/shapes/pgflibraryshapes.callouts.code.tex
(/Users/avishekanand/Library/Application Support/MiKTeX/texmfs/install/tex/gene
ric/pgf/frontendlayer/tikz/libraries/tikzlibraryshapes.callouts.code.tex
(/Users/avishekanand/Library/Application Support/MiKTeX/texmfs/install/tex/gene
ric/pgf/libraries/shapes/pgflibraryshapes.callouts.code.tex
(/Users/avishekanand/Library/Application Support/MiKTeX/texmfs/install/tex/gene
ric/pgf/libraries/shapes/pgflibraryshapes.callouts.code.tex))))))))
(/Users/avishekanand/Library/Application Support/MiKTeX/texmfs/install/tex/gene
ric/pgf/frontendlayer/tikz/libraries/tikzlibraryshapes.multipart.code.tex
(/Users/avishekanand/Library/Application Support/MiKTeX/texmfs/install/tex/gene
ric/pgf/frontendlayer/tikz/libraries/tikzlibraryshapes.multipart.code.tex
(/Users/avishekanand/Library/Application Support/MiKTeX/texmfs/install/tex/gene
ric/pgf/frontendlayer/tikz/libraries/tikzlibraryshapes.multipart.code.tex
(/Users/avishekanand/Library/Application Support/MiKTeX/texmfs/install/tex/gene
ric/pgf/frontendlayer/tikz/libraries/tikzlibraryshapes.multipart.code.tex
(/Users/avishekanand/Library/Application Support/MiKTeX/texmfs/install/tex/gene
ric/pgf/libraries/shapes/pgflibraryshapes.multipart.code.tex
(/Users/avishekanand/Library/Application Support/MiKTeX/texmfs/install/tex/gene
ric/pgf/libraries/shapes/pgflibraryshapes.multipart.code.tex
(/Users/avishekanand/Library/Application Support/MiKTeX/texmfs/install/tex/gene
ric/pgf/libraries/shapes/pgflibraryshapes.multipart.code.tex
(/Users/avishekanand/Library/Application Support/MiKTeX/texmfs/install/tex/gene
ric/pgf/libraries/shapes/pgflibraryshapes.multipart.code.tex))))))))))))
(/Users/avishekanand/Library/Application Support/MiKTeX/texmfs/install/tex/gene
ric/pgf/frontendlayer/tikz/libraries/tikzlibraryarrows.code.tex
(/Users/avishekanand/Library/Application Support/MiKTeX/texmfs/install/tex/gene
ric/pgf/frontendlayer/tikz/libraries/tikzlibraryarrows.code.tex
(/Users/avishekanand/Library/Application Support/MiKTeX/texmfs/install/tex/gene
ric/pgf/frontendlayer/tikz/libraries/tikzlibraryarrows.code.tex
(/Users/avishekanand/Library/Application Support/MiKTeX/texmfs/install/tex/gene
ric/pgf/frontendlayer/tikz/libraries/tikzlibraryarrows.code.tex
(/Users/avishekanand/Library/Application Support/MiKTeX/texmfs/install/tex/gene
ric/pgf/libraries/pgflibraryarrows.code.tex
(/Users/avishekanand/Library/Application Support/MiKTeX/texmfs/install/tex/gene
ric/pgf/libraries/pgflibraryarrows.code.tex
(/Users/avishekanand/Library/Application Support/MiKTeX/texmfs/install/tex/gene
ric/pgf/libraries/pgflibraryarrows.code.tex
(/Users/avishekanand/Library/Application Support/MiKTeX/texmfs/install/tex/gene
ric/pgf/libraries/pgflibraryarrows.code.tex))))))))
(/Users/avishekanand/Library/Application Support/MiKTeX/texmfs/install/tex/gene
ric/pgf/frontendlayer/tikz/libraries/tikzlibrarypositioning.code.tex
(/Users/avishekanand/Library/Application Support/MiKTeX/texmfs/install/tex/gene
ric/pgf/frontendlayer/tikz/libraries/tikzlibrarypositioning.code.tex
(/Users/avishekanand/Library/Application Support/MiKTeX/texmfs/install/tex/gene
ric/pgf/frontendlayer/tikz/libraries/tikzlibrarypositioning.code.tex
(/Users/avishekanand/Library/Application Support/MiKTeX/texmfs/install/tex/gene
ric/pgf/frontendlayer/tikz/libraries/tikzlibrarypositioning.code.tex))))
(/Users/avishekanand/Library/Application Support/MiKTeX/texmfs/install/tex/gene
ric/pgf/frontendlayer/tikz/libraries/tikzlibrarycalc.code.tex
(/Users/avishekanand/Library/Application Support/MiKTeX/texmfs/install/tex/gene
ric/pgf/frontendlayer/tikz/libraries/tikzlibrarycalc.code.tex
(/Users/avishekanand/Library/Application Support/MiKTeX/texmfs/install/tex/gene
ric/pgf/frontendlayer/tikz/libraries/tikzlibrarycalc.code.tex
(/Users/avishekanand/Library/Application Support/MiKTeX/texmfs/install/tex/gene
ric/pgf/frontendlayer/tikz/libraries/tikzlibrarycalc.code.tex))))
(/Users/avishekanand/Library/Application Support/MiKTeX/texmfs/install/tex/gene
ric/pgf/frontendlayer/tikz/libraries/tikzlibrarypatterns.code.tex
(/Users/avishekanand/Library/Application Support/MiKTeX/texmfs/install/tex/gene
ric/pgf/frontendlayer/tikz/libraries/tikzlibrarypatterns.code.tex
(/Users/avishekanand/Library/Application Support/MiKTeX/texmfs/install/tex/gene
ric/pgf/libraries/pgflibrarypatterns.code.tex
(/Users/avishekanand/Library/Application Support/MiKTeX/texmfs/install/tex/gene
ric/pgf/libraries/pgflibrarypatterns.code.tex
(/Users/avishekanand/Library/Application Support/MiKTeX/texmfs/install/tex/late
x/l3backend/l3backend-pdftex.def
(/Users/avishekanand/Library/Application Support/MiKTeX/texmfs/install/tex/late
x/l3backend/l3backend-pdftex.def))))))
(/Users/avishekanand/Library/Application Support/MiKTeX/texmfs/install/tex/gene
ric/pgf/frontendlayer/tikz/libraries/tikzlibrarydecorations.pathreplacing.code.
tex
(/Users/avishekanand/Library/Application Support/MiKTeX/texmfs/install/tex/gene
ric/pgf/frontendlayer/tikz/libraries/tikzlibrarydecorations.code.tex
(/Users/avishekanand/Library/Application Support/MiKTeX/texmfs/install/tex/gene
ric/pgf/modules/pgfmoduledecorations.code.tex
No file 04_embeddings_neural_ranking.aux.
*geometry* driver: auto-detecting
*geometry* detected driver: pdftex

(/Users/avishekanand/Library/Application Support/MiKTeX/texmfs/install/tex/cont
ext/base/mkii/supp-pdf.mkii
No file 03_ranking.aux.
*geometry* driver: auto-detecting
*geometry* detected driver: pdftex

(/Users/avishekanand/Library/Application Support/MiKTeX/texmfs/install/tex/cont
ext/base/mkii/supp-pdf.mkii
[Loading MPS to PDF converter (version 2006.09.02).]
)
[Loading MPS to PDF converter (version 2006.09.02).]
)))
(/Users/avishekanand/Library/Application Support/MiKTeX/texmfs/install/tex/late
x/epstopdf-pkg/epstopdf-base.sty
(/Users/avishekanand/Library/Application Support/MiKTeX/texmfs/install/tex/late
x/epstopdf-pkg/epstopdf-base.sty
(/Users/avishekanand/Library/Application Support/MiKTeX/texmfs/install/tex/gene
ric/pgf/libraries/decorations/pgflibrarydecorations.pathreplacing.code.tex))
(/Users/avishekanand/Library/Application Support/MiKTeX/texmfs/install/tex/late
x/00miktex/epstopdf-sys.cfg
(/Users/avishekanand/Library/Application Support/MiKTeX/texmfs/install/tex/late
x/00miktex/epstopdf-sys.cfg))))
(/Users/avishekanand/Library/Application Support/MiKTeX/texmfs/install/tex/late
x/l3backend/l3backend-pdftex.def)
(/Users/avishekanand/Library/Application Support/MiKTeX/texmfs/install/tex/late
x/translator/translator-basic-dictionary-English.dict
(/Users/avishekanand/Library/Application Support/MiKTeX/texmfs/install/tex/late
x/translator/translator-basic-dictionary-English.dict))
No file 01_intro_vector_space.aux.
*geometry* driver: auto-detecting
*geometry* detected driver: pdftex

(/Users/avishekanand/Library/Application Support/MiKTeX/texmfs/install/tex/cont
ext/base/mkii/supp-pdf.mkii
(/Users/avishekanand/Library/Application Support/MiKTeX/texmfs/install/tex/late
x/translator/translator-bibliography-dictionary-English.dict
(/Users/avishekanand/Library/Application Support/MiKTeX/texmfs/install/tex/late
x/translator/translator-bibliography-dictionary-English.dict))
(/Users/avishekanand/Library/Application Support/MiKTeX/texmfs/install/tex/late
x/translator/translator-environment-dictionary-English.dict
(/Users/avishekanand/Library/Application Support/MiKTeX/texmfs/install/tex/late
x/translator/translator-environment-dictionary-English.dict))
(/Users/avishekanand/Library/Application Support/MiKTeX/texmfs/install/tex/late
x/translator/translator-months-dictionary-English.dict
(/Users/avishekanand/Library/Application Support/MiKTeX/texmfs/install/tex/late
x/translator/translator-months-dictionary-English.dict
[Loading MPS to PDF converter (version 2006.09.02).]
)))
(/Users/avishekanand/Library/Application Support/MiKTeX/texmfs/install/tex/late
x/epstopdf-pkg/epstopdf-base.sty
(/Users/avishekanand/Library/Application Support/MiKTeX/texmfs/install/tex/late
x/l3backend/l3backend-pdftex.def
(/Users/avishekanand/Library/Application Support/MiKTeX/texmfs/install/tex/late
x/translator/translator-numbers-dictionary-English.dict
(/Users/avishekanand/Library/Application Support/MiKTeX/texmfs/install/tex/late
x/translator/translator-numbers-dictionary-English.dict))
(/Users/avishekanand/Library/Application Support/MiKTeX/texmfs/install/tex/late
x/00miktex/epstopdf-sys.cfg
(/Users/avishekanand/Library/Application Support/MiKTeX/texmfs/install/tex/late
x/translator/translator-theorem-dictionary-English.dict
(/Users/avishekanand/Library/Application Support/MiKTeX/texmfs/install/tex/late
x/translator/translator-theorem-dictionary-English.dict)))))
No file 02_indexing.aux.
*geometry* driver: auto-detecting
*geometry* detected driver: pdftex

(/Users/avishekanand/Library/Application Support/MiKTeX/texmfs/install/tex/cont
ext/base/mkii/supp-pdf.mkii
(/Users/avishekanand/Library/Application Support/MiKTeX/texmfs/install/tex/late
x/translator/translator-basic-dictionary-English.dict
[Loading MPS to PDF converter (version 2006.09.02).]
))
(/Users/avishekanand/Library/Application Support/MiKTeX/texmfs/install/tex/late
x/translator/translator-bibliography-dictionary-English.dict)
(/Users/avishekanand/Library/Application Support/MiKTeX/texmfs/install/tex/late
x/epstopdf-pkg/epstopdf-base.sty
(/Users/avishekanand/Library/Application Support/MiKTeX/texmfs/install/tex/late
x/translator/translator-environment-dictionary-English.dict)
(/Users/avishekanand/Library/Application Support/MiKTeX/texmfs/install/tex/late
x/translator/translator-months-dictionary-English.dict)
(/Users/avishekanand/Library/Application Support/MiKTeX/texmfs/install/tex/late
x/00miktex/epstopdf-sys.cfg))
(/Users/avishekanand/Library/Application Support/MiKTeX/texmfs/install/tex/late
x/translator/translator-numbers-dictionary-English.dict)
(/Users/avishekanand/Library/Application Support/MiKTeX/texmfs/install/tex/late
x/translator/translator-theorem-dictionary-English.dict)
(/Users/avishekanand/Library/Application Support/MiKTeX/texmfs/install/tex/late
x/translator/translator-basic-dictionary-English.dict)
(/Users/avishekanand/Library/Application Support/MiKTeX/texmfs/install/tex/late
x/translator/translator-bibliography-dictionary-English.dict)
(/Users/avishekanand/Library/Application Support/MiKTeX/texmfs/install/tex/late
x/translator/translator-environment-dictionary-English.dict)
(/Users/avishekanand/Library/Application Support/MiKTeX/texmfs/install/tex/late
x/translator/translator-months-dictionary-English.dict)
(/Users/avishekanand/Library/Application Support/MiKTeX/texmfs/install/tex/late
x/translator/translator-numbers-dictionary-English.dict)
(/Users/avishekanand/Library/Application Support/MiKTeX/texmfs/install/tex/late
x/translator/translator-theorem-dictionary-English.dict)
No file 03_ranking.nav.
[1
No file 04_embeddings_neural_ranking.nav.
[1{/Users/avishekanand/Library/Application Support/MiKTeX/texmfs/data/fonts/map
/pdftex/pdftex.map{/Users/avishekanand/Library/Application Support/MiKTeX/texmfs/data/fonts/map
/pdftex/pdftex.map}}]]
No file 01_intro_vector_space.nav.
[1{/Users/avishekanand/Library/Application Support/MiKTeX/texmfs/data/fonts/map
/pdftex/pdftex.map
(/Users/avishekanand/Library/Application Support/MiKTeX/texmfs/install/tex/late
x/amsfonts/umsa.fd
(/Users/avishekanand/Library/Application Support/MiKTeX/texmfs/install/tex/late
x/amsfonts/umsa.fd))}
(/Users/avishekanand/Library/Application Support/MiKTeX/texmfs/install/tex/late
x/amsfonts/umsb.fd
(/Users/avishekanand/Library/Application Support/MiKTeX/texmfs/install/tex/late
x/amsfonts/umsb.fd))]
(/Users/avishekanand/Library/Application Support/MiKTeX/texmfs/install/tex/late
x/sansmathaccent/ot1mathkerncmss.fd
(/Users/avishekanand/Library/Application Support/MiKTeX/texmfs/install/tex/late
x/sansmathaccent/ot1mathkerncmss.fd))
No file 02_indexing.nav.
[1{/Users/avishekanand/Library/Application Support/MiKTeX/texmfs/data/fonts/map
/pdftex/pdftex.map
(/Users/avishekanand/Library/Application Support/MiKTeX/texmfs/install/tex/late
x/amsfonts/umsa.fd)}
(/Users/avishekanand/Library/Application Support/MiKTeX/texmfs/install/tex/late
x/amsfonts/umsb.fd])
(/Users/avishekanand/Library/Application Support/MiKTeX/texmfs/install/tex/late
x/sansmathaccent/ot1mathkerncmss.fd) [2
(/Users/avishekanand/Library/Application Support/MiKTeX/texmfs/install/tex/late
x/amsfonts/umsa.fd)] [2]
(/Users/avishekanand/Library/Application Support/MiKTeX/texmfs/install/tex/late
x/amsfonts/umsb.fd)
(/Users/avishekanand/Library/Application Support/MiKTeX/texmfs/install/tex/late
x/sansmathaccent/ot1mathkerncmss.fd) [2]
No file 03_ranking.toc.
[3]
No file 04_embeddings_neural_ranking.toc.
[3] [2]
No file 01_intro_vector_space.toc.
[3] [4] [3] [4] [4] [4] [5
Overfull \vbox (11.35188pt too high) detected at line 114
[5]] [5] [5]
No file 02_indexing.toc.
[6] [6] [6] [6]
Overfull \vbox (7.11438pt too high) detected at line 189
[7] [7] [7]
Overfull \vbox (40.92972pt too high) detected at line 152
[7]
Underfull \vbox (badness 10000) has occurred while \output is active [8]
Overfull \vbox (16.44177pt too high) detected at line 220
[8]
[9] [10]
Overfull \vbox (40.92972pt too high) detected at line 152
[8]
Overfull \vbox (72.53534pt too high) detected at line 256
[9]
Overfull \hbox (14.60391pt too wide) in paragraph at lines 230--230
[][]  
[8] [11]
(/Users/avishekanand/Library/Application Support/MiKTeX/texmfs/install/tex/late
x/base/ts1cmss.fd)
(/Users/avishekanand/Projects/Lectures/information-retrieval/build/04_embedding
s_neural_ranking.vrb [9]
Overfull \vbox (5.46228pt too high) detected at line 280
[10]) [12] [10]
Overfull \vbox (40.92972pt too high) detected at line 152
[9]
Overfull \vbox (49.2118pt too high) detected at line 305
[11] [13]
(/Users/avishekanand/Projects/Lectures/information-retrieval/build/04_embedding
s_neural_ranking.aux)

Package rerunfilecheck Warning: File `04_embeddings_neural_ranking.out' has cha
nged.
(rerunfilecheck)                Rerun to get outlines right
(rerunfilecheck)                or use package `bookmark'.

 )
(see the transcript file for additional information)</Users/avishekanand/Librar
y/Application Support/MiKTeX/texmfs/install/fonts/type1/public/amsfonts/cm/cmmi
10.pfb></Users/avishekanand/Library/Application Support/MiKTeX/texmfs/install/f
onts/type1/public/amsfonts/cm/cmss10.pfb></Users/avishekanand/Library/Applicati
on Support/MiKTeX/texmfs/install/fonts/type1/public/amsfonts/cm/cmss8.pfb></Use
rs/avishekanand/Library/Application Support/MiKTeX/texmfs/install/fonts/type1/p
ublic/amsfonts/cm/cmssbx10.pfb></Users/avishekanand/Library/Application Support
/MiKTeX/texmfs/install/fonts/type1/public/amsfonts/cm/cmssi10.pfb></Users/avish
ekanand/Library/Application Support/MiKTeX/texmfs/install/fonts/type1/public/am
sfonts/cm/cmsy10.pfb></Users/avishekanand/Library/Application Support/MiKTeX/te
xmfs/install/fonts/type1/public/amsfonts/cm/cmtt10.pfb></Users/avishekanand/Lib
rary/Application Support/MiKTeX/texmfs/install/fonts/type1/public/amsfonts/cm/c
mtt9.pfb></Users/avishekanand/Library/Application Support/MiKTeX/texmfs/install
/fonts/type1/public/amsfonts/symbols/msam10.pfb></Users/avishekanand/Library/Ap
plication Support/MiKTeX/texmfs/install/fonts/type1/public/amsfonts/symbols/msb
m10.pfb>
Overfull \vbox (48.02692pt too high) detected at line 351
[12]
Overfull \vbox (40.92972pt too high) detected at line 152
[10] [13]
Overfull \vbox (15.15604pt too high) detected at line 172
[11]
Output written on /Users/avishekanand/Projects/Lectures/information-retrieval/b
uild/04_embeddings_neural_ranking.pdf (13 pages, 149576 bytes).
Transcript written on /Users/avishekanand/Projects/Lectures/information-retriev
al/build/04_embeddings_neural_ranking.log.
pdflatex -output-directory=build 04_embeddings_neural_ranking.tex

Overfull \vbox (50.68208pt too high) detected at line 417
[14]
Overfull \vbox (15.15604pt too high) detected at line 172
[12] [15] [13]
Overfull \vbox (44.13525pt too high) detected at line 480
[16] [14]
Overfull \vbox (4.28973pt too high) detected at line 316
[11]
Overfull \vbox (8.26024pt too high) detected at line 511
[17] [15] [12]

LaTeX Font Warning: Font shape `OMS/cmss/m/n' undefined
(Font)              using `OMS/cmsy/m/n' instead
(Font)              for symbol `textbraceleft' on input line 548.

[18] [16] [13]
Overfull \vbox (22.83693pt too high) detected at line 573
[19]
Overfull \vbox (16.20708pt too high) detected at line 403
[14]
Overfull \vbox (47.31606pt too high) detected at line 244
[17]
Overfull \vbox (43.94942pt too high) detected at line 606
[20] [15]
Overfull \vbox (5.87689pt too high) detected at line 629
[21]
Overfull \vbox (21.0394pt too high) detected at line 496
[16]
Overfull \vbox (15.74988pt too high) detected at line 300
[18] [22]
Overfull \vbox (56.60193pt too high) detected at line 527
[17]

LaTeX Font Warning: Font shape `OMS/cmss/m/n' undefined
(Font)              using `OMS/cmsy/m/n' instead
(Font)              for symbol `textbraceleft' on input line 329.


Class beamer Warning: Frame text is shrunk by a factor of 39.32495 percent inst
ead of 5 percent on input line 329.

[19] [23]
Overfull \vbox (40.35703pt too high) detected at line 361
[20]
Overfull \vbox (22.83278pt too high) detected at line 553
[18]This is pdfTeX, Version 3.141592653-2.6-1.40.24 (MiKTeX 22.1) (preloaded format=pdflatex.fmt)
 restricted \write18 enabled.

Overfull \vbox (53.19568pt too high) detected at line 759
[24]entering extended mode
(04_embeddings_neural_ranking.tex
LaTeX2e <2023-11-01>
L3 programming layer <2023-11-09>

(/Users/avishekanand/Library/Application Support/MiKTeX/texmfs/install/tex/late
x/beamer/beamer.cls
Overfull \vbox (24.09607pt too high) detected at line 396
[21]
Document Class: beamer 2026/01/22 v3.77 A class for typesetting presentations

(/Users/avishekanand/Library/Application Support/MiKTeX/texmfs/install/tex/late
x/beamer/beamerbasemodes.sty
(/Users/avishekanand/Library/Application Support/MiKTeX/texmfs/install/tex/late
x/etoolbox/etoolbox.sty)
(/Users/avishekanand/Library/Application Support/MiKTeX/texmfs/install/tex/late
x/beamer/beamerbasedecode.sty))
(/Users/avishekanand/Library/Application Support/MiKTeX/texmfs/install/tex/gene
ric/iftex/iftex.sty)
(/Users/avishekanand/Library/Application Support/MiKTeX/texmfs/install/tex/late
x/beamer/beamerbaseoptions.sty
(/Users/avishekanand/Library/Application Support/MiKTeX/texmfs/install/tex/late
x/graphics/keyval.sty))
(/Users/avishekanand/Library/Application Support/MiKTeX/texmfs/install/tex/late
x/geometry/geometry.sty
(/Users/avishekanand/Library/Application Support/MiKTeX/texmfs/install/tex/gene
ric/iftex/ifvtex.sty)
(/Users/avishekanand/Library/Application Support/MiKTeX/texmfs/install/tex/late
x/geometry/geometry.cfg) [22
Overfull \vbox (27.58952pt too high) detected at line 590
[19]])
(/Users/avishekanand/Library/Application Support/MiKTeX/texmfs/install/tex/late
x/pgf/math/pgfmath.sty
(/Users/avishekanand/Library/Application Support/MiKTeX/texmfs/install/tex/late
x/pgf/utilities/pgfrcs.sty
Overfull \vbox (58.27531pt too high) detected at line 796
[25
(/Users/avishekanand/Library/Application Support/MiKTeX/texmfs/install/tex/gene
ric/pgf/utilities/pgfutil-common.tex])
(/Users/avishekanand/Library/Application Support/MiKTeX/texmfs/install/tex/gene
ric/pgf/utilities/pgfutil-latex.def)
(/Users/avishekanand/Library/Application Support/MiKTeX/texmfs/install/tex/gene
ric/pgf/utilities/pgfrcs.code.tex
(/Users/avishekanand/Library/Application Support/MiKTeX/texmfs/install/tex/gene
ric/pgf/pgf.revision.tex)))
(/Users/avishekanand/Library/Application Support/MiKTeX/texmfs/install/tex/late
x/pgf/utilities/pgfkeys.sty
(/Users/avishekanand/Library/Application Support/MiKTeX/texmfs/install/tex/gene
ric/pgf/utilities/pgfkeys.code.tex
(/Users/avishekanand/Library/Application Support/MiKTeX/texmfs/install/tex/gene
ric/pgf/utilities/pgfkeyslibraryfiltered.code.tex)))
(/Users/avishekanand/Library/Application Support/MiKTeX/texmfs/install/tex/gene
ric/pgf/math/pgfmath.code.tex
(/Users/avishekanand/Library/Application Support/MiKTeX/texmfs/install/tex/gene
ric/pgf/math/pgfmathutil.code.tex)
(/Users/avishekanand/Library/Application Support/MiKTeX/texmfs/install/tex/gene
ric/pgf/math/pgfmathparser.code.tex)
(/Users/avishekanand/Library/Application Support/MiKTeX/texmfs/install/tex/gene
ric/pgf/math/pgfmathfunctions.code.tex)
(/Users/avishekanand/Library/Application Support/MiKTeX/texmfs/install/tex/gene
ric/pgf/math/pgfmathfunctions.basic.code.tex)
(/Users/avishekanand/Library/Application Support/MiKTeX/texmfs/install/tex/gene
ric/pgf/math/pgfmathfunctions.trigonometric.code.tex [23]
Overfull \vbox (7.03935pt too high) detected at line 620
[20)]
(/Users/avishekanand/Library/Application Support/MiKTeX/texmfs/install/tex/gene
ric/pgf/math/pgfmathfunctions.random.code.tex)
(/Users/avishekanand/Library/Application Support/MiKTeX/texmfs/install/tex/gene
ric/pgf/math/pgfmathfunctions.comparison.code.tex)
(/Users/avishekanand/Library/Application Support/MiKTeX/texmfs/install/tex/gene
ric/pgf/math/pgfmathfunctions.base.code.tex)
(/Users/avishekanand/Library/Application Support/MiKTeX/texmfs/install/tex/gene
ric/pgf/math/pgfmathfunctions.round.code.tex)
(/Users/avishekanand/Library/Application Support/MiKTeX/texmfs/install/tex/gene
ric/pgf/math/pgfmathfunctions.misc.code.tex)
(/Users/avishekanand/Library/Application Support/MiKTeX/texmfs/install/tex/gene
ric/pgf/math/pgfmathfunctions.integerarithmetics.code.tex)
(/Users/avishekanand/Library/Application Support/MiKTeX/texmfs/install/tex/gene
ric/pgf/math/pgfmathcalc.code.tex)
(/Users/avishekanand/Library/Application Support/MiKTeX/texmfs/install/tex/gene
ric/pgf/math/pgfmathfloat.code.tex
Overfull \vbox (55.14551pt too high) detected at line 821
[26])))
(/Users/avishekanand/Library/Application Support/MiKTeX/texmfs/install/tex/late
x/base/size11.clo)
(/Users/avishekanand/Library/Application Support/MiKTeX/texmfs/install/tex/late
x/pgf/basiclayer/pgfcore.sty
(/Users/avishekanand/Library/Application Support/MiKTeX/texmfs/install/tex/late
x/graphics/graphicx.sty
(/Users/avishekanand/Library/Application Support/MiKTeX/texmfs/install/tex/late
x/graphics/graphics.sty
(/Users/avishekanand/Library/Application Support/MiKTeX/texmfs/install/tex/late
x/graphics/trig.sty) [24]
(/Users/avishekanand/Library/Application Support/MiKTeX/texmfs/install/tex/late
x/graphics-cfg/graphics.cfg)
(/Users/avishekanand/Library/Application Support/MiKTeX/texmfs/install/tex/late
x/graphics-def/pdftex.def
Overfull \vbox (16.527pt too high) detected at line 646
[21])))
(/Users/avishekanand/Library/Application Support/MiKTeX/texmfs/install/tex/late
x/pgf/systemlayer/pgfsys.sty
(/Users/avishekanand/Library/Application Support/MiKTeX/texmfs/install/tex/gene
ric/pgf/systemlayer/pgfsys.code.tex
Overfull \vbox (26.89197pt too high) detected at line 848
[27]
(/Users/avishekanand/Library/Application Support/MiKTeX/texmfs/install/tex/gene
ric/pgf/systemlayer/pgf.cfg)
(/Users/avishekanand/Library/Application Support/MiKTeX/texmfs/install/tex/gene
ric/pgf/systemlayer/pgfsys-pdftex.def
(/Users/avishekanand/Library/Application Support/MiKTeX/texmfs/install/tex/gene
ric/pgf/systemlayer/pgfsys-common-pdf.def)))
(/Users/avishekanand/Library/Application Support/MiKTeX/texmfs/install/tex/gene
ric/pgf/systemlayer/pgfsyssoftpath.code.tex)
(/Users/avishekanand/Library/Application Support/MiKTeX/texmfs/install/tex/gene
ric/pgf/systemlayer/pgfsysprotocol.code.tex))
(/Users/avishekanand/Library/Application Support/MiKTeX/texmfs/install/tex/late
x/xcolor/xcolor.sty
(/Users/avishekanand/Library/Application Support/MiKTeX/texmfs/install/tex/late
x/graphics-cfg/color.cfg)
(/Users/avishekanand/Library/Application Support/MiKTeX/texmfs/install/tex/late
x/graphics/mathcolor.ltx
Overfull \vbox (3.02586pt too high) detected at line 883
[28)])
(/Users/avishekanand/Library/Application Support/MiKTeX/texmfs/install/tex/gene
ric/pgf/basiclayer/pgfcore.code.tex
(/Users/avishekanand/Library/Application Support/MiKTeX/texmfs/install/tex/gene
ric/pgf/math/pgfint.code.tex)
Overfull \vbox (51.0368pt too high) detected at line 674
[22
(/Users/avishekanand/Library/Application Support/MiKTeX/texmfs/install/tex/gene
ric/pgf/basiclayer/pgfcorepoints.code.tex]
Overfull \vbox (10.83105pt too high) detected at line 477
[25])
(/Users/avishekanand/Library/Application Support/MiKTeX/texmfs/install/tex/gene
ric/pgf/basiclayer/pgfcorepathconstruct.code.tex)
(/Users/avishekanand/Library/Application Support/MiKTeX/texmfs/install/tex/gene
ric/pgf/basiclayer/pgfcorepathusage.code.tex)
(/Users/avishekanand/Library/Application Support/MiKTeX/texmfs/install/tex/gene
ric/pgf/basiclayer/pgfcorescopes.code.tex)
(/Users/avishekanand/Library/Application Support/MiKTeX/texmfs/install/tex/gene
ric/pgf/basiclayer/pgfcoregraphicstate.code.tex)
(/Users/avishekanand/Library/Application Support/MiKTeX/texmfs/install/tex/gene
ric/pgf/basiclayer/pgfcoretransformations.code.tex)
(/Users/avishekanand/Library/Application Support/MiKTeX/texmfs/install/tex/gene
ric/pgf/basiclayer/pgfcorequick.code.tex)
(/Users/avishekanand/Library/Application Support/MiKTeX/texmfs/install/tex/gene
ric/pgf/basiclayer/pgfcoreobjects.code.tex)
(/Users/avishekanand/Library/Application Support/MiKTeX/texmfs/install/tex/gene
ric/pgf/basiclayer/pgfcorepathprocessing.code.tex)
(/Users/avishekanand/Library/Application Support/MiKTeX/texmfs/install/tex/gene
ric/pgf/basiclayer/pgfcorearrows.code.tex
Overfull \vbox (27.018pt too high) detected at line 921
[29]
Overfull \vbox (13.5487pt too high) detected at line 704
[23)]
(/Users/avishekanand/Library/Application Support/MiKTeX/texmfs/install/tex/gene
ric/pgf/basiclayer/pgfcoreshade.code.tex)
(/Users/avishekanand/Library/Application Support/MiKTeX/texmfs/install/tex/gene
ric/pgf/basiclayer/pgfcoreimage.code.tex)
(/Users/avishekanand/Library/Application Support/MiKTeX/texmfs/install/tex/gene
ric/pgf/basiclayer/pgfcoreexternal.code.tex
Overfull \vbox (64.6786pt too high) detected at line 501
[26])
(/Users/avishekanand/Library/Application Support/MiKTeX/texmfs/install/tex/gene
ric/pgf/basiclayer/pgfcorelayers.code.tex)
(/Users/avishekanand/Library/Application Support/MiKTeX/texmfs/install/tex/gene
ric/pgf/basiclayer/pgfcoretransparency.code.tex)
(/Users/avishekanand/Library/Application Support/MiKTeX/texmfs/install/tex/gene
ric/pgf/basiclayer/pgfcorepatterns.code.tex)
(/Users/avishekanand/Library/Application Support/MiKTeX/texmfs/install/tex/gene
ric/pgf/basiclayer/pgfcorerdf.code.tex)))
(/Users/avishekanand/Library/Application Support/MiKTeX/texmfs/install/tex/late
x/pgf/utilities/xxcolor.sty)
(/Users/avishekanand/Library/Application Support/MiKTeX/texmfs/install/tex/late
x/base/atbegshi-ltx.sty)
(/Users/avishekanand/Library/Application Support/MiKTeX/texmfs/install/tex/late
x/hyperref/hyperref.sty
(/Users/avishekanand/Library/Application Support/MiKTeX/texmfs/install/tex/gene
ric/infwarerr/infwarerr.sty)
Overfull \vbox (29.0978pt too high) detected at line 949
[30]
(/Users/avishekanand/Library/Application Support/MiKTeX/texmfs/install/tex/late
x/kvsetkeys/kvsetkeys.sty)
(/Users/avishekanand/Library/Application Support/MiKTeX/texmfs/install/tex/gene
ric/kvdefinekeys/kvdefinekeys.sty)
Overfull \vbox (6.74458pt too high) detected at line 734
[24]
(/Users/avishekanand/Library/Application Support/MiKTeX/texmfs/install/tex/gene
ric/pdfescape/pdfescape.sty
(/Users/avishekanand/Library/Application Support/MiKTeX/texmfs/install/tex/gene
ric/ltxcmds/ltxcmds.sty)
Overfull \vbox (29.05693pt too high) detected at line 542
[27]
(/Users/avishekanand/Library/Application Support/MiKTeX/texmfs/install/tex/gene
ric/pdftexcmds/pdftexcmds.sty))
(/Users/avishekanand/Library/Application Support/MiKTeX/texmfs/install/tex/late
x/hycolor/hycolor.sty)
Overfull \vbox (47.65234pt too high) detected at line 974
[31]
(/Users/avishekanand/Library/Application Support/MiKTeX/texmfs/install/tex/late
x/letltxmacro/letltxmacro.sty)
(/Users/avishekanand/Library/Application Support/MiKTeX/texmfs/install/tex/late
x/auxhook/auxhook.sty)
(/Users/avishekanand/Library/Application Support/MiKTeX/texmfs/install/tex/late
x/hyperref/nameref.sty
(/Users/avishekanand/Library/Application Support/MiKTeX/texmfs/install/tex/late
x/refcount/refcount.sty)
(/Users/avishekanand/Library/Application Support/MiKTeX/texmfs/install/tex/gene
ric/gettitlestring/gettitlestring.sty
(/Users/avishekanand/Library/Application Support/MiKTeX/texmfs/install/tex/late
x/kvoptions/kvoptions.sty))
Overfull \vbox (72.937pt too high) detected at line 577
[28])
(/Users/avishekanand/Library/Application Support/MiKTeX/texmfs/install/tex/late
x/hyperref/pd1enc.def
Overfull \vbox (91.87862pt too high) detected at line 1000
[32])
Overfull \vbox (11.47688pt too high) detected at line 774
[25]
(/Users/avishekanand/Library/Application Support/MiKTeX/texmfs/install/tex/gene
ric/intcalc/intcalc.sty)
(/Users/avishekanand/Library/Application Support/MiKTeX/texmfs/install/tex/late
x/hyperref/puenc.def
Overfull \vbox (48.42862pt too high) detected at line 601
[29])
Overfull \vbox (13.53625pt too high) detected at line 1031
[33]
(/Users/avishekanand/Library/Application Support/MiKTeX/texmfs/install/tex/late
x/url/url.sty
Overfull \vbox (72.20703pt too high) detected at line 636
[30)]
(/Users/avishekanand/Library/Application Support/MiKTeX/texmfs/install/tex/gene
ric/bitset/bitset.sty
(/Users/avishekanand/Library/Application Support/MiKTeX/texmfs/install/tex/gene
ric/bigintcalc/bigintcalc.sty)
Overfull \vbox (45.74365pt too high) detected at line 824
[26])

Package hyperref Message: Stopped early.

)
(/Users/avishekanand/Library/Application Support/MiKTeX/texmfs/install/tex/late
x/hyperref/hpdftex.def
(/Users/avishekanand/Library/Application Support/MiKTeX/texmfs/install/tex/late
x/base/atveryend-ltx.sty)
Overfull \vbox (29.62935pt too high) detected at line 1067
[34]
(/Users/avishekanand/Library/Application Support/MiKTeX/texmfs/install/tex/late
x/rerunfilecheck/rerunfilecheck.sty
Overfull \vbox (18.56453pt too high) detected at line 668
[31]
(/Users/avishekanand/Library/Application Support/MiKTeX/texmfs/install/tex/gene
ric/uniquecounter/uniquecounter.sty)))
(/Users/avishekanand/Library/Application Support/MiKTeX/texmfs/install/tex/late
x/beamer/beamerbaserequires.sty
(/Users/avishekanand/Library/Application Support/MiKTeX/texmfs/install/tex/late
x/beamer/beamerbasecompatibility.sty)
(/Users/avishekanand/Library/Application Support/MiKTeX/texmfs/install/tex/late
x/beamer/beamerbasefont.sty
(/Users/avishekanand/Library/Application Support/MiKTeX/texmfs/install/tex/late
x/amsfonts/amssymb.sty
(/Users/avishekanand/Library/Application Support/MiKTeX/texmfs/install/tex/late
x/amsfonts/amsfonts.sty)
Overfull \vbox (20.09521pt too high) detected at line 850
[27])
Overfull \vbox (10.14667pt too high) detected at line 694
[32]
Overfull \vbox (28.44463pt too high) detected at line 1103
[35]
Overfull \vbox (47.54198pt too high) detected at line 727
[33
Overfull \vbox (54.12813pt too high) detected at line 875
[28]]
! Misplaced \omit.
\multispan ->\omit 
                   \@multispan 
l.906 \end{frame}
                 
? 
Overfull \vbox (94.92436pt too high) detected at line 1141
[36]
(/Users/avishekanand/Library/Application Support/MiKTeX/texmfs/install/tex/late
x/sansmathaccent/sansmathaccent.sty
(/Users/avishekanand/Library/Application Support/MiKTeX/texmfs/install/tex/late
x/koma-script/scrlfile.sty

+----------------------------------------------------------------------
| WARNING (`scrlfile.sty'):
+----------------------------------------------------------------------
| YOU SHOULD NOTE, THAT THIS IS NOT AN OFFICIAL RELEASE!
| THIS VERSION IS INTENDED TO BE USED FOR TESTING ONLY!
| USAGE FOR PURPOSES OTHER THAN INTENDED IS DANGEROUS!
| DON'T EXPECT ANY SUPPORT FOR THIS VERSION!
+----------------------------------------------------------------------


(/Users/avishekanand/Library/Application Support/MiKTeX/texmfs/install/tex/late
x/koma-script/scrlfile-hook.sty
Overfull \vbox (73.13112pt too high) detected at line 762
[34]

+----------------------------------------------------------------------
| WARNING (`scrlfile-hook.sty'):
+----------------------------------------------------------------------
| YOU SHOULD NOTE, THAT THIS IS NOT AN OFFICIAL RELEASE!
| THIS VERSION IS INTENDED TO BE USED FOR TESTING ONLY!
| USAGE FOR PURPOSES OTHER THAN INTENDED IS DANGEROUS!
| DON'T EXPECT ANY SUPPORT FOR THIS VERSION!
+----------------------------------------------------------------------


(/Users/avishekanand/Library/Application Support/MiKTeX/texmfs/install/tex/late
x/koma-script/scrlogo.sty

+----------------------------------------------------------------------
| WARNING (`scrlogo.sty'):
+----------------------------------------------------------------------
| YOU SHOULD NOTE, THAT THIS IS NOT AN OFFICIAL RELEASE!
| THIS VERSION IS INTENDED TO BE USED FOR TESTING ONLY!
| USAGE FOR PURPOSES OTHER THAN INTENDED IS DANGEROUS!
| DON'T EXPECT ANY SUPPORT FOR THIS VERSION!
+----------------------------------------------------------------------

)))))
(/Users/avishekanand/Library/Application Support/MiKTeX/texmfs/install/tex/late
x/beamer/beamerbasetranslator.sty
(/Users/avishekanand/Library/Application Support/MiKTeX/texmfs/install/tex/late
x/translator/translator.sty))
Overfull \vbox (47.38274pt too high) detected at line 1172
[37]
(/Users/avishekanand/Library/Application Support/MiKTeX/texmfs/install/tex/late
x/beamer/beamerbasemisc.sty)
(/Users/avishekanand/Library/Application Support/MiKTeX/texmfs/install/tex/late
x/beamer/beamerbasetwoscreens.sty)
(/Users/avishekanand/Library/Application Support/MiKTeX/texmfs/install/tex/late
x/beamer/beamerbaseoverlay.sty
Overfull \vbox (56.86281pt too high) detected at line 802
[35])
(/Users/avishekanand/Library/Application Support/MiKTeX/texmfs/install/tex/late
x/beamer/beamerbasetitle.sty)
(/Users/avishekanand/Library/Application Support/MiKTeX/texmfs/install/tex/late
x/beamer/beamerbasesection.sty)
(/Users/avishekanand/Library/Application Support/MiKTeX/texmfs/install/tex/late
x/beamer/beamerbaseframe.sty)
(/Users/avishekanand/Library/Application Support/MiKTeX/texmfs/install/tex/late
x/beamer/beamerbaseverbatim.sty)
(/Users/avishekanand/Library/Application Support/MiKTeX/texmfs/install/tex/late
x/beamer/beamerbaseframesize.sty)
Overfull \vbox (56.86281pt too high) detected at line 802
[36]
(/Users/avishekanand/Library/Application Support/MiKTeX/texmfs/install/tex/late
x/beamer/beamerbaseframecomponents.sty
Overfull \vbox (76.4577pt too high) detected at line 1204
[38])
(/Users/avishekanand/Library/Application Support/MiKTeX/texmfs/install/tex/late
x/beamer/beamerbasecolor.sty)
(/Users/avishekanand/Library/Application Support/MiKTeX/texmfs/install/tex/late
x/beamer/beamerbasenotes.sty)
(/Users/avishekanand/Library/Application Support/MiKTeX/texmfs/install/tex/late
x/beamer/beamerbasetoc.sty)
(/Users/avishekanand/Library/Application Support/MiKTeX/texmfs/install/tex/late
x/beamer/beamerbasetemplates.sty
(/Users/avishekanand/Library/Application Support/MiKTeX/texmfs/install/tex/late
x/beamer/beamerbaseauxtemplates.sty
Overfull \vbox (56.86281pt too high) detected at line 802
[37]
(/Users/avishekanand/Library/Application Support/MiKTeX/texmfs/install/tex/late
x/beamer/beamerbaseboxes.sty)))
(/Users/avishekanand/Library/Application Support/MiKTeX/texmfs/install/tex/late
x/beamer/beamerbaselocalstructure.sty
Overfull \vbox (74.47853pt too high) detected at line 1235
[39]
(/Users/avishekanand/Library/Application Support/MiKTeX/texmfs/install/tex/late
x/tools/enumerate.sty))
Overfull \vbox (56.86281pt too high) detected at line 802
[38
(/Users/avishekanand/Library/Application Support/MiKTeX/texmfs/install/tex/late
x/beamer/beamerbasenavigation.sty]
(/Users/avishekanand/Library/Application Support/MiKTeX/texmfs/install/tex/late
x/beamer/beamerbasenavigationsymbols.tex))
(/Users/avishekanand/Library/Application Support/MiKTeX/texmfs/install/tex/late
x/beamer/beamerbasetheorems.sty
(/Users/avishekanand/Library/Application Support/MiKTeX/texmfs/install/tex/late
x/amsmath/amsmath.sty
For additional information on amsmath, use the `?' option.

(/Users/avishekanand/Library/Application Support/MiKTeX/texmfs/install/tex/late
x/amsmath/amstext.sty
(/Users/avishekanand/Library/Application Support/MiKTeX/texmfs/install/tex/late
x/amsmath/amsgen.sty))
(/Users/avishekanand/Library/Application Support/MiKTeX/texmfs/install/tex/late
x/amsmath/amsbsy.sty)
(/Users/avishekanand/Library/Application Support/MiKTeX/texmfs/install/tex/late
x/amsmath/amsopn.sty)
Overfull \vbox (25.14359pt too high) detected at line 1269
[40]
Overfull \vbox (56.86281pt too high) detected at line 802
[39])
(/Users/avishekanand/Library/Application Support/MiKTeX/texmfs/install/tex/late
x/amscls/amsthm.sty))
(/Users/avishekanand/Library/Application Support/MiKTeX/texmfs/install/tex/late
x/beamer/beamerbasethemes.sty))
(/Users/avishekanand/Library/Application Support/MiKTeX/texmfs/install/tex/late
x/beamer/beamerthemedefault.sty
(/Users/avishekanand/Library/Application Support/MiKTeX/texmfs/install/tex/late
x/beamer/beamerfontthemedefault.sty)
(/Users/avishekanand/Library/Application Support/MiKTeX/texmfs/install/tex/late
x/beamer/beamercolorthemedefault.sty)
(/Users/avishekanand/Library/Application Support/MiKTeX/texmfs/install/tex/late
x/beamer/beamerinnerthemedefault.sty
Overfull \vbox (67.21597pt too high) detected at line 1294
[41]
Overfull \vbox (32.88379pt too high) detected at line 840
[40])
(/Users/avishekanand/Library/Application Support/MiKTeX/texmfs/install/tex/late
x/beamer/beamerouterthemedefault.sty))) (beamerthemeTUDelft.sty)
(/Users/avishekanand/Library/Application Support/MiKTeX/texmfs/install/tex/late
x/algorithms/algorithm.sty
(/Users/avishekanand/Library/Application Support/MiKTeX/texmfs/install/tex/late
x/float/float.sty)
(/Users/avishekanand/Library/Application Support/MiKTeX/texmfs/install/tex/late
x/base/ifthen.sty))
(/Users/avishekanand/Library/Application Support/MiKTeX/texmfs/install/tex/late
x/algorithms/algorithmic.sty)
(/Users/avishekanand/Library/Application Support/MiKTeX/texmfs/install/tex/late
x/pgf/frontendlayer/tikz.sty
(/Users/avishekanand/Library/Application Support/MiKTeX/texmfs/install/tex/late
x/pgf/basiclayer/pgf.sty
(/Users/avishekanand/Library/Application Support/MiKTeX/texmfs/install/tex/gene
ric/pgf/modules/pgfmoduleshapes.code.tex)
(/Users/avishekanand/Library/Application Support/MiKTeX/texmfs/install/tex/gene
ric/pgf/modules/pgfmoduleplot.code.tex)
(/Users/avishekanand/Library/Application Support/MiKTeX/texmfs/install/tex/late
x/pgf/compatibility/pgfcomp-version-0-65.sty)
Overfull \vbox (54.9144pt too high) detected at line 883
[41]
(/Users/avishekanand/Library/Application Support/MiKTeX/texmfs/install/tex/late
x/pgf/compatibility/pgfcomp-version-1-18.sty))
(/Users/avishekanand/Library/Application Support/MiKTeX/texmfs/install/tex/late
x/pgf/utilities/pgffor.sty
(/Users/avishekanand/Library/Application Support/MiKTeX/texmfs/install/tex/gene
ric/pgf/utilities/pgffor.code.tex))
(/Users/avishekanand/Library/Application Support/MiKTeX/texmfs/install/tex/gene
ric/pgf/frontendlayer/tikz/tikz.code.tex
(/Users/avishekanand/Library/Application Support/MiKTeX/texmfs/install/tex/gene
ric/pgf/libraries/pgflibraryplothandlers.code.tex)
(/Users/avishekanand/Library/Application Support/MiKTeX/texmfs/install/tex/gene
ric/pgf/modules/pgfmodulematrix.code.tex)
Overfull \vbox (59.20445pt too high) detected at line 930
[42]
Overfull \vbox (98.64293pt too high) detected at line 1327
[42]
(/Users/avishekanand/Library/Application Support/MiKTeX/texmfs/install/tex/gene
ric/pgf/frontendlayer/tikz/libraries/tikzlibrarytopaths.code.tex)))
(/Users/avishekanand/Library/Application Support/MiKTeX/texmfs/install/tex/late
x/booktabs/booktabs.sty)
(/Users/avishekanand/Library/Application Support/MiKTeX/texmfs/install/tex/late
x/listings/listings.sty
(/Users/avishekanand/Library/Application Support/MiKTeX/texmfs/install/tex/late
x/listings/lstmisc.sty)
(/Users/avishekanand/Library/Application Support/MiKTeX/texmfs/install/tex/late
x/listings/listings.cfg))
(/Users/avishekanand/Library/Application Support/MiKTeX/texmfs/install/tex/late
x/psnfss/pifont.sty
(/Users/avishekanand/Library/Application Support/MiKTeX/texmfs/install/tex/late
x/psnfss/upzd.fd)
(/Users/avishekanand/Library/Application Support/MiKTeX/texmfs/install/tex/late
x/psnfss/upsy.fd)
Overfull \vbox (75.21606pt too high) detected at line 963
[43)]
(/Users/avishekanand/Library/Application Support/MiKTeX/texmfs/install/tex/late
x/listings/lstlang1.sty
Overfull \vbox (95.87631pt too high) detected at line 1358
[43])
! Undefined control sequence.
<argument> .../enumerate \beameritemnestingprefix 
                                                  body end
l.995 \end{frame}
                 
? 
(/Users/avishekanand/Library/Application Support/MiKTeX/texmfs/install/tex/gene
ric/pgf/frontendlayer/tikz/libraries/tikzlibraryshapes.code.tex
(/Users/avishekanand/Library/Application Support/MiKTeX/texmfs/install/tex/gene
ric/pgf/frontendlayer/tikz/libraries/tikzlibraryshapes.geometric.code.tex
(/Users/avishekanand/Library/Application Support/MiKTeX/texmfs/install/tex/gene
ric/pgf/libraries/shapes/pgflibraryshapes.geometric.code.tex))
(/Users/avishekanand/Library/Application Support/MiKTeX/texmfs/install/tex/gene
ric/pgf/frontendlayer/tikz/libraries/tikzlibraryshapes.misc.code.tex
(/Users/avishekanand/Library/Application Support/MiKTeX/texmfs/install/tex/gene
ric/pgf/libraries/shapes/pgflibraryshapes.misc.code.tex))
(/Users/avishekanand/Library/Application Support/MiKTeX/texmfs/install/tex/gene
ric/pgf/frontendlayer/tikz/libraries/tikzlibraryshapes.symbols.code.tex
(/Users/avishekanand/Library/Application Support/MiKTeX/texmfs/install/tex/gene
ric/pgf/libraries/shapes/pgflibraryshapes.symbols.code.tex
Overfull \vbox (95.78748pt too high) detected at line 1383
[44]))
(/Users/avishekanand/Library/Application Support/MiKTeX/texmfs/install/tex/gene
ric/pgf/frontendlayer/tikz/libraries/tikzlibraryshapes.arrows.code.tex
(/Users/avishekanand/Library/Application Support/MiKTeX/texmfs/install/tex/gene
ric/pgf/libraries/shapes/pgflibraryshapes.arrows.code.tex))
(/Users/avishekanand/Library/Application Support/MiKTeX/texmfs/install/tex/gene
ric/pgf/frontendlayer/tikz/libraries/tikzlibraryshapes.callouts.code.tex
(/Users/avishekanand/Library/Application Support/MiKTeX/texmfs/install/tex/gene
ric/pgf/libraries/shapes/pgflibraryshapes.callouts.code.tex))
(/Users/avishekanand/Library/Application Support/MiKTeX/texmfs/install/tex/gene
ric/pgf/frontendlayer/tikz/libraries/tikzlibraryshapes.multipart.code.tex
(/Users/avishekanand/Library/Application Support/MiKTeX/texmfs/install/tex/gene
ric/pgf/libraries/shapes/pgflibraryshapes.multipart.code.tex)))
(/Users/avishekanand/Library/Application Support/MiKTeX/texmfs/install/tex/gene
ric/pgf/frontendlayer/tikz/libraries/tikzlibraryarrows.code.tex
(/Users/avishekanand/Library/Application Support/MiKTeX/texmfs/install/tex/gene
ric/pgf/libraries/pgflibraryarrows.code.tex
Overfull \vbox (76.63094pt too high) detected at line 1415
[45]))
(/Users/avishekanand/Library/Application Support/MiKTeX/texmfs/install/tex/gene
ric/pgf/frontendlayer/tikz/libraries/tikzlibrarypositioning.code.tex)
(/Users/avishekanand/Library/Application Support/MiKTeX/texmfs/install/tex/gene
ric/pgf/frontendlayer/tikz/libraries/tikzlibrarycalc.code.tex)
(/Users/avishekanand/Library/Application Support/MiKTeX/texmfs/install/tex/late
x/l3backend/l3backend-pdftex.def)
(/Users/avishekanand/Projects/Lectures/information-retrieval/build/04_embedding
s_neural_ranking.aux)
*geometry* driver: auto-detecting
*geometry* detected driver: pdftex

(/Users/avishekanand/Library/Application Support/MiKTeX/texmfs/install/tex/cont
ext/base/mkii/supp-pdf.mkii
[Loading MPS to PDF converter (version 2006.09.02).]
)
(/Users/avishekanand/Library/Application Support/MiKTeX/texmfs/install/tex/late
x/epstopdf-pkg/epstopdf-base.sty
(/Users/avishekanand/Library/Application Support/MiKTeX/texmfs/install/tex/late
x/00miktex/epstopdf-sys.cfg))
Overfull \vbox (81.71268pt too high) detected at line 1441
[46]
(/Users/avishekanand/Projects/Lectures/information-retrieval/build/04_embedding
s_neural_ranking.out)
(/Users/avishekanand/Projects/Lectures/information-retrieval/build/04_embedding
s_neural_ranking.out)
(/Users/avishekanand/Library/Application Support/MiKTeX/texmfs/install/tex/late
x/translator/translator-basic-dictionary-English.dict)
(/Users/avishekanand/Library/Application Support/MiKTeX/texmfs/install/tex/late
x/translator/translator-bibliography-dictionary-English.dict)
(/Users/avishekanand/Library/Application Support/MiKTeX/texmfs/install/tex/late
x/translator/translator-environment-dictionary-English.dict)
(/Users/avishekanand/Library/Application Support/MiKTeX/texmfs/install/tex/late
x/translator/translator-months-dictionary-English.dict)
(/Users/avishekanand/Library/Application Support/MiKTeX/texmfs/install/tex/late
x/translator/translator-numbers-dictionary-English.dict)
(/Users/avishekanand/Library/Application Support/MiKTeX/texmfs/install/tex/late
x/translator/translator-theorem-dictionary-English.dict)
(/Users/avishekanand/Projects/Lectures/information-retrieval/build/04_embedding
s_neural_ranking.nav)
Overfull \vbox (41.68362pt too high) detected at line 1475
[47] [1{/Users/avishekanand/Library/Application Support/MiKTeX
/texmfs/data/fonts/map/pdftex/pdftex.map}]
Overfull \vbox (29.57692pt too high) detected at line 1501
[48]
(/Users/avishekanand/Library/Application Support/MiKTeX/texmfs/install/tex/late
x/amsfonts/umsa.fd)
(/Users/avishekanand/Library/Application Support/MiKTeX/texmfs/install/tex/late
x/amsfonts/umsb.fd)
(/Users/avishekanand/Library/Application Support/MiKTeX/texmfs/install/tex/late
x/sansmathaccent/ot1mathkerncmss.fd) [2]
(/Users/avishekanand/Projects/Lectures/information-retrieval/build/04_embedding
s_neural_ranking.toc
Overfull \vbox (28.94775pt too high) detected at line 1527
[49]) [3]
Overfull \vbox (66.98683pt too high) detected at line 1556
[50] [4]
Overfull \vbox (118.45905pt too high) detected at line 1579
[51] [5]
Overfull \vbox (16.55766pt too high) detected at line 1610
[52] [6] [7]
Overfull \vbox (28.65767pt too high) detected at line 1634
[53]
Underfull \vbox (badness 10000) has occurred while \output is active [8]
[9]
Overfull \vbox (6.54768pt too high) detected at line 1658
[54]
Overfull \vbox (24.66853pt too high) detected at line 1683
[55] [10]
Overfull \vbox (6.48523pt too high) detected at line 1706
[56] [11]
(/Users/avishekanand/Projects/Lectures/information-retrieval/build/04_embedding
s_neural_ranking.vrb)
Overfull \vbox (39.42273pt too high) detected at line 1735
[57] [12]
Overfull \vbox (30.37488pt too high) detected at line 1763
[58] [13]
(/Users/avishekanand/Projects/Lectures/information-retrieval/build/04_embedding
s_neural_ranking.aux) )
(see the transcript file for additional information)</Users/avishekanand/Librar
y/Application Support/MiKTeX/texmfs/install/fonts/type1/public/amsfonts/cm/cmmi
10.pfb></Users/avishekanand/Library/Application Support/MiKTeX/texmfs/install/f
onts/type1/public/amsfonts/cm/cmss10.pfb></Users/avishekanand/Library/Applicati
on Support/MiKTeX/texmfs/install/fonts/type1/public/amsfonts/cm/cmss8.pfb></Use
rs/avishekanand/Library/Application Support/MiKTeX/texmfs/install/fonts/type1/p
ublic/amsfonts/cm/cmssbx10.pfb></Users/avishekanand/Library/Application Support
/MiKTeX/texmfs/install/fonts/type1/public/amsfonts/cm/cmssi10.pfb></Users/avish
ekanand/Library/Application Support/MiKTeX/texmfs/install/fonts/type1/public/am
sfonts/cm/cmsy10.pfb></Users/avishekanand/Library/Application Support/MiKTeX/te
xmfs/install/fonts/type1/public/amsfonts/cm/cmtt10.pfb></Users/avishekanand/Lib
rary/Application Support/MiKTeX/texmfs/install/fonts/type1/public/amsfonts/cm/c
mtt9.pfb></Users/avishekanand/Library/Application Support/MiKTeX/texmfs/install
/fonts/type1/public/amsfonts/symbols/msam10.pfb></Users/avishekanand/Library/Ap
plication Support/MiKTeX/texmfs/install/fonts/type1/public/amsfonts/symbols/msb
m10.pfb>

Package hyperref Warning: Token not allowed in a PDF string (Unicode):
(hyperref)                removing `\translate ' on input line 1767.


Overfull \vbox (108.27348pt too high) detected at line 1792
[59]
Overfull \vbox (52.86183pt too high) detected at line 1820
[60]
Output written on /Users/avishekanand/Projects/Lectures/information-retrieval/b
uild/04_embeddings_neural_ranking.pdf (13 pages, 152793 bytes).
Transcript written on /Users/avishekanand/Projects/Lectures/information-retriev
al/build/04_embeddings_neural_ranking.log.
pdflatex -output-directory=build 05_dense_retrieval.tex

Overfull \vbox (142.19482pt too high) detected at line 1848
[61]
Overfull \vbox (12.74352pt too high) detected at line 1870
[62]
(/Users/avishekanand/Projects/Lectures/information-retrieval/build/01_intro_vec
tor_space.aux)

LaTeX Font Warning: Some font shapes were not available, defaults substituted.


Package rerunfilecheck Warning: File `01_intro_vector_space.out' has changed.
(rerunfilecheck)                Rerun to get outlines right
(rerunfilecheck)                or use package `bookmark'.

 )
(see the transcript file for additional information) </Users/avishekanand/Libra
ry/Application Support/MiKTeX/texmfs/data/fonts/pk/ljfour/jknappen/ec/dpi600/tc
ss1000.pk> </Users/avishekanand/Library/Application Support/MiKTeX/texmfs/data/
fonts/pk/ljfour/jknappen/ec/dpi600/tcss1095.pk></Users/avishekanand/Library/App
lication Support/MiKTeX/texmfs/install/fonts/type1/public/amsfonts/cm/cmex10.pf
b></Users/avishekanand/Library/Application Support/MiKTeX/texmfs/install/fonts/
type1/public/amsfonts/cm/cmmi10.pfb></Users/avishekanand/Library/Application Su
pport/MiKTeX/texmfs/install/fonts/type1/public/amsfonts/cm/cmmi8.pfb></Users/av
ishekanand/Library/Application Support/MiKTeX/texmfs/install/fonts/type1/public
/amsfonts/cm/cmss10.pfb></Users/avishekanand/Library/Application Support/MiKTeX
/texmfs/install/fonts/type1/public/amsfonts/cm/cmss12.pfb></Users/avishekanand/
Library/Application Support/MiKTeX/texmfs/install/fonts/type1/public/amsfonts/c
m/cmss17.pfb></Users/avishekanand/Library/Application Support/MiKTeX/texmfs/ins
tall/fonts/type1/public/amsfonts/cm/cmss8.pfb></Users/avishekanand/Library/Appl
ication Support/MiKTeX/texmfs/install/fonts/type1/public/amsfonts/cm/cmss9.pfb>
</Users/avishekanand/Library/Application Support/MiKTeX/texmfs/install/fonts/ty
pe1/public/amsfonts/cm/cmssbx10.pfb></Users/avishekanand/Library/Application Su
pport/MiKTeX/texmfs/install/fonts/type1/public/amsfonts/cm/cmssi10.pfb></Users/
avishekanand/Library/Application Support/MiKTeX/texmfs/install/fonts/type1/publ
ic/amsfonts/cm/cmssi8.pfb></Users/avishekanand/Library/Application Support/MiKT
eX/texmfs/install/fonts/type1/public/amsfonts/cm/cmsy10.pfb></Users/avishekanan
d/Library/Application Support/MiKTeX/texmfs/install/fonts/type1/public/amsfonts
/cm/cmsy6.pfb></Users/avishekanand/Library/Application Support/MiKTeX/texmfs/in
stall/fonts/type1/public/amsfonts/cm/cmsy8.pfb></Users/avishekanand/Library/App
lication Support/MiKTeX/texmfs/install/fonts/type1/public/amsfonts/cm/cmtt10.pf
b></Users/avishekanand/Library/Application Support/MiKTeX/texmfs/install/fonts/
type1/public/amsfonts/symbols/msam10.pfb></Users/avishekanand/Library/Applicati
on Support/MiKTeX/texmfs/install/fonts/type1/urw/zapfding/uzdr.pfb>
Output written on /Users/avishekanand/Projects/Lectures/information-retrieval/b
uild/01_intro_vector_space.pdf (62 pages, 348481 bytes).
Transcript written on /Users/avishekanand/Projects/Lectures/information-retriev
al/build/01_intro_vector_space.log.
pdflatex -output-directory=build 01_intro_vector_space.tex
This is pdfTeX, Version 3.141592653-2.6-1.40.24 (MiKTeX 22.1) (preloaded format=pdflatex.fmt)
 restricted \write18 enabled.
entering extended mode
(05_dense_retrieval.tex
LaTeX2e <2023-11-01>
L3 programming layer <2023-11-09>

(/Users/avishekanand/Library/Application Support/MiKTeX/texmfs/install/tex/late
x/beamer/beamer.cls
Document Class: beamer 2026/01/22 v3.77 A class for typesetting presentations

(/Users/avishekanand/Library/Application Support/MiKTeX/texmfs/install/tex/late
x/beamer/beamerbasemodes.sty
(/Users/avishekanand/Library/Application Support/MiKTeX/texmfs/install/tex/late
x/etoolbox/etoolbox.sty)
(/Users/avishekanand/Library/Application Support/MiKTeX/texmfs/install/tex/late
x/beamer/beamerbasedecode.sty))
(/Users/avishekanand/Library/Application Support/MiKTeX/texmfs/install/tex/gene
ric/iftex/iftex.sty)
(/Users/avishekanand/Library/Application Support/MiKTeX/texmfs/install/tex/late
x/beamer/beamerbaseoptions.sty
(/Users/avishekanand/Library/Application Support/MiKTeX/texmfs/install/tex/late
x/graphics/keyval.sty))
(/Users/avishekanand/Library/Application Support/MiKTeX/texmfs/install/tex/late
x/geometry/geometry.sty
(/Users/avishekanand/Library/Application Support/MiKTeX/texmfs/install/tex/gene
ric/iftex/ifvtex.sty)
(/Users/avishekanand/Library/Application Support/MiKTeX/texmfs/install/tex/late
x/geometry/geometry.cfg))
(/Users/avishekanand/Library/Application Support/MiKTeX/texmfs/install/tex/late
x/pgf/math/pgfmath.sty
(/Users/avishekanand/Library/Application Support/MiKTeX/texmfs/install/tex/late
x/pgf/utilities/pgfrcs.sty
(/Users/avishekanand/Library/Application Support/MiKTeX/texmfs/install/tex/gene
ric/pgf/utilities/pgfutil-common.tex)
(/Users/avishekanand/Library/Application Support/MiKTeX/texmfs/install/tex/gene
ric/pgf/utilities/pgfutil-latex.def)
(/Users/avishekanand/Library/Application Support/MiKTeX/texmfs/install/tex/gene
ric/pgf/utilities/pgfrcs.code.tex
(/Users/avishekanand/Library/Application Support/MiKTeX/texmfs/install/tex/gene
ric/pgf/pgf.revision.tex)))
(/Users/avishekanand/Library/Application Support/MiKTeX/texmfs/install/tex/late
x/pgf/utilities/pgfkeys.sty
(/Users/avishekanand/Library/Application Support/MiKTeX/texmfs/install/tex/gene
ric/pgf/utilities/pgfkeys.code.tex
(/Users/avishekanand/Library/Application Support/MiKTeX/texmfs/install/tex/gene
ric/pgf/utilities/pgfkeyslibraryfiltered.code.tex)))
(/Users/avishekanand/Library/Application Support/MiKTeX/texmfs/install/tex/gene
ric/pgf/math/pgfmath.code.tex
(/Users/avishekanand/Library/Application Support/MiKTeX/texmfs/install/tex/gene
ric/pgf/math/pgfmathutil.code.tex)
(/Users/avishekanand/Library/Application Support/MiKTeX/texmfs/install/tex/gene
ric/pgf/math/pgfmathparser.code.tex)
(/Users/avishekanand/Library/Application Support/MiKTeX/texmfs/install/tex/gene
ric/pgf/math/pgfmathfunctions.code.tex)
(/Users/avishekanand/Library/Application Support/MiKTeX/texmfs/install/tex/gene
ric/pgf/math/pgfmathfunctions.basic.code.tex)
(/Users/avishekanand/Library/Application Support/MiKTeX/texmfs/install/tex/gene
ric/pgf/math/pgfmathfunctions.trigonometric.code.tex)
(/Users/avishekanand/Library/Application Support/MiKTeX/texmfs/install/tex/gene
ric/pgf/math/pgfmathfunctions.random.code.tex)
(/Users/avishekanand/Library/Application Support/MiKTeX/texmfs/install/tex/gene
ric/pgf/math/pgfmathfunctions.comparison.code.tex)
(/Users/avishekanand/Library/Application Support/MiKTeX/texmfs/install/tex/gene
ric/pgf/math/pgfmathfunctions.base.code.tex)
(/Users/avishekanand/Library/Application Support/MiKTeX/texmfs/install/tex/gene
ric/pgf/math/pgfmathfunctions.round.code.tex)
(/Users/avishekanand/Library/Application Support/MiKTeX/texmfs/install/tex/gene
ric/pgf/math/pgfmathfunctions.misc.code.tex)
(/Users/avishekanand/Library/Application Support/MiKTeX/texmfs/install/tex/gene
ric/pgf/math/pgfmathfunctions.integerarithmetics.code.tex)
(/Users/avishekanand/Library/Application Support/MiKTeX/texmfs/install/tex/gene
ric/pgf/math/pgfmathcalc.code.tex)
(/Users/avishekanand/Library/Application Support/MiKTeX/texmfs/install/tex/gene
ric/pgf/math/pgfmathfloat.code.tex)))
(/Users/avishekanand/Library/Application Support/MiKTeX/texmfs/install/tex/late
x/base/size11.clo)
(/Users/avishekanand/Library/Application Support/MiKTeX/texmfs/install/tex/late
x/pgf/basiclayer/pgfcore.sty
(/Users/avishekanand/Library/Application Support/MiKTeX/texmfs/install/tex/late
x/graphics/graphicx.sty
(/Users/avishekanand/Library/Application Support/MiKTeX/texmfs/install/tex/late
x/graphics/graphics.sty
(/Users/avishekanand/Library/Application Support/MiKTeX/texmfs/install/tex/late
x/graphics/trig.sty)
(/Users/avishekanand/Library/Application Support/MiKTeX/texmfs/install/tex/late
x/graphics-cfg/graphics.cfg)
(/Users/avishekanand/Library/Application Support/MiKTeX/texmfs/install/tex/late
x/graphics-def/pdftex.def)))
(/Users/avishekanand/Library/Application Support/MiKTeX/texmfs/install/tex/late
x/pgf/systemlayer/pgfsys.sty
(/Users/avishekanand/Library/Application Support/MiKTeX/texmfs/install/tex/gene
ric/pgf/systemlayer/pgfsys.code.tex
(/Users/avishekanand/Library/Application Support/MiKTeX/texmfs/install/tex/gene
ric/pgf/systemlayer/pgf.cfg)
(/Users/avishekanand/Library/Application Support/MiKTeX/texmfs/install/tex/gene
ric/pgf/systemlayer/pgfsys-pdftex.def
(/Users/avishekanand/Library/Application Support/MiKTeX/texmfs/install/tex/gene
ric/pgf/systemlayer/pgfsys-common-pdf.def)))
(/Users/avishekanand/Library/Application Support/MiKTeX/texmfs/install/tex/gene
ric/pgf/systemlayer/pgfsyssoftpath.code.tex)
(/Users/avishekanand/Library/Application Support/MiKTeX/texmfs/install/tex/gene
ric/pgf/systemlayer/pgfsysprotocol.code.tex))
(/Users/avishekanand/Library/Application Support/MiKTeX/texmfs/install/tex/late
x/xcolor/xcolor.sty
(/Users/avishekanand/Library/Application Support/MiKTeX/texmfs/install/tex/late
x/graphics-cfg/color.cfg)
(/Users/avishekanand/Library/Application Support/MiKTeX/texmfs/install/tex/late
x/graphics/mathcolor.ltx))
(/Users/avishekanand/Library/Application Support/MiKTeX/texmfs/install/tex/gene
ric/pgf/basiclayer/pgfcore.code.tex
(/Users/avishekanand/Library/Application Support/MiKTeX/texmfs/install/tex/gene
ric/pgf/math/pgfint.code.tex)
(/Users/avishekanand/Library/Application Support/MiKTeX/texmfs/install/tex/gene
ric/pgf/basiclayer/pgfcorepoints.code.tex)
(/Users/avishekanand/Library/Application Support/MiKTeX/texmfs/install/tex/gene
ric/pgf/basiclayer/pgfcorepathconstruct.code.tex)
(/Users/avishekanand/Library/Application Support/MiKTeX/texmfs/install/tex/gene
ric/pgf/basiclayer/pgfcorepathusage.code.tex)
(/Users/avishekanand/Library/Application Support/MiKTeX/texmfs/install/tex/gene
ric/pgf/basiclayer/pgfcorescopes.code.tex)
(/Users/avishekanand/Library/Application Support/MiKTeX/texmfs/install/tex/gene
ric/pgf/basiclayer/pgfcoregraphicstate.code.tex)
(/Users/avishekanand/Library/Application Support/MiKTeX/texmfs/install/tex/gene
ric/pgf/basiclayer/pgfcoretransformations.code.tex)
(/Users/avishekanand/Library/Application Support/MiKTeX/texmfs/install/tex/gene
ric/pgf/basiclayer/pgfcorequick.code.tex)
(/Users/avishekanand/Library/Application Support/MiKTeX/texmfs/install/tex/gene
ric/pgf/basiclayer/pgfcoreobjects.code.tex)
(/Users/avishekanand/Library/Application Support/MiKTeX/texmfs/install/tex/gene
ric/pgf/basiclayer/pgfcorepathprocessing.code.tex)
(/Users/avishekanand/Library/Application Support/MiKTeX/texmfs/install/tex/gene
ric/pgf/basiclayer/pgfcorearrows.code.texThis is pdfTeX, Version 3.141592653-2.6-1.40.24 (MiKTeX 22.1) (preloaded format=pdflatex.fmt)
 restricted \write18 enabled.
)
(/Users/avishekanand/Library/Application Support/MiKTeX/texmfs/install/tex/gene
ric/pgf/basiclayer/pgfcoreshade.code.tex)
(/Users/avishekanand/Library/Application Support/MiKTeX/texmfs/install/tex/gene
ric/pgf/basiclayer/pgfcoreimage.code.tex)
(/Users/avishekanand/Library/Application Support/MiKTeX/texmfs/install/tex/gene
ric/pgf/basiclayer/pgfcoreexternal.code.tex)
(/Users/avishekanand/Library/Application Support/MiKTeX/texmfs/install/tex/gene
ric/pgf/basiclayer/pgfcorelayers.code.tex)
(/Users/avishekanand/Library/Application Support/MiKTeX/texmfs/install/tex/gene
ric/pgf/basiclayer/pgfcoretransparency.code.tex)
(/Users/avishekanand/Library/Application Support/MiKTeX/texmfs/install/tex/gene
ric/pgf/basiclayer/pgfcorepatterns.code.tex)
(/Users/avishekanand/Library/Application Support/MiKTeX/texmfs/install/tex/gene
ric/pgf/basiclayer/pgfcorerdf.code.tex)))
(/Users/avishekanand/Library/Application Support/MiKTeX/texmfs/install/tex/late
x/pgf/utilities/xxcolor.sty)
(/Users/avishekanand/Library/Application Support/MiKTeX/texmfs/install/tex/late
x/base/atbegshi-ltx.sty)entering extended mode
(01_intro_vector_space.tex
(/Users/avishekanand/Library/Application Support/MiKTeX/texmfs/install/tex/late
x/hyperref/hyperref.sty
LaTeX2e <2023-11-01>
L3 programming layer <2023-11-09>

(/Users/avishekanand/Library/Application Support/MiKTeX/texmfs/install/tex/late
x/beamer/beamer.cls
(/Users/avishekanand/Library/Application Support/MiKTeX/texmfs/install/tex/gene
ric/infwarerr/infwarerr.sty)
Document Class: beamer 2026/01/22 v3.77 A class for typesetting presentations

(/Users/avishekanand/Library/Application Support/MiKTeX/texmfs/install/tex/late
x/beamer/beamerbasemodes.sty
(/Users/avishekanand/Library/Application Support/MiKTeX/texmfs/install/tex/late
x/etoolbox/etoolbox.sty
(/Users/avishekanand/Library/Application Support/MiKTeX/texmfs/install/tex/late
x/kvsetkeys/kvsetkeys.sty)
(/Users/avishekanand/Library/Application Support/MiKTeX/texmfs/install/tex/gene
ric/kvdefinekeys/kvdefinekeys.sty))
(/Users/avishekanand/Library/Application Support/MiKTeX/texmfs/install/tex/late
x/beamer/beamerbasedecode.sty
(/Users/avishekanand/Library/Application Support/MiKTeX/texmfs/install/tex/gene
ric/pdfescape/pdfescape.sty))
(/Users/avishekanand/Library/Application Support/MiKTeX/texmfs/install/tex/gene
ric/ltxcmds/ltxcmds.sty)
(/Users/avishekanand/Library/Application Support/MiKTeX/texmfs/install/tex/gene
ric/iftex/iftex.sty)
(/Users/avishekanand/Library/Application Support/MiKTeX/texmfs/install/tex/gene
ric/pdftexcmds/pdftexcmds.sty
(/Users/avishekanand/Library/Application Support/MiKTeX/texmfs/install/tex/late
x/beamer/beamerbaseoptions.sty))
(/Users/avishekanand/Library/Application Support/MiKTeX/texmfs/install/tex/late
x/graphics/keyval.sty))
(/Users/avishekanand/Library/Application Support/MiKTeX/texmfs/install/tex/late
x/hycolor/hycolor.sty
(/Users/avishekanand/Library/Application Support/MiKTeX/texmfs/install/tex/late
x/geometry/geometry.sty
(/Users/avishekanand/Library/Application Support/MiKTeX/texmfs/install/tex/gene
ric/iftex/ifvtex.sty))
(/Users/avishekanand/Library/Application Support/MiKTeX/texmfs/install/tex/late
x/letltxmacro/letltxmacro.sty)
(/Users/avishekanand/Library/Application Support/MiKTeX/texmfs/install/tex/late
x/geometry/geometry.cfg)
(/Users/avishekanand/Library/Application Support/MiKTeX/texmfs/install/tex/late
x/auxhook/auxhook.sty)
(/Users/avishekanand/Library/Application Support/MiKTeX/texmfs/install/tex/late
x/hyperref/nameref.sty
(/Users/avishekanand/Library/Application Support/MiKTeX/texmfs/install/tex/late
x/refcount/refcount.sty)
(/Users/avishekanand/Library/Application Support/MiKTeX/texmfs/install/tex/gene
ric/gettitlestring/gettitlestring.sty)
(/Users/avishekanand/Library/Application Support/MiKTeX/texmfs/install/tex/late
x/kvoptions/kvoptions.sty
(/Users/avishekanand/Library/Application Support/MiKTeX/texmfs/install/tex/late
x/pgf/math/pgfmath.sty)
(/Users/avishekanand/Library/Application Support/MiKTeX/texmfs/install/tex/late
x/pgf/utilities/pgfrcs.sty
(/Users/avishekanand/Library/Application Support/MiKTeX/texmfs/install/tex/gene
ric/pgf/utilities/pgfutil-common.tex))
(/Users/avishekanand/Library/Application Support/MiKTeX/texmfs/install/tex/gene
ric/pgf/utilities/pgfutil-latex.def)
(/Users/avishekanand/Library/Application Support/MiKTeX/texmfs/install/tex/gene
ric/pgf/utilities/pgfrcs.code.tex
(/Users/avishekanand/Library/Application Support/MiKTeX/texmfs/install/tex/gene
ric/pgf/pgf.revision.tex))))
(/Users/avishekanand/Library/Application Support/MiKTeX/texmfs/install/tex/late
x/pgf/utilities/pgfkeys.sty
(/Users/avishekanand/Library/Application Support/MiKTeX/texmfs/install/tex/gene
ric/pgf/utilities/pgfkeys.code.tex
(/Users/avishekanand/Library/Application Support/MiKTeX/texmfs/install/tex/late
x/hyperref/pd1enc.def)
(/Users/avishekanand/Library/Application Support/MiKTeX/texmfs/install/tex/gene
ric/pgf/utilities/pgfkeyslibraryfiltered.code.tex
(/Users/avishekanand/Library/Application Support/MiKTeX/texmfs/install/tex/gene
ric/intcalc/intcalc.sty))))
(/Users/avishekanand/Library/Application Support/MiKTeX/texmfs/install/tex/gene
ric/pgf/math/pgfmath.code.tex
(/Users/avishekanand/Library/Application Support/MiKTeX/texmfs/install/tex/gene
ric/pgf/math/pgfmathutil.code.tex)
(/Users/avishekanand/Library/Application Support/MiKTeX/texmfs/install/tex/gene
ric/pgf/math/pgfmathparser.code.tex
(/Users/avishekanand/Library/Application Support/MiKTeX/texmfs/install/tex/late
x/hyperref/puenc.def)
(/Users/avishekanand/Library/Application Support/MiKTeX/texmfs/install/tex/gene
ric/pgf/math/pgfmathfunctions.code.tex)
(/Users/avishekanand/Library/Application Support/MiKTeX/texmfs/install/tex/gene
ric/pgf/math/pgfmathfunctions.basic.code.tex)
(/Users/avishekanand/Library/Application Support/MiKTeX/texmfs/install/tex/gene
ric/pgf/math/pgfmathfunctions.trigonometric.code.tex)
(/Users/avishekanand/Library/Application Support/MiKTeX/texmfs/install/tex/gene
ric/pgf/math/pgfmathfunctions.random.code.tex)
(/Users/avishekanand/Library/Application Support/MiKTeX/texmfs/install/tex/gene
ric/pgf/math/pgfmathfunctions.comparison.code.tex)
(/Users/avishekanand/Library/Application Support/MiKTeX/texmfs/install/tex/gene
ric/pgf/math/pgfmathfunctions.base.code.tex))
(/Users/avishekanand/Library/Application Support/MiKTeX/texmfs/install/tex/gene
ric/pgf/math/pgfmathfunctions.round.code.tex)
(/Users/avishekanand/Library/Application Support/MiKTeX/texmfs/install/tex/gene
ric/pgf/math/pgfmathfunctions.misc.code.tex)
(/Users/avishekanand/Library/Application Support/MiKTeX/texmfs/install/tex/gene
ric/pgf/math/pgfmathfunctions.integerarithmetics.code.tex)
(/Users/avishekanand/Library/Application Support/MiKTeX/texmfs/install/tex/gene
ric/pgf/math/pgfmathcalc.code.tex)
(/Users/avishekanand/Library/Application Support/MiKTeX/texmfs/install/tex/gene
ric/pgf/math/pgfmathfloat.code.tex
(/Users/avishekanand/Library/Application Support/MiKTeX/texmfs/install/tex/late
x/url/url.sty))))
(/Users/avishekanand/Library/Application Support/MiKTeX/texmfs/install/tex/late
x/base/size11.clo
(/Users/avishekanand/Library/Application Support/MiKTeX/texmfs/install/tex/gene
ric/bitset/bitset.sty)
(/Users/avishekanand/Library/Application Support/MiKTeX/texmfs/install/tex/late
x/pgf/basiclayer/pgfcore.sty
(/Users/avishekanand/Library/Application Support/MiKTeX/texmfs/install/tex/gene
ric/bigintcalc/bigintcalc.sty
(/Users/avishekanand/Library/Application Support/MiKTeX/texmfs/install/tex/late
x/graphics/graphicx.sty)
(/Users/avishekanand/Library/Application Support/MiKTeX/texmfs/install/tex/late
x/graphics/graphics.sty
(/Users/avishekanand/Library/Application Support/MiKTeX/texmfs/install/tex/late
x/graphics/trig.sty))
(/Users/avishekanand/Library/Application Support/MiKTeX/texmfs/install/tex/late
x/graphics-cfg/graphics.cfg)
(/Users/avishekanand/Library/Application Support/MiKTeX/texmfs/install/tex/late
x/graphics-def/pdftex.def

Package hyperref Message: Stopped early.

)
(/Users/avishekanand/Library/Application Support/MiKTeX/texmfs/install/tex/late
x/hyperref/hpdftex.def))
(/Users/avishekanand/Library/Application Support/MiKTeX/texmfs/install/tex/late
x/base/atveryend-ltx.sty))
(/Users/avishekanand/Library/Application Support/MiKTeX/texmfs/install/tex/late
x/pgf/systemlayer/pgfsys.sty
(/Users/avishekanand/Library/Application Support/MiKTeX/texmfs/install/tex/gene
ric/pgf/systemlayer/pgfsys.code.tex
(/Users/avishekanand/Library/Application Support/MiKTeX/texmfs/install/tex/late
x/rerunfilecheck/rerunfilecheck.sty
(/Users/avishekanand/Library/Application Support/MiKTeX/texmfs/install/tex/gene
ric/pgf/systemlayer/pgf.cfg)
(/Users/avishekanand/Library/Application Support/MiKTeX/texmfs/install/tex/gene
ric/pgf/systemlayer/pgfsys-pdftex.def
(/Users/avishekanand/Library/Application Support/MiKTeX/texmfs/install/tex/gene
ric/pgf/systemlayer/pgfsys-common-pdf.def)))
(/Users/avishekanand/Library/Application Support/MiKTeX/texmfs/install/tex/gene
ric/uniquecounter/uniquecounter.sty
(/Users/avishekanand/Library/Application Support/MiKTeX/texmfs/install/tex/gene
ric/pgf/systemlayer/pgfsyssoftpath.code.tex)))
(/Users/avishekanand/Library/Application Support/MiKTeX/texmfs/install/tex/gene
ric/pgf/systemlayer/pgfsysprotocol.code.tex)))
(/Users/avishekanand/Library/Application Support/MiKTeX/texmfs/install/tex/late
x/xcolor/xcolor.sty
(/Users/avishekanand/Library/Application Support/MiKTeX/texmfs/install/tex/late
x/beamer/beamerbaserequires.sty
(/Users/avishekanand/Library/Application Support/MiKTeX/texmfs/install/tex/late
x/beamer/beamerbasecompatibility.sty
(/Users/avishekanand/Library/Application Support/MiKTeX/texmfs/install/tex/late
x/graphics-cfg/color.cfg))
(/Users/avishekanand/Library/Application Support/MiKTeX/texmfs/install/tex/late
x/beamer/beamerbasefont.sty
(/Users/avishekanand/Library/Application Support/MiKTeX/texmfs/install/tex/late
x/graphics/mathcolor.ltx
(/Users/avishekanand/Library/Application Support/MiKTeX/texmfs/install/tex/late
x/amsfonts/amssymb.sty)
(/Users/avishekanand/Library/Application Support/MiKTeX/texmfs/install/tex/late
x/amsfonts/amsfonts.sty))
(/Users/avishekanand/Library/Application Support/MiKTeX/texmfs/install/tex/gene
ric/pgf/basiclayer/pgfcore.code.tex)
(/Users/avishekanand/Library/Application Support/MiKTeX/texmfs/install/tex/gene
ric/pgf/math/pgfint.code.tex)
(/Users/avishekanand/Library/Application Support/MiKTeX/texmfs/install/tex/gene
ric/pgf/basiclayer/pgfcorepoints.code.tex)
(/Users/avishekanand/Library/Application Support/MiKTeX/texmfs/install/tex/gene
ric/pgf/basiclayer/pgfcorepathconstruct.code.tex)
(/Users/avishekanand/Library/Application Support/MiKTeX/texmfs/install/tex/gene
ric/pgf/basiclayer/pgfcorepathusage.code.tex)
(/Users/avishekanand/Library/Application Support/MiKTeX/texmfs/install/tex/gene
ric/pgf/basiclayer/pgfcorescopes.code.tex)
(/Users/avishekanand/Library/Application Support/MiKTeX/texmfs/install/tex/gene
ric/pgf/basiclayer/pgfcoregraphicstate.code.tex)
(/Users/avishekanand/Library/Application Support/MiKTeX/texmfs/install/tex/gene
ric/pgf/basiclayer/pgfcoretransformations.code.tex)
(/Users/avishekanand/Library/Application Support/MiKTeX/texmfs/install/tex/gene
ric/pgf/basiclayer/pgfcorequick.code.tex)
(/Users/avishekanand/Library/Application Support/MiKTeX/texmfs/install/tex/gene
ric/pgf/basiclayer/pgfcoreobjects.code.tex)
(/Users/avishekanand/Library/Application Support/MiKTeX/texmfs/install/tex/gene
ric/pgf/basiclayer/pgfcorepathprocessing.code.tex)
(/Users/avishekanand/Library/Application Support/MiKTeX/texmfs/install/tex/gene
ric/pgf/basiclayer/pgfcorearrows.code.tex)
(/Users/avishekanand/Library/Application Support/MiKTeX/texmfs/install/tex/gene
ric/pgf/basiclayer/pgfcoreshade.code.tex)
(/Users/avishekanand/Library/Application Support/MiKTeX/texmfs/install/tex/gene
ric/pgf/basiclayer/pgfcoreimage.code.tex)
(/Users/avishekanand/Library/Application Support/MiKTeX/texmfs/install/tex/gene
ric/pgf/basiclayer/pgfcoreexternal.code.tex)
(/Users/avishekanand/Library/Application Support/MiKTeX/texmfs/install/tex/gene
ric/pgf/basiclayer/pgfcorelayers.code.tex)
(/Users/avishekanand/Library/Application Support/MiKTeX/texmfs/install/tex/gene
ric/pgf/basiclayer/pgfcoretransparency.code.tex)
(/Users/avishekanand/Library/Application Support/MiKTeX/texmfs/install/tex/gene
ric/pgf/basiclayer/pgfcorepatterns.code.tex)
(/Users/avishekanand/Library/Application Support/MiKTeX/texmfs/install/tex/gene
ric/pgf/basiclayer/pgfcorerdf.code.tex)))
(/Users/avishekanand/Library/Application Support/MiKTeX/texmfs/install/tex/late
x/pgf/utilities/xxcolor.sty)
(/Users/avishekanand/Library/Application Support/MiKTeX/texmfs/install/tex/late
x/base/atbegshi-ltx.sty)
(/Users/avishekanand/Library/Application Support/MiKTeX/texmfs/install/tex/late
x/hyperref/hyperref.sty
(/Users/avishekanand/Library/Application Support/MiKTeX/texmfs/install/tex/gene
ric/infwarerr/infwarerr.sty)
(/Users/avishekanand/Library/Application Support/MiKTeX/texmfs/install/tex/late
x/kvsetkeys/kvsetkeys.sty)
(/Users/avishekanand/Library/Application Support/MiKTeX/texmfs/install/tex/gene
ric/kvdefinekeys/kvdefinekeys.sty)
(/Users/avishekanand/Library/Application Support/MiKTeX/texmfs/install/tex/gene
ric/pdfescape/pdfescape.sty
(/Users/avishekanand/Library/Application Support/MiKTeX/texmfs/install/tex/gene
ric/ltxcmds/ltxcmds.sty)
(/Users/avishekanand/Library/Application Support/MiKTeX/texmfs/install/tex/gene
ric/pdftexcmds/pdftexcmds.sty))
(/Users/avishekanand/Library/Application Support/MiKTeX/texmfs/install/tex/late
x/sansmathaccent/sansmathaccent.sty
(/Users/avishekanand/Library/Application Support/MiKTeX/texmfs/install/tex/late
x/hycolor/hycolor.sty
(/Users/avishekanand/Library/Application Support/MiKTeX/texmfs/install/tex/late
x/koma-script/scrlfile.sty

+----------------------------------------------------------------------
| WARNING (`scrlfile.sty'):
+----------------------------------------------------------------------
| YOU SHOULD NOTE, THAT THIS IS NOT AN OFFICIAL RELEASE!
| THIS VERSION IS INTENDED TO BE USED FOR TESTING ONLY!
| USAGE FOR PURPOSES OTHER THAN INTENDED IS DANGEROUS!
| DON'T EXPECT ANY SUPPORT FOR THIS VERSION!
+----------------------------------------------------------------------


(/Users/avishekanand/Library/Application Support/MiKTeX/texmfs/install/tex/late
x/koma-script/scrlfile-hook.sty)
(/Users/avishekanand/Library/Application Support/MiKTeX/texmfs/install/tex/late
x/letltxmacro/letltxmacro.sty)
(/Users/avishekanand/Library/Application Support/MiKTeX/texmfs/install/tex/late
x/auxhook/auxhook.sty)
(/Users/avishekanand/Library/Application Support/MiKTeX/texmfs/install/tex/late
x/hyperref/nameref.sty

+----------------------------------------------------------------------
| WARNING (`scrlfile-hook.sty'):
+----------------------------------------------------------------------
| YOU SHOULD NOTE, THAT THIS IS NOT AN OFFICIAL RELEASE!
| THIS VERSION IS INTENDED TO BE USED FOR TESTING ONLY!
| USAGE FOR PURPOSES OTHER THAN INTENDED IS DANGEROUS!
| DON'T EXPECT ANY SUPPORT FOR THIS VERSION!
+----------------------------------------------------------------------


(/Users/avishekanand/Library/Application Support/MiKTeX/texmfs/install/tex/late
x/koma-script/scrlogo.sty
(/Users/avishekanand/Library/Application Support/MiKTeX/texmfs/install/tex/late
x/refcount/refcount.sty

+----------------------------------------------------------------------
| WARNING (`scrlogo.sty'):
+----------------------------------------------------------------------
| YOU SHOULD NOTE, THAT THIS IS NOT AN OFFICIAL RELEASE!
| THIS VERSION IS INTENDED TO BE USED FOR TESTING ONLY!
| USAGE FOR PURPOSES OTHER THAN INTENDED IS DANGEROUS!
| DON'T EXPECT ANY SUPPORT FOR THIS VERSION!
+----------------------------------------------------------------------

))))
(/Users/avishekanand/Library/Application Support/MiKTeX/texmfs/install/tex/gene
ric/gettitlestring/gettitlestring.sty))
(/Users/avishekanand/Library/Application Support/MiKTeX/texmfs/install/tex/late
x/kvoptions/kvoptions.sty)
(/Users/avishekanand/Library/Application Support/MiKTeX/texmfs/install/tex/late
x/beamer/beamerbasetranslator.sty)
(/Users/avishekanand/Library/Application Support/MiKTeX/texmfs/install/tex/late
x/translator/translator.sty)))
(/Users/avishekanand/Library/Application Support/MiKTeX/texmfs/install/tex/late
x/beamer/beamerbasemisc.sty
(/Users/avishekanand/Library/Application Support/MiKTeX/texmfs/install/tex/late
x/hyperref/pd1enc.def))
(/Users/avishekanand/Library/Application Support/MiKTeX/texmfs/install/tex/gene
ric/intcalc/intcalc.sty)
(/Users/avishekanand/Library/Application Support/MiKTeX/texmfs/install/tex/late
x/beamer/beamerbasetwoscreens.sty)
(/Users/avishekanand/Library/Application Support/MiKTeX/texmfs/install/tex/late
x/beamer/beamerbaseoverlay.sty
(/Users/avishekanand/Library/Application Support/MiKTeX/texmfs/install/tex/late
x/hyperref/puenc.def)
(/Users/avishekanand/Library/Application Support/MiKTeX/texmfs/install/tex/late
x/beamer/beamerbasetitle.sty)
(/Users/avishekanand/Library/Application Support/MiKTeX/texmfs/install/tex/late
x/beamer/beamerbasesection.sty))
(/Users/avishekanand/Library/Application Support/MiKTeX/texmfs/install/tex/late
x/beamer/beamerbaseframe.sty)
(/Users/avishekanand/Library/Application Support/MiKTeX/texmfs/install/tex/late
x/beamer/beamerbaseverbatim.sty)
(/Users/avishekanand/Library/Application Support/MiKTeX/texmfs/install/tex/late
x/beamer/beamerbaseframesize.sty)
(/Users/avishekanand/Library/Application Support/MiKTeX/texmfs/install/tex/late
x/url/url.sty
(/Users/avishekanand/Library/Application Support/MiKTeX/texmfs/install/tex/late
x/beamer/beamerbaseframecomponents.sty))
(/Users/avishekanand/Library/Application Support/MiKTeX/texmfs/install/tex/gene
ric/bitset/bitset.sty
(/Users/avishekanand/Library/Application Support/MiKTeX/texmfs/install/tex/late
x/beamer/beamerbasecolor.sty
(/Users/avishekanand/Library/Application Support/MiKTeX/texmfs/install/tex/gene
ric/bigintcalc/bigintcalc.sty)))
(/Users/avishekanand/Library/Application Support/MiKTeX/texmfs/install/tex/late
x/beamer/beamerbasenotes.sty)
(/Users/avishekanand/Library/Application Support/MiKTeX/texmfs/install/tex/late
x/beamer/beamerbasetoc.sty)

Package hyperref Message: Stopped early.

)
(/Users/avishekanand/Library/Application Support/MiKTeX/texmfs/install/tex/late
x/hyperref/hpdftex.def
(/Users/avishekanand/Library/Application Support/MiKTeX/texmfs/install/tex/late
x/beamer/beamerbasetemplates.sty
(/Users/avishekanand/Library/Application Support/MiKTeX/texmfs/install/tex/late
x/base/atveryend-ltx.sty)
(/Users/avishekanand/Library/Application Support/MiKTeX/texmfs/install/tex/late
x/beamer/beamerbaseauxtemplates.sty
(/Users/avishekanand/Library/Application Support/MiKTeX/texmfs/install/tex/late
x/beamer/beamerbaseboxes.sty)
(/Users/avishekanand/Library/Application Support/MiKTeX/texmfs/install/tex/late
x/rerunfilecheck/rerunfilecheck.sty
(/Users/avishekanand/Library/Application Support/MiKTeX/texmfs/install/tex/gene
ric/uniquecounter/uniquecounter.sty)))))
(/Users/avishekanand/Library/Application Support/MiKTeX/texmfs/install/tex/late
x/beamer/beamerbaserequires.sty
(/Users/avishekanand/Library/Application Support/MiKTeX/texmfs/install/tex/late
x/beamer/beamerbaselocalstructure.sty
(/Users/avishekanand/Library/Application Support/MiKTeX/texmfs/install/tex/late
x/beamer/beamerbasecompatibility.sty
(/Users/avishekanand/Library/Application Support/MiKTeX/texmfs/install/tex/late
x/tools/enumerate.sty)))
(/Users/avishekanand/Library/Application Support/MiKTeX/texmfs/install/tex/late
x/beamer/beamerbasefont.sty
(/Users/avishekanand/Library/Application Support/MiKTeX/texmfs/install/tex/late
x/beamer/beamerbasenavigation.sty
(/Users/avishekanand/Library/Application Support/MiKTeX/texmfs/install/tex/late
x/amsfonts/amssymb.sty
(/Users/avishekanand/Library/Application Support/MiKTeX/texmfs/install/tex/late
x/beamer/beamerbasenavigationsymbols.tex
(/Users/avishekanand/Library/Application Support/MiKTeX/texmfs/install/tex/late
x/amsfonts/amsfonts.sty))))
(/Users/avishekanand/Library/Application Support/MiKTeX/texmfs/install/tex/late
x/beamer/beamerbasetheorems.sty
(/Users/avishekanand/Library/Application Support/MiKTeX/texmfs/install/tex/late
x/amsmath/amsmath.sty
For additional information on amsmath, use the `?' option.

(/Users/avishekanand/Library/Application Support/MiKTeX/texmfs/install/tex/late
x/amsmath/amstext.sty
(/Users/avishekanand/Library/Application Support/MiKTeX/texmfs/install/tex/late
x/amsmath/amsgen.sty))
(/Users/avishekanand/Library/Application Support/MiKTeX/texmfs/install/tex/late
x/amsmath/amsbsy.sty)
(/Users/avishekanand/Library/Application Support/MiKTeX/texmfs/install/tex/late
x/amsmath/amsopn.sty))
(/Users/avishekanand/Library/Application Support/MiKTeX/texmfs/install/tex/late
x/amscls/amsthm.sty))
(/Users/avishekanand/Library/Application Support/MiKTeX/texmfs/install/tex/late
x/beamer/beamerbasethemes.sty))
(/Users/avishekanand/Library/Application Support/MiKTeX/texmfs/install/tex/late
x/beamer/beamerthemedefault.sty
(/Users/avishekanand/Library/Application Support/MiKTeX/texmfs/install/tex/late
x/beamer/beamerfontthemedefault.sty)
(/Users/avishekanand/Library/Application Support/MiKTeX/texmfs/install/tex/late
x/beamer/beamercolorthemedefault.sty)
(/Users/avishekanand/Library/Application Support/MiKTeX/texmfs/install/tex/late
x/beamer/beamerinnerthemedefault.sty
(/Users/avishekanand/Library/Application Support/MiKTeX/texmfs/install/tex/late
x/sansmathaccent/sansmathaccent.sty
(/Users/avishekanand/Library/Application Support/MiKTeX/texmfs/install/tex/late
x/koma-script/scrlfile.sty)

+----------------------------------------------------------------------
| WARNING (`scrlfile.sty'):
+----------------------------------------------------------------------
| YOU SHOULD NOTE, THAT THIS IS NOT AN OFFICIAL RELEASE!
| THIS VERSION IS INTENDED TO BE USED FOR TESTING ONLY!
| USAGE FOR PURPOSES OTHER THAN INTENDED IS DANGEROUS!
| DON'T EXPECT ANY SUPPORT FOR THIS VERSION!
+----------------------------------------------------------------------


(/Users/avishekanand/Library/Application Support/MiKTeX/texmfs/install/tex/late
x/koma-script/scrlfile-hook.sty
(/Users/avishekanand/Library/Application Support/MiKTeX/texmfs/install/tex/late
x/beamer/beamerouterthemedefault.sty)))

+----------------------------------------------------------------------
| WARNING (`scrlfile-hook.sty'):
+----------------------------------------------------------------------
| YOU SHOULD NOTE, THAT THIS IS NOT AN OFFICIAL RELEASE!
| THIS VERSION IS INTENDED TO BE USED FOR TESTING ONLY!
| USAGE FOR PURPOSES OTHER THAN INTENDED IS DANGEROUS!
| DON'T EXPECT ANY SUPPORT FOR THIS VERSION!
+----------------------------------------------------------------------


(/Users/avishekanand/Library/Application Support/MiKTeX/texmfs/install/tex/late
x/koma-script/scrlogo.sty (beamerthemeTUDelft.sty

+----------------------------------------------------------------------
| WARNING (`scrlogo.sty'):
+----------------------------------------------------------------------
| YOU SHOULD NOTE, THAT THIS IS NOT AN OFFICIAL RELEASE!
| THIS VERSION IS INTENDED TO BE USED FOR TESTING ONLY!
| USAGE FOR PURPOSES OTHER THAN INTENDED IS DANGEROUS!
| DON'T EXPECT ANY SUPPORT FOR THIS VERSION!
+----------------------------------------------------------------------

))))
(/Users/avishekanand/Library/Application Support/MiKTeX/texmfs/install/tex/late
x/algorithms/algorithm.sty))
(/Users/avishekanand/Library/Application Support/MiKTeX/texmfs/install/tex/late
x/float/float.sty)
(/Users/avishekanand/Library/Application Support/MiKTeX/texmfs/install/tex/late
x/beamer/beamerbasetranslator.sty
(/Users/avishekanand/Library/Application Support/MiKTeX/texmfs/install/tex/late
x/base/ifthen.sty)
(/Users/avishekanand/Library/Application Support/MiKTeX/texmfs/install/tex/late
x/translator/translator.sty))
(/Users/avishekanand/Library/Application Support/MiKTeX/texmfs/install/tex/late
x/algorithms/algorithmic.sty))
(/Users/avishekanand/Library/Application Support/MiKTeX/texmfs/install/tex/late
x/beamer/beamerbasemisc.sty
(/Users/avishekanand/Library/Application Support/MiKTeX/texmfs/install/tex/late
x/pgf/frontendlayer/tikz.sty
(/Users/avishekanand/Library/Application Support/MiKTeX/texmfs/install/tex/late
x/pgf/basiclayer/pgf.sty
(/Users/avishekanand/Library/Application Support/MiKTeX/texmfs/install/tex/gene
ric/pgf/modules/pgfmoduleshapes.code.tex))
(/Users/avishekanand/Library/Application Support/MiKTeX/texmfs/install/tex/gene
ric/pgf/modules/pgfmoduleplot.code.tex
(/Users/avishekanand/Library/Application Support/MiKTeX/texmfs/install/tex/late
x/beamer/beamerbasetwoscreens.sty))
(/Users/avishekanand/Library/Application Support/MiKTeX/texmfs/install/tex/late
x/beamer/beamerbaseoverlay.sty
(/Users/avishekanand/Library/Application Support/MiKTeX/texmfs/install/tex/late
x/pgf/compatibility/pgfcomp-version-0-65.sty))
(/Users/avishekanand/Library/Application Support/MiKTeX/texmfs/install/tex/late
x/pgf/compatibility/pgfcomp-version-1-18.sty)
(/Users/avishekanand/Library/Application Support/MiKTeX/texmfs/install/tex/late
x/beamer/beamerbasetitle.sty))
(/Users/avishekanand/Library/Application Support/MiKTeX/texmfs/install/tex/late
x/pgf/utilities/pgffor.sty
(/Users/avishekanand/Library/Application Support/MiKTeX/texmfs/install/tex/late
x/beamer/beamerbasesection.sty
(/Users/avishekanand/Library/Application Support/MiKTeX/texmfs/install/tex/gene
ric/pgf/utilities/pgffor.code.tex)))
(/Users/avishekanand/Library/Application Support/MiKTeX/texmfs/install/tex/gene
ric/pgf/frontendlayer/tikz/tikz.code.tex
(/Users/avishekanand/Library/Application Support/MiKTeX/texmfs/install/tex/late
x/beamer/beamerbaseframe.sty
(/Users/avishekanand/Library/Application Support/MiKTeX/texmfs/install/tex/gene
ric/pgf/libraries/pgflibraryplothandlers.code.tex))
(/Users/avishekanand/Library/Application Support/MiKTeX/texmfs/install/tex/late
x/beamer/beamerbaseverbatim.sty)
(/Users/avishekanand/Library/Application Support/MiKTeX/texmfs/install/tex/late
x/beamer/beamerbaseframesize.sty)
(/Users/avishekanand/Library/Application Support/MiKTeX/texmfs/install/tex/gene
ric/pgf/modules/pgfmodulematrix.code.tex
(/Users/avishekanand/Library/Application Support/MiKTeX/texmfs/install/tex/late
x/beamer/beamerbaseframecomponents.sty))
(/Users/avishekanand/Library/Application Support/MiKTeX/texmfs/install/tex/late
x/beamer/beamerbasecolor.sty)
(/Users/avishekanand/Library/Application Support/MiKTeX/texmfs/install/tex/late
x/beamer/beamerbasenotes.sty)
(/Users/avishekanand/Library/Application Support/MiKTeX/texmfs/install/tex/gene
ric/pgf/frontendlayer/tikz/libraries/tikzlibrarytopaths.code.tex)))
(/Users/avishekanand/Library/Application Support/MiKTeX/texmfs/install/tex/late
x/beamer/beamerbasetoc.sty)
(/Users/avishekanand/Library/Application Support/MiKTeX/texmfs/install/tex/late
x/booktabs/booktabs.sty)
(/Users/avishekanand/Library/Application Support/MiKTeX/texmfs/install/tex/late
x/beamer/beamerbasetemplates.sty
(/Users/avishekanand/Library/Application Support/MiKTeX/texmfs/install/tex/late
x/listings/listings.sty
(/Users/avishekanand/Library/Application Support/MiKTeX/texmfs/install/tex/late
x/beamer/beamerbaseauxtemplates.sty
(/Users/avishekanand/Library/Application Support/MiKTeX/texmfs/install/tex/late
x/beamer/beamerbaseboxes.sty)
(/Users/avishekanand/Library/Application Support/MiKTeX/texmfs/install/tex/late
x/listings/lstmisc.sty))
(/Users/avishekanand/Library/Application Support/MiKTeX/texmfs/install/tex/late
x/beamer/beamerbaselocalstructure.sty)
(/Users/avishekanand/Library/Application Support/MiKTeX/texmfs/install/tex/late
x/tools/enumerate.sty)
(/Users/avishekanand/Library/Application Support/MiKTeX/texmfs/install/tex/late
x/listings/listings.cfg))
(/Users/avishekanand/Library/Application Support/MiKTeX/texmfs/install/tex/late
x/psnfss/pifont.sty)
(/Users/avishekanand/Library/Application Support/MiKTeX/texmfs/install/tex/late
x/psnfss/upzd.fd)
(/Users/avishekanand/Library/Application Support/MiKTeX/texmfs/install/tex/late
x/psnfss/upsy.fd)
(/Users/avishekanand/Library/Application Support/MiKTeX/texmfs/install/tex/late
x/beamer/beamerbasenavigation.sty)
(/Users/avishekanand/Library/Application Support/MiKTeX/texmfs/install/tex/late
x/beamer/beamerbasenavigationsymbols.tex
(/Users/avishekanand/Library/Application Support/MiKTeX/texmfs/install/tex/late
x/listings/lstlang1.sty))
(/Users/avishekanand/Library/Application Support/MiKTeX/texmfs/install/tex/late
x/beamer/beamerbasetheorems.sty
(/Users/avishekanand/Library/Application Support/MiKTeX/texmfs/install/tex/late
x/amsmath/amsmath.sty)
For additional information on amsmath, use the `?' option.

(/Users/avishekanand/Library/Application Support/MiKTeX/texmfs/install/tex/late
x/amsmath/amstext.sty
(/Users/avishekanand/Library/Application Support/MiKTeX/texmfs/install/tex/late
x/amsmath/amsgen.sty))
(/Users/avishekanand/Library/Application Support/MiKTeX/texmfs/install/tex/gene
ric/pgf/frontendlayer/tikz/libraries/tikzlibraryshapes.code.tex
(/Users/avishekanand/Library/Application Support/MiKTeX/texmfs/install/tex/late
x/amsmath/amsbsy.sty
(/Users/avishekanand/Library/Application Support/MiKTeX/texmfs/install/tex/gene
ric/pgf/frontendlayer/tikz/libraries/tikzlibraryshapes.geometric.code.tex
(/Users/avishekanand/Library/Application Support/MiKTeX/texmfs/install/tex/gene
ric/pgf/libraries/shapes/pgflibraryshapes.geometric.code.tex)
(/Users/avishekanand/Library/Application Support/MiKTeX/texmfs/install/tex/late
x/amsmath/amsopn.sty)))
(/Users/avishekanand/Library/Application Support/MiKTeX/texmfs/install/tex/gene
ric/pgf/frontendlayer/tikz/libraries/tikzlibraryshapes.misc.code.tex)
(/Users/avishekanand/Library/Application Support/MiKTeX/texmfs/install/tex/gene
ric/pgf/libraries/shapes/pgflibraryshapes.misc.code.tex
(/Users/avishekanand/Library/Application Support/MiKTeX/texmfs/install/tex/late
x/amscls/amsthm.sty)))
(/Users/avishekanand/Library/Application Support/MiKTeX/texmfs/install/tex/gene
ric/pgf/frontendlayer/tikz/libraries/tikzlibraryshapes.symbols.code.tex)
(/Users/avishekanand/Library/Application Support/MiKTeX/texmfs/install/tex/gene
ric/pgf/libraries/shapes/pgflibraryshapes.symbols.code.tex
(/Users/avishekanand/Library/Application Support/MiKTeX/texmfs/install/tex/late
x/beamer/beamerbasethemes.sty))
(/Users/avishekanand/Library/Application Support/MiKTeX/texmfs/install/tex/late
x/beamer/beamerthemedefault.sty))
(/Users/avishekanand/Library/Application Support/MiKTeX/texmfs/install/tex/gene
ric/pgf/frontendlayer/tikz/libraries/tikzlibraryshapes.arrows.code.tex
(/Users/avishekanand/Library/Application Support/MiKTeX/texmfs/install/tex/gene
ric/pgf/libraries/shapes/pgflibraryshapes.arrows.code.tex
(/Users/avishekanand/Library/Application Support/MiKTeX/texmfs/install/tex/late
x/beamer/beamerfontthemedefault.sty)
(/Users/avishekanand/Library/Application Support/MiKTeX/texmfs/install/tex/late
x/beamer/beamercolorthemedefault.sty)))
(/Users/avishekanand/Library/Application Support/MiKTeX/texmfs/install/tex/gene
ric/pgf/frontendlayer/tikz/libraries/tikzlibraryshapes.callouts.code.tex
(/Users/avishekanand/Library/Application Support/MiKTeX/texmfs/install/tex/gene
ric/pgf/libraries/shapes/pgflibraryshapes.callouts.code.tex
(/Users/avishekanand/Library/Application Support/MiKTeX/texmfs/install/tex/late
x/beamer/beamerinnerthemedefault.sty))
(/Users/avishekanand/Library/Application Support/MiKTeX/texmfs/install/tex/gene
ric/pgf/frontendlayer/tikz/libraries/tikzlibraryshapes.multipart.code.tex
(/Users/avishekanand/Library/Application Support/MiKTeX/texmfs/install/tex/gene
ric/pgf/libraries/shapes/pgflibraryshapes.multipart.code.tex)))
(/Users/avishekanand/Library/Application Support/MiKTeX/texmfs/install/tex/gene
ric/pgf/frontendlayer/tikz/libraries/tikzlibraryarrows.code.tex
(/Users/avishekanand/Library/Application Support/MiKTeX/texmfs/install/tex/gene
ric/pgf/libraries/pgflibraryarrows.code.tex)
(/Users/avishekanand/Library/Application Support/MiKTeX/texmfs/install/tex/late
x/beamer/beamerouterthemedefault.sty))))) (beamerthemeTUDelft.sty
(/Users/avishekanand/Library/Application Support/MiKTeX/texmfs/install/tex/gene
ric/pgf/frontendlayer/tikz/libraries/tikzlibrarypositioning.code.tex)
(/Users/avishekanand/Library/Application Support/MiKTeX/texmfs/install/tex/gene
ric/pgf/frontendlayer/tikz/libraries/tikzlibrarycalc.code.tex))
(/Users/avishekanand/Library/Application Support/MiKTeX/texmfs/install/tex/late
x/psnfss/pifont.sty
(/Users/avishekanand/Library/Application Support/MiKTeX/texmfs/install/tex/late
x/psnfss/upzd.fd)
(/Users/avishekanand/Library/Application Support/MiKTeX/texmfs/install/tex/late
x/psnfss/upsy.fd))
(/Users/avishekanand/Library/Application Support/MiKTeX/texmfs/install/tex/late
x/algorithms/algorithm.sty
(/Users/avishekanand/Library/Application Support/MiKTeX/texmfs/install/tex/late
x/float/float.sty)
(/Users/avishekanand/Library/Application Support/MiKTeX/texmfs/install/tex/late
x/base/ifthen.sty))
(/Users/avishekanand/Library/Application Support/MiKTeX/texmfs/install/tex/late
x/l3backend/l3backend-pdftex.def
(/Users/avishekanand/Library/Application Support/MiKTeX/texmfs/install/tex/late
x/algorithms/algorithmic.sty))
(/Users/avishekanand/Library/Application Support/MiKTeX/texmfs/install/tex/late
x/pgf/frontendlayer/tikz.sty
No file 05_dense_retrieval.aux.
*geometry* driver: auto-detecting
*geometry* detected driver: pdftex

(/Users/avishekanand/Library/Application Support/MiKTeX/texmfs/install/tex/cont
ext/base/mkii/supp-pdf.mkii
(/Users/avishekanand/Library/Application Support/MiKTeX/texmfs/install/tex/late
x/pgf/basiclayer/pgf.sty
(/Users/avishekanand/Library/Application Support/MiKTeX/texmfs/install/tex/gene
ric/pgf/modules/pgfmoduleshapes.code.tex
[Loading MPS to PDF converter (version 2006.09.02).]
))
(/Users/avishekanand/Library/Application Support/MiKTeX/texmfs/install/tex/gene
ric/pgf/modules/pgfmoduleplot.code.tex
(/Users/avishekanand/Library/Application Support/MiKTeX/texmfs/install/tex/late
x/epstopdf-pkg/epstopdf-base.sty)
(/Users/avishekanand/Library/Application Support/MiKTeX/texmfs/install/tex/late
x/00miktex/epstopdf-sys.cfg))
(/Users/avishekanand/Library/Application Support/MiKTeX/texmfs/install/tex/late
x/pgf/compatibility/pgfcomp-version-0-65.sty)
(/Users/avishekanand/Library/Application Support/MiKTeX/texmfs/install/tex/late
x/pgf/compatibility/pgfcomp-version-1-18.sty)
(/Users/avishekanand/Library/Application Support/MiKTeX/texmfs/install/tex/late
x/translator/translator-basic-dictionary-English.dict))
(/Users/avishekanand/Library/Application Support/MiKTeX/texmfs/install/tex/late
x/translator/translator-bibliography-dictionary-English.dict
(/Users/avishekanand/Library/Application Support/MiKTeX/texmfs/install/tex/late
x/pgf/utilities/pgffor.sty)
(/Users/avishekanand/Library/Application Support/MiKTeX/texmfs/install/tex/late
x/translator/translator-environment-dictionary-English.dict)
(/Users/avishekanand/Library/Application Support/MiKTeX/texmfs/install/tex/gene
ric/pgf/utilities/pgffor.code.tex
(/Users/avishekanand/Library/Application Support/MiKTeX/texmfs/install/tex/late
x/translator/translator-months-dictionary-English.dict)))
(/Users/avishekanand/Library/Application Support/MiKTeX/texmfs/install/tex/late
x/translator/translator-numbers-dictionary-English.dict)
(/Users/avishekanand/Library/Application Support/MiKTeX/texmfs/install/tex/gene
ric/pgf/frontendlayer/tikz/tikz.code.tex
(/Users/avishekanand/Library/Application Support/MiKTeX/texmfs/install/tex/late
x/translator/translator-theorem-dictionary-English.dict
(/Users/avishekanand/Library/Application Support/MiKTeX/texmfs/install/tex/gene
ric/pgf/libraries/pgflibraryplothandlers.code.tex))
(/Users/avishekanand/Library/Application Support/MiKTeX/texmfs/install/tex/gene
ric/pgf/modules/pgfmodulematrix.code.tex)
(/Users/avishekanand/Library/Application Support/MiKTeX/texmfs/install/tex/gene
ric/pgf/frontendlayer/tikz/libraries/tikzlibrarytopaths.code.tex)))
(/Users/avishekanand/Library/Application Support/MiKTeX/texmfs/install/tex/late
x/booktabs/booktabs.sty)
(/Users/avishekanand/Library/Application Support/MiKTeX/texmfs/install/tex/late
x/listings/listings.sty
No file 05_dense_retrieval.nav.
[1{/Users/avishekanand/Library/Application Support/MiKTeX/texmfs/data/fonts/map
/pdftex/pdftex.map}]
(/Users/avishekanand/Library/Application Support/MiKTeX/texmfs/install/tex/late
x/listings/lstmisc.sty)
(/Users/avishekanand/Library/Application Support/MiKTeX/texmfs/install/tex/late
x/amsfonts/umsa.fd)
(/Users/avishekanand/Library/Application Support/MiKTeX/texmfs/install/tex/late
x/listings/listings.cfg)
(/Users/avishekanand/Library/Application Support/MiKTeX/texmfs/install/tex/late
x/amsfonts/umsb.fd))
(/Users/avishekanand/Library/Application Support/MiKTeX/texmfs/install/tex/late
x/sansmathaccent/ot1mathkerncmss.fd)
(/Users/avishekanand/Library/Application Support/MiKTeX/texmfs/install/tex/late
x/listings/lstlang1.sty)
(/Users/avishekanand/Library/Application Support/MiKTeX/texmfs/install/tex/gene
ric/pgf/frontendlayer/tikz/libraries/tikzlibraryshapes.code.tex
(/Users/avishekanand/Library/Application Support/MiKTeX/texmfs/install/tex/gene
ric/pgf/frontendlayer/tikz/libraries/tikzlibraryshapes.geometric.code.tex
(/Users/avishekanand/Library/Application Support/MiKTeX/texmfs/install/tex/gene
ric/pgf/libraries/shapes/pgflibraryshapes.geometric.code.tex [2]))
(/Users/avishekanand/Library/Application Support/MiKTeX/texmfs/install/tex/gene
ric/pgf/frontendlayer/tikz/libraries/tikzlibraryshapes.misc.code.tex
(/Users/avishekanand/Library/Application Support/MiKTeX/texmfs/install/tex/gene
ric/pgf/libraries/shapes/pgflibraryshapes.misc.code.tex))
No file 05_dense_retrieval.toc.
[3
(/Users/avishekanand/Library/Application Support/MiKTeX/texmfs/install/tex/gene
ric/pgf/frontendlayer/tikz/libraries/tikzlibraryshapes.symbols.code.tex]
(/Users/avishekanand/Library/Application Support/MiKTeX/texmfs/install/tex/gene
ric/pgf/libraries/shapes/pgflibraryshapes.symbols.code.tex))
(/Users/avishekanand/Library/Application Support/MiKTeX/texmfs/install/tex/gene
ric/pgf/frontendlayer/tikz/libraries/tikzlibraryshapes.arrows.code.tex
(/Users/avishekanand/Library/Application Support/MiKTeX/texmfs/install/tex/gene
ric/pgf/libraries/shapes/pgflibraryshapes.arrows.code.tex))
(/Users/avishekanand/Library/Application Support/MiKTeX/texmfs/install/tex/gene
ric/pgf/frontendlayer/tikz/libraries/tikzlibraryshapes.callouts.code.tex
(/Users/avishekanand/Library/Application Support/MiKTeX/texmfs/install/tex/gene
ric/pgf/libraries/shapes/pgflibraryshapes.callouts.code.tex))
(/Users/avishekanand/Library/Application Support/MiKTeX/texmfs/install/tex/gene
ric/pgf/frontendlayer/tikz/libraries/tikzlibraryshapes.multipart.code.tex
(/Users/avishekanand/Library/Application Support/MiKTeX/texmfs/install/tex/gene
ric/pgf/libraries/shapes/pgflibraryshapes.multipart.code.tex [4)]))
(/Users/avishekanand/Library/Application Support/MiKTeX/texmfs/install/tex/gene
ric/pgf/frontendlayer/tikz/libraries/tikzlibraryarrows.code.tex
(/Users/avishekanand/Library/Application Support/MiKTeX/texmfs/install/tex/gene
ric/pgf/libraries/pgflibraryarrows.code.tex))
(/Users/avishekanand/Library/Application Support/MiKTeX/texmfs/install/tex/gene
ric/pgf/frontendlayer/tikz/libraries/tikzlibrarypositioning.code.tex)
(/Users/avishekanand/Library/Application Support/MiKTeX/texmfs/install/tex/gene
ric/pgf/frontendlayer/tikz/libraries/tikzlibrarycalc.code.tex)
(/Users/avishekanand/Library/Application Support/MiKTeX/texmfs/install/tex/gene
ric/pgf/frontendlayer/tikz/libraries/tikzlibrarypatterns.code.tex
(/Users/avishekanand/Library/Application Support/MiKTeX/texmfs/install/tex/gene
ric/pgf/libraries/pgflibrarypatterns.code.tex)) [5]
(/Users/avishekanand/Library/Application Support/MiKTeX/texmfs/install/tex/late
x/l3backend/l3backend-pdftex.def)
(/Users/avishekanand/Projects/Lectures/information-retrieval/build/01_intro_vec
tor_space.aux)
*geometry* driver: auto-detecting
*geometry* detected driver: pdftex

(/Users/avishekanand/Library/Application Support/MiKTeX/texmfs/install/tex/cont
ext/base/mkii/supp-pdf.mkii [6]
[Loading MPS to PDF converter (version 2006.09.02).]
)
(/Users/avishekanand/Library/Application Support/MiKTeX/texmfs/install/tex/late
x/epstopdf-pkg/epstopdf-base.sty
(/Users/avishekanand/Library/Application Support/MiKTeX/texmfs/install/tex/late
x/00miktex/epstopdf-sys.cfg))
(/Users/avishekanand/Projects/Lectures/information-retrieval/build/01_intro_vec
tor_space.out)
(/Users/avishekanand/Projects/Lectures/information-retrieval/build/01_intro_vec
tor_space.out)
(/Users/avishekanand/Library/Application Support/MiKTeX/texmfs/install/tex/late
x/translator/translator-basic-dictionary-English.dict)
(/Users/avishekanand/Library/Application Support/MiKTeX/texmfs/install/tex/late
x/translator/translator-bibliography-dictionary-English.dict)
(/Users/avishekanand/Library/Application Support/MiKTeX/texmfs/install/tex/late
x/translator/translator-environment-dictionary-English.dict)
(/Users/avishekanand/Library/Application Support/MiKTeX/texmfs/install/tex/late
x/translator/translator-months-dictionary-English.dict)
(/Users/avishekanand/Library/Application Support/MiKTeX/texmfs/install/tex/late
x/translator/translator-numbers-dictionary-English.dict)
(/Users/avishekanand/Library/Application Support/MiKTeX/texmfs/install/tex/late
x/translator/translator-theorem-dictionary-English.dict) [7]
(/Users/avishekanand/Projects/Lectures/information-retrieval/build/01_intro_vec
tor_space.nav) [1{/Users/avishekanand/Library/Application Support/MiKTeX/texmfs
/data/fonts/map/pdftex/pdftex.map}]
(/Users/avishekanand/Library/Application Support/MiKTeX/texmfs/install/tex/late
x/amsfonts/umsa.fd) [8
(/Users/avishekanand/Library/Application Support/MiKTeX/texmfs/install/tex/late
x/amsfonts/umsb.fd)]
(/Users/avishekanand/Library/Application Support/MiKTeX/texmfs/install/tex/late
x/sansmathaccent/ot1mathkerncmss.fd) [9] [2
(/Users/avishekanand/Projects/Lectures/information-retrieval/build/05_dense_ret
rieval.aux])

Package rerunfilecheck Warning: File `05_dense_retrieval.out' has changed.
(rerunfilecheck)                Rerun to get outlines right
(rerunfilecheck)                or use package `bookmark'.

 )</Users/avishekanand/Library/Application Support/MiKTeX/texmfs/install/fonts/
type1/public/amsfonts/cm/cmex10.pfb
(/Users/avishekanand/Projects/Lectures/information-retrieval/build/01_intro_vec
tor_space.toc></Users/avishekanand/Library/Application Su
pport/MiKTeX/texmfs/install/fonts/type1/public/amsfonts/cm/cmmi10.pfb></Users/a
vishekanand/Library/Application Support/MiKTeX/texmfs/install/fonts/type1/publi
c/amsfonts/cm/cmss10.pfb></Users/avishekanand/Library/Application Support/MiKTe
X/texmfs/install/fonts/type1/public/amsfonts/cm/cmss8.pfb></Users/avishekanand/
Library/Application Support/MiKTeX/texmfs/install/fonts/type1/public/amsfonts/c
m/cmssbx10.pfb></Users/avishekanand/Library/Application Support/MiKTeX/texmfs/i
nstall/fonts/type1/public/amsfonts/cm/cmssi10.pfb></Users/avishekanand/Library/
Application Support/MiKTeX/texmfs/install/fonts/type1/public/amsfonts/cm/cmssi8
.pfb></Users/avishekanand/Library/Application Support/MiKTeX/texmfs/install/fon
ts/type1/public/amsfonts/cm/cmsy10.pfb></Users/avishekanand/Library/Application
 Support/MiKTeX/texmfs/install/fonts/type1/public/amsfonts/cm/cmsy6.pfb></Users
/avishekanand/Library/Application Support/MiKTeX/texmfs/install/fonts/type1/pub
lic/amsfonts/cm/cmsy8.pfb)></Users/avishekanand/Library/Application Support/MiKT
eX/texmfs/install/fonts/type1/public/amsfonts/symbols/msam10.pfb></Users/avishe
kanand/Library/Application Support/MiKTeX/texmfs/install/fonts/type1/urw/zapfdi
ng/uzdr.pfb> [3] [4] [5]
Output written on /Users/avishekanand/Projects/Lectures/information-retrieval/b
uild/05_dense_retrieval.pdf (9 pages, 145638 bytes).
Transcript written on /Users/avishekanand/Projects/Lectures/information-retriev
al/build/05_dense_retrieval.log.
pdflatex -output-directory=build 05_dense_retrieval.tex
 [6]
Overfull \vbox (7.11438pt too high) detected at line 189
[7]
Overfull \vbox (16.44177pt too high) detected at line 220
[8]
Overfull \vbox (72.53534pt too high) detected at line 256
[9]
(/Users/avishekanand/Library/Application Support/MiKTeX/texmfs/install/tex/late
x/base/ts1cmss.fd)
Overfull \vbox (5.46228pt too high) detected at line 280
[10]
Overfull \vbox (49.2118pt too high) detected at line 305
[11]
Overfull \vbox (48.02692pt too high) detected at line 351
[12]This is pdfTeX, Version 3.141592653-2.6-1.40.24 (MiKTeX 22.1) (preloaded format=pdflatex.fmt)
 restricted \write18 enabled.
 [13]entering extended mode
(05_dense_retrieval.tex
LaTeX2e <2023-11-01>
L3 programming layer <2023-11-09>

(/Users/avishekanand/Library/Application Support/MiKTeX/texmfs/install/tex/late
x/beamer/beamer.cls
Document Class: beamer 2026/01/22 v3.77 A class for typesetting presentations

(/Users/avishekanand/Library/Application Support/MiKTeX/texmfs/install/tex/late
x/beamer/beamerbasemodes.sty
(/Users/avishekanand/Library/Application Support/MiKTeX/texmfs/install/tex/late
x/etoolbox/etoolbox.sty)
(/Users/avishekanand/Library/Application Support/MiKTeX/texmfs/install/tex/late
x/beamer/beamerbasedecode.sty))
(/Users/avishekanand/Library/Application Support/MiKTeX/texmfs/install/tex/gene
ric/iftex/iftex.sty)
(/Users/avishekanand/Library/Application Support/MiKTeX/texmfs/install/tex/late
x/beamer/beamerbaseoptions.sty
(/Users/avishekanand/Library/Application Support/MiKTeX/texmfs/install/tex/late
x/graphics/keyval.sty))
(/Users/avishekanand/Library/Application Support/MiKTeX/texmfs/install/tex/late
x/geometry/geometry.sty
(/Users/avishekanand/Library/Application Support/MiKTeX/texmfs/install/tex/gene
ric/iftex/ifvtex.sty)
Overfull \vbox (50.68208pt too high) detected at line 417
[14]
(/Users/avishekanand/Library/Application Support/MiKTeX/texmfs/install/tex/late
x/geometry/geometry.cfg))
(/Users/avishekanand/Library/Application Support/MiKTeX/texmfs/install/tex/late
x/pgf/math/pgfmath.sty
(/Users/avishekanand/Library/Application Support/MiKTeX/texmfs/install/tex/late
x/pgf/utilities/pgfrcs.sty
(/Users/avishekanand/Library/Application Support/MiKTeX/texmfs/install/tex/gene
ric/pgf/utilities/pgfutil-common.tex [15)]
(/Users/avishekanand/Library/Application Support/MiKTeX/texmfs/install/tex/gene
ric/pgf/utilities/pgfutil-latex.def)
(/Users/avishekanand/Library/Application Support/MiKTeX/texmfs/install/tex/gene
ric/pgf/utilities/pgfrcs.code.tex
(/Users/avishekanand/Library/Application Support/MiKTeX/texmfs/install/tex/gene
ric/pgf/pgf.revision.tex)))
(/Users/avishekanand/Library/Application Support/MiKTeX/texmfs/install/tex/late
x/pgf/utilities/pgfkeys.sty
(/Users/avishekanand/Library/Application Support/MiKTeX/texmfs/install/tex/gene
ric/pgf/utilities/pgfkeys.code.tex
(/Users/avishekanand/Library/Application Support/MiKTeX/texmfs/install/tex/gene
ric/pgf/utilities/pgfkeyslibraryfiltered.code.tex)))
(/Users/avishekanand/Library/Application Support/MiKTeX/texmfs/install/tex/gene
ric/pgf/math/pgfmath.code.tex
(/Users/avishekanand/Library/Application Support/MiKTeX/texmfs/install/tex/gene
ric/pgf/math/pgfmathutil.code.tex)
(/Users/avishekanand/Library/Application Support/MiKTeX/texmfs/install/tex/gene
ric/pgf/math/pgfmathparser.code.tex)
(/Users/avishekanand/Library/Application Support/MiKTeX/texmfs/install/tex/gene
ric/pgf/math/pgfmathfunctions.code.tex)
(/Users/avishekanand/Library/Application Support/MiKTeX/texmfs/install/tex/gene
ric/pgf/math/pgfmathfunctions.basic.code.tex)
(/Users/avishekanand/Library/Application Support/MiKTeX/texmfs/install/tex/gene
ric/pgf/math/pgfmathfunctions.trigonometric.code.tex)
(/Users/avishekanand/Library/Application Support/MiKTeX/texmfs/install/tex/gene
ric/pgf/math/pgfmathfunctions.random.code.tex)
(/Users/avishekanand/Library/Application Support/MiKTeX/texmfs/install/tex/gene
ric/pgf/math/pgfmathfunctions.comparison.code.tex)
(/Users/avishekanand/Library/Application Support/MiKTeX/texmfs/install/tex/gene
ric/pgf/math/pgfmathfunctions.base.code.tex)
(/Users/avishekanand/Library/Application Support/MiKTeX/texmfs/install/tex/gene
ric/pgf/math/pgfmathfunctions.round.code.tex
Overfull \vbox (44.13525pt too high) detected at line 480
[16)
(/Users/avishekanand/Library/Application Support/MiKTeX/texmfs/install/tex/gene
ric/pgf/math/pgfmathfunctions.misc.code.tex])
(/Users/avishekanand/Library/Application Support/MiKTeX/texmfs/install/tex/gene
ric/pgf/math/pgfmathfunctions.integerarithmetics.code.tex)
(/Users/avishekanand/Library/Application Support/MiKTeX/texmfs/install/tex/gene
ric/pgf/math/pgfmathcalc.code.tex)
(/Users/avishekanand/Library/Application Support/MiKTeX/texmfs/install/tex/gene
ric/pgf/math/pgfmathfloat.code.tex)))
(/Users/avishekanand/Library/Application Support/MiKTeX/texmfs/install/tex/late
x/base/size11.clo)
(/Users/avishekanand/Library/Application Support/MiKTeX/texmfs/install/tex/late
x/pgf/basiclayer/pgfcore.sty
(/Users/avishekanand/Library/Application Support/MiKTeX/texmfs/install/tex/late
x/graphics/graphicx.sty
(/Users/avishekanand/Library/Application Support/MiKTeX/texmfs/install/tex/late
x/graphics/graphics.sty
(/Users/avishekanand/Library/Application Support/MiKTeX/texmfs/install/tex/late
x/graphics/trig.sty)
(/Users/avishekanand/Library/Application Support/MiKTeX/texmfs/install/tex/late
x/graphics-cfg/graphics.cfg)
(/Users/avishekanand/Library/Application Support/MiKTeX/texmfs/install/tex/late
x/graphics-def/pdftex.def)))
(/Users/avishekanand/Library/Application Support/MiKTeX/texmfs/install/tex/late
x/pgf/systemlayer/pgfsys.sty
(/Users/avishekanand/Library/Application Support/MiKTeX/texmfs/install/tex/gene
ric/pgf/systemlayer/pgfsys.code.tex
Overfull \vbox (8.26024pt too high) detected at line 511
[17]
(/Users/avishekanand/Library/Application Support/MiKTeX/texmfs/install/tex/gene
ric/pgf/systemlayer/pgf.cfg)
(/Users/avishekanand/Library/Application Support/MiKTeX/texmfs/install/tex/gene
ric/pgf/systemlayer/pgfsys-pdftex.def
(/Users/avishekanand/Library/Application Support/MiKTeX/texmfs/install/tex/gene
ric/pgf/systemlayer/pgfsys-common-pdf.def)))
(/Users/avishekanand/Library/Application Support/MiKTeX/texmfs/install/tex/gene
ric/pgf/systemlayer/pgfsyssoftpath.code.tex)
(/Users/avishekanand/Library/Application Support/MiKTeX/texmfs/install/tex/gene
ric/pgf/systemlayer/pgfsysprotocol.code.tex))
(/Users/avishekanand/Library/Application Support/MiKTeX/texmfs/install/tex/late
x/xcolor/xcolor.sty
(/Users/avishekanand/Library/Application Support/MiKTeX/texmfs/install/tex/late
x/graphics-cfg/color.cfg)
(/Users/avishekanand/Library/Application Support/MiKTeX/texmfs/install/tex/late
x/graphics/mathcolor.ltx)

LaTeX Font Warning: Font shape `OMS/cmss/m/n' undefined
(Font)              using `OMS/cmsy/m/n' instead
(Font)              for symbol `textbraceleft' on input line 548.

[18])
(/Users/avishekanand/Library/Application Support/MiKTeX/texmfs/install/tex/gene
ric/pgf/basiclayer/pgfcore.code.tex
(/Users/avishekanand/Library/Application Support/MiKTeX/texmfs/install/tex/gene
ric/pgf/math/pgfint.code.tex)
(/Users/avishekanand/Library/Application Support/MiKTeX/texmfs/install/tex/gene
ric/pgf/basiclayer/pgfcorepoints.code.tex)
(/Users/avishekanand/Library/Application Support/MiKTeX/texmfs/install/tex/gene
ric/pgf/basiclayer/pgfcorepathconstruct.code.tex)
(/Users/avishekanand/Library/Application Support/MiKTeX/texmfs/install/tex/gene
ric/pgf/basiclayer/pgfcorepathusage.code.tex)
(/Users/avishekanand/Library/Application Support/MiKTeX/texmfs/install/tex/gene
ric/pgf/basiclayer/pgfcorescopes.code.tex)
(/Users/avishekanand/Library/Application Support/MiKTeX/texmfs/install/tex/gene
ric/pgf/basiclayer/pgfcoregraphicstate.code.tex)
(/Users/avishekanand/Library/Application Support/MiKTeX/texmfs/install/tex/gene
ric/pgf/basiclayer/pgfcoretransformations.code.tex)
(/Users/avishekanand/Library/Application Support/MiKTeX/texmfs/install/tex/gene
ric/pgf/basiclayer/pgfcorequick.code.tex)
(/Users/avishekanand/Library/Application Support/MiKTeX/texmfs/install/tex/gene
ric/pgf/basiclayer/pgfcoreobjects.code.tex)
(/Users/avishekanand/Library/Application Support/MiKTeX/texmfs/install/tex/gene
ric/pgf/basiclayer/pgfcorepathprocessing.code.tex)
(/Users/avishekanand/Library/Application Support/MiKTeX/texmfs/install/tex/gene
ric/pgf/basiclayer/pgfcorearrows.code.tex
Overfull \vbox (22.83693pt too high) detected at line 573
[19])
(/Users/avishekanand/Library/Application Support/MiKTeX/texmfs/install/tex/gene
ric/pgf/basiclayer/pgfcoreshade.code.tex)
(/Users/avishekanand/Library/Application Support/MiKTeX/texmfs/install/tex/gene
ric/pgf/basiclayer/pgfcoreimage.code.tex)
(/Users/avishekanand/Library/Application Support/MiKTeX/texmfs/install/tex/gene
ric/pgf/basiclayer/pgfcoreexternal.code.tex)
(/Users/avishekanand/Library/Application Support/MiKTeX/texmfs/install/tex/gene
ric/pgf/basiclayer/pgfcorelayers.code.tex)
(/Users/avishekanand/Library/Application Support/MiKTeX/texmfs/install/tex/gene
ric/pgf/basiclayer/pgfcoretransparency.code.tex)
(/Users/avishekanand/Library/Application Support/MiKTeX/texmfs/install/tex/gene
ric/pgf/basiclayer/pgfcorepatterns.code.tex)
(/Users/avishekanand/Library/Application Support/MiKTeX/texmfs/install/tex/gene
ric/pgf/basiclayer/pgfcorerdf.code.tex)))
(/Users/avishekanand/Library/Application Support/MiKTeX/texmfs/install/tex/late
x/pgf/utilities/xxcolor.sty)
(/Users/avishekanand/Library/Application Support/MiKTeX/texmfs/install/tex/late
x/base/atbegshi-ltx.sty)
(/Users/avishekanand/Library/Application Support/MiKTeX/texmfs/install/tex/late
x/hyperref/hyperref.sty
(/Users/avishekanand/Library/Application Support/MiKTeX/texmfs/install/tex/gene
ric/infwarerr/infwarerr.sty)
(/Users/avishekanand/Library/Application Support/MiKTeX/texmfs/install/tex/late
x/kvsetkeys/kvsetkeys.sty)
(/Users/avishekanand/Library/Application Support/MiKTeX/texmfs/install/tex/gene
ric/kvdefinekeys/kvdefinekeys.sty)
(/Users/avishekanand/Library/Application Support/MiKTeX/texmfs/install/tex/gene
ric/pdfescape/pdfescape.sty
(/Users/avishekanand/Library/Application Support/MiKTeX/texmfs/install/tex/gene
ric/ltxcmds/ltxcmds.sty)
Overfull \vbox (43.94942pt too high) detected at line 606
[20]
(/Users/avishekanand/Library/Application Support/MiKTeX/texmfs/install/tex/gene
ric/pdftexcmds/pdftexcmds.sty))
(/Users/avishekanand/Library/Application Support/MiKTeX/texmfs/install/tex/late
x/hycolor/hycolor.sty)
(/Users/avishekanand/Library/Application Support/MiKTeX/texmfs/install/tex/late
x/letltxmacro/letltxmacro.sty)
(/Users/avishekanand/Library/Application Support/MiKTeX/texmfs/install/tex/late
x/auxhook/auxhook.sty)
(/Users/avishekanand/Library/Application Support/MiKTeX/texmfs/install/tex/late
x/hyperref/nameref.sty
(/Users/avishekanand/Library/Application Support/MiKTeX/texmfs/install/tex/late
x/refcount/refcount.sty)
(/Users/avishekanand/Library/Application Support/MiKTeX/texmfs/install/tex/gene
ric/gettitlestring/gettitlestring.sty
(/Users/avishekanand/Library/Application Support/MiKTeX/texmfs/install/tex/late
x/kvoptions/kvoptions.sty)))
(/Users/avishekanand/Library/Application Support/MiKTeX/texmfs/install/tex/late
x/hyperref/pd1enc.def
Overfull \vbox (5.87689pt too high) detected at line 629
[21])
(/Users/avishekanand/Library/Application Support/MiKTeX/texmfs/install/tex/gene
ric/intcalc/intcalc.sty)
(/Users/avishekanand/Library/Application Support/MiKTeX/texmfs/install/tex/late
x/hyperref/puenc.def) [22]
(/Users/avishekanand/Library/Application Support/MiKTeX/texmfs/install/tex/late
x/url/url.sty)
(/Users/avishekanand/Library/Application Support/MiKTeX/texmfs/install/tex/gene
ric/bitset/bitset.sty
(/Users/avishekanand/Library/Application Support/MiKTeX/texmfs/install/tex/gene
ric/bigintcalc/bigintcalc.sty))

Package hyperref Message: Stopped early.

)
(/Users/avishekanand/Library/Application Support/MiKTeX/texmfs/install/tex/late
x/hyperref/hpdftex.def
(/Users/avishekanand/Library/Application Support/MiKTeX/texmfs/install/tex/late
x/base/atveryend-ltx.sty) [23]
(/Users/avishekanand/Library/Application Support/MiKTeX/texmfs/install/tex/late
x/rerunfilecheck/rerunfilecheck.sty
(/Users/avishekanand/Library/Application Support/MiKTeX/texmfs/install/tex/gene
ric/uniquecounter/uniquecounter.sty)))
(/Users/avishekanand/Library/Application Support/MiKTeX/texmfs/install/tex/late
x/beamer/beamerbaserequires.sty
(/Users/avishekanand/Library/Application Support/MiKTeX/texmfs/install/tex/late
x/beamer/beamerbasecompatibility.sty)
(/Users/avishekanand/Library/Application Support/MiKTeX/texmfs/install/tex/late
x/beamer/beamerbasefont.sty
(/Users/avishekanand/Library/Application Support/MiKTeX/texmfs/install/tex/late
x/amsfonts/amssymb.sty
(/Users/avishekanand/Library/Application Support/MiKTeX/texmfs/install/tex/late
x/amsfonts/amsfonts.sty))
Overfull \vbox (53.19568pt too high) detected at line 759
[24]
(/Users/avishekanand/Library/Application Support/MiKTeX/texmfs/install/tex/late
x/sansmathaccent/sansmathaccent.sty
(/Users/avishekanand/Library/Application Support/MiKTeX/texmfs/install/tex/late
x/koma-script/scrlfile.sty
Overfull \vbox (58.27531pt too high) detected at line 796
[25]

+----------------------------------------------------------------------
| WARNING (`scrlfile.sty'):
+----------------------------------------------------------------------
| YOU SHOULD NOTE, THAT THIS IS NOT AN OFFICIAL RELEASE!
| THIS VERSION IS INTENDED TO BE USED FOR TESTING ONLY!
| USAGE FOR PURPOSES OTHER THAN INTENDED IS DANGEROUS!
| DON'T EXPECT ANY SUPPORT FOR THIS VERSION!
+----------------------------------------------------------------------


(/Users/avishekanand/Library/Application Support/MiKTeX/texmfs/install/tex/late
x/koma-script/scrlfile-hook.sty

+----------------------------------------------------------------------
| WARNING (`scrlfile-hook.sty'):
+----------------------------------------------------------------------
| YOU SHOULD NOTE, THAT THIS IS NOT AN OFFICIAL RELEASE!
| THIS VERSION IS INTENDED TO BE USED FOR TESTING ONLY!
| USAGE FOR PURPOSES OTHER THAN INTENDED IS DANGEROUS!
| DON'T EXPECT ANY SUPPORT FOR THIS VERSION!
+----------------------------------------------------------------------


(/Users/avishekanand/Library/Application Support/MiKTeX/texmfs/install/tex/late
x/koma-script/scrlogo.sty

+----------------------------------------------------------------------
| WARNING (`scrlogo.sty'):
+----------------------------------------------------------------------
| YOU SHOULD NOTE, THAT THIS IS NOT AN OFFICIAL RELEASE!
| THIS VERSION IS INTENDED TO BE USED FOR TESTING ONLY!
| USAGE FOR PURPOSES OTHER THAN INTENDED IS DANGEROUS!
| DON'T EXPECT ANY SUPPORT FOR THIS VERSION!
+----------------------------------------------------------------------

)))))
(/Users/avishekanand/Library/Application Support/MiKTeX/texmfs/install/tex/late
x/beamer/beamerbasetranslator.sty
(/Users/avishekanand/Library/Application Support/MiKTeX/texmfs/install/tex/late
x/translator/translator.sty))
(/Users/avishekanand/Library/Application Support/MiKTeX/texmfs/install/tex/late
x/beamer/beamerbasemisc.sty)
(/Users/avishekanand/Library/Application Support/MiKTeX/texmfs/install/tex/late
x/beamer/beamerbasetwoscreens.sty)
(/Users/avishekanand/Library/Application Support/MiKTeX/texmfs/install/tex/late
x/beamer/beamerbaseoverlay.sty)
Overfull \vbox (55.14551pt too high) detected at line 821
[26]
(/Users/avishekanand/Library/Application Support/MiKTeX/texmfs/install/tex/late
x/beamer/beamerbasetitle.sty)
(/Users/avishekanand/Library/Application Support/MiKTeX/texmfs/install/tex/late
x/beamer/beamerbasesection.sty)
(/Users/avishekanand/Library/Application Support/MiKTeX/texmfs/install/tex/late
x/beamer/beamerbaseframe.sty)
(/Users/avishekanand/Library/Application Support/MiKTeX/texmfs/install/tex/late
x/beamer/beamerbaseverbatim.sty)
(/Users/avishekanand/Library/Application Support/MiKTeX/texmfs/install/tex/late
x/beamer/beamerbaseframesize.sty)
(/Users/avishekanand/Library/Application Support/MiKTeX/texmfs/install/tex/late
x/beamer/beamerbaseframecomponents.sty)
(/Users/avishekanand/Library/Application Support/MiKTeX/texmfs/install/tex/late
x/beamer/beamerbasecolor.sty
Overfull \vbox (26.89197pt too high) detected at line 848
[27])
(/Users/avishekanand/Library/Application Support/MiKTeX/texmfs/install/tex/late
x/beamer/beamerbasenotes.sty)
(/Users/avishekanand/Library/Application Support/MiKTeX/texmfs/install/tex/late
x/beamer/beamerbasetoc.sty)
(/Users/avishekanand/Library/Application Support/MiKTeX/texmfs/install/tex/late
x/beamer/beamerbasetemplates.sty
(/Users/avishekanand/Library/Application Support/MiKTeX/texmfs/install/tex/late
x/beamer/beamerbaseauxtemplates.sty
(/Users/avishekanand/Library/Application Support/MiKTeX/texmfs/install/tex/late
x/beamer/beamerbaseboxes.sty)
Overfull \vbox (3.02586pt too high) detected at line 883
[28]))
(/Users/avishekanand/Library/Application Support/MiKTeX/texmfs/install/tex/late
x/beamer/beamerbaselocalstructure.sty
(/Users/avishekanand/Library/Application Support/MiKTeX/texmfs/install/tex/late
x/tools/enumerate.sty))
(/Users/avishekanand/Library/Application Support/MiKTeX/texmfs/install/tex/late
x/beamer/beamerbasenavigation.sty
(/Users/avishekanand/Library/Application Support/MiKTeX/texmfs/install/tex/late
x/beamer/beamerbasenavigationsymbols.tex
Overfull \vbox (27.018pt too high) detected at line 921
[29]))
(/Users/avishekanand/Library/Application Support/MiKTeX/texmfs/install/tex/late
x/beamer/beamerbasetheorems.sty
(/Users/avishekanand/Library/Application Support/MiKTeX/texmfs/install/tex/late
x/amsmath/amsmath.sty
For additional information on amsmath, use the `?' option.

(/Users/avishekanand/Library/Application Support/MiKTeX/texmfs/install/tex/late
x/amsmath/amstext.sty
(/Users/avishekanand/Library/Application Support/MiKTeX/texmfs/install/tex/late
x/amsmath/amsgen.sty))
(/Users/avishekanand/Library/Application Support/MiKTeX/texmfs/install/tex/late
x/amsmath/amsbsy.sty)
(/Users/avishekanand/Library/Application Support/MiKTeX/texmfs/install/tex/late
x/amsmath/amsopn.sty))
Overfull \vbox (29.0978pt too high) detected at line 949
[30]
(/Users/avishekanand/Library/Application Support/MiKTeX/texmfs/install/tex/late
x/amscls/amsthm.sty))
(/Users/avishekanand/Library/Application Support/MiKTeX/texmfs/install/tex/late
x/beamer/beamerbasethemes.sty))
(/Users/avishekanand/Library/Application Support/MiKTeX/texmfs/install/tex/late
x/beamer/beamerthemedefault.sty
(/Users/avishekanand/Library/Application Support/MiKTeX/texmfs/install/tex/late
x/beamer/beamerfontthemedefault.sty)
(/Users/avishekanand/Library/Application Support/MiKTeX/texmfs/install/tex/late
x/beamer/beamercolorthemedefault.sty)
Overfull \vbox (47.65234pt too high) detected at line 974
[31]
(/Users/avishekanand/Library/Application Support/MiKTeX/texmfs/install/tex/late
x/beamer/beamerinnerthemedefault.sty)
(/Users/avishekanand/Library/Application Support/MiKTeX/texmfs/install/tex/late
x/beamer/beamerouterthemedefault.sty))) (beamerthemeTUDelft.sty
Overfull \vbox (91.87862pt too high) detected at line 1000
[32])
(/Users/avishekanand/Library/Application Support/MiKTeX/texmfs/install/tex/late
x/algorithms/algorithm.sty
(/Users/avishekanand/Library/Application Support/MiKTeX/texmfs/install/tex/late
x/float/float.sty)
(/Users/avishekanand/Library/Application Support/MiKTeX/texmfs/install/tex/late
x/base/ifthen.sty))
(/Users/avishekanand/Library/Application Support/MiKTeX/texmfs/install/tex/late
x/algorithms/algorithmic.sty)
(/Users/avishekanand/Library/Application Support/MiKTeX/texmfs/install/tex/late
x/pgf/frontendlayer/tikz.sty
(/Users/avishekanand/Library/Application Support/MiKTeX/texmfs/install/tex/late
x/pgf/basiclayer/pgf.sty
(/Users/avishekanand/Library/Application Support/MiKTeX/texmfs/install/tex/gene
ric/pgf/modules/pgfmoduleshapes.code.tex)
(/Users/avishekanand/Library/Application Support/MiKTeX/texmfs/install/tex/gene
ric/pgf/modules/pgfmoduleplot.code.tex)
Overfull \vbox (13.53625pt too high) detected at line 1031
[33]
(/Users/avishekanand/Library/Application Support/MiKTeX/texmfs/install/tex/late
x/pgf/compatibility/pgfcomp-version-0-65.sty)
(/Users/avishekanand/Library/Application Support/MiKTeX/texmfs/install/tex/late
x/pgf/compatibility/pgfcomp-version-1-18.sty))
(/Users/avishekanand/Library/Application Support/MiKTeX/texmfs/install/tex/late
x/pgf/utilities/pgffor.sty
(/Users/avishekanand/Library/Application Support/MiKTeX/texmfs/install/tex/gene
ric/pgf/utilities/pgffor.code.tex))
(/Users/avishekanand/Library/Application Support/MiKTeX/texmfs/install/tex/gene
ric/pgf/frontendlayer/tikz/tikz.code.tex
(/Users/avishekanand/Library/Application Support/MiKTeX/texmfs/install/tex/gene
ric/pgf/libraries/pgflibraryplothandlers.code.tex)
(/Users/avishekanand/Library/Application Support/MiKTeX/texmfs/install/tex/gene
ric/pgf/modules/pgfmodulematrix.code.tex)
Overfull \vbox (29.62935pt too high) detected at line 1067
[34]
(/Users/avishekanand/Library/Application Support/MiKTeX/texmfs/install/tex/gene
ric/pgf/frontendlayer/tikz/libraries/tikzlibrarytopaths.code.tex)))
(/Users/avishekanand/Library/Application Support/MiKTeX/texmfs/install/tex/late
x/booktabs/booktabs.sty)
(/Users/avishekanand/Library/Application Support/MiKTeX/texmfs/install/tex/late
x/listings/listings.sty
(/Users/avishekanand/Library/Application Support/MiKTeX/texmfs/install/tex/late
x/listings/lstmisc.sty
Overfull \vbox (28.44463pt too high) detected at line 1103
[35])
(/Users/avishekanand/Library/Application Support/MiKTeX/texmfs/install/tex/late
x/listings/listings.cfg))
(/Users/avishekanand/Library/Application Support/MiKTeX/texmfs/install/tex/late
x/psnfss/pifont.sty
(/Users/avishekanand/Library/Application Support/MiKTeX/texmfs/install/tex/late
x/psnfss/upzd.fd)
(/Users/avishekanand/Library/Application Support/MiKTeX/texmfs/install/tex/late
x/psnfss/upsy.fd))
(/Users/avishekanand/Library/Application Support/MiKTeX/texmfs/install/tex/late
x/listings/lstlang1.sty)
(/Users/avishekanand/Library/Application Support/MiKTeX/texmfs/install/tex/gene
ric/pgf/frontendlayer/tikz/libraries/tikzlibraryshapes.code.tex
(/Users/avishekanand/Library/Application Support/MiKTeX/texmfs/install/tex/gene
ric/pgf/frontendlayer/tikz/libraries/tikzlibraryshapes.geometric.code.tex
(/Users/avishekanand/Library/Application Support/MiKTeX/texmfs/install/tex/gene
ric/pgf/libraries/shapes/pgflibraryshapes.geometric.code.tex))
Overfull \vbox (94.92436pt too high) detected at line 1141
[36
(/Users/avishekanand/Library/Application Support/MiKTeX/texmfs/install/tex/gene
ric/pgf/frontendlayer/tikz/libraries/tikzlibraryshapes.misc.code.tex]
(/Users/avishekanand/Library/Application Support/MiKTeX/texmfs/install/tex/gene
ric/pgf/libraries/shapes/pgflibraryshapes.misc.code.tex))
(/Users/avishekanand/Library/Application Support/MiKTeX/texmfs/install/tex/gene
ric/pgf/frontendlayer/tikz/libraries/tikzlibraryshapes.symbols.code.tex
(/Users/avishekanand/Library/Application Support/MiKTeX/texmfs/install/tex/gene
ric/pgf/libraries/shapes/pgflibraryshapes.symbols.code.tex))
(/Users/avishekanand/Library/Application Support/MiKTeX/texmfs/install/tex/gene
ric/pgf/frontendlayer/tikz/libraries/tikzlibraryshapes.arrows.code.tex
(/Users/avishekanand/Library/Application Support/MiKTeX/texmfs/install/tex/gene
ric/pgf/libraries/shapes/pgflibraryshapes.arrows.code.tex))
(/Users/avishekanand/Library/Application Support/MiKTeX/texmfs/install/tex/gene
ric/pgf/frontendlayer/tikz/libraries/tikzlibraryshapes.callouts.code.tex
(/Users/avishekanand/Library/Application Support/MiKTeX/texmfs/install/tex/gene
ric/pgf/libraries/shapes/pgflibraryshapes.callouts.code.tex))
(/Users/avishekanand/Library/Application Support/MiKTeX/texmfs/install/tex/gene
ric/pgf/frontendlayer/tikz/libraries/tikzlibraryshapes.multipart.code.tex
(/Users/avishekanand/Library/Application Support/MiKTeX/texmfs/install/tex/gene
ric/pgf/libraries/shapes/pgflibraryshapes.multipart.code.tex)))
(/Users/avishekanand/Library/Application Support/MiKTeX/texmfs/install/tex/gene
ric/pgf/frontendlayer/tikz/libraries/tikzlibraryarrows.code.tex
(/Users/avishekanand/Library/Application Support/MiKTeX/texmfs/install/tex/gene
ric/pgf/libraries/pgflibraryarrows.code.tex
Overfull \vbox (47.38274pt too high) detected at line 1172
[37]))
(/Users/avishekanand/Library/Application Support/MiKTeX/texmfs/install/tex/gene
ric/pgf/frontendlayer/tikz/libraries/tikzlibrarypositioning.code.tex)
(/Users/avishekanand/Library/Application Support/MiKTeX/texmfs/install/tex/gene
ric/pgf/frontendlayer/tikz/libraries/tikzlibrarycalc.code.tex)
(/Users/avishekanand/Library/Application Support/MiKTeX/texmfs/install/tex/late
x/l3backend/l3backend-pdftex.def)
(/Users/avishekanand/Projects/Lectures/information-retrieval/build/05_dense_ret
rieval.aux)
*geometry* driver: auto-detecting
*geometry* detected driver: pdftex

(/Users/avishekanand/Library/Application Support/MiKTeX/texmfs/install/tex/cont
ext/base/mkii/supp-pdf.mkii
[Loading MPS to PDF converter (version 2006.09.02).]
)
(/Users/avishekanand/Library/Application Support/MiKTeX/texmfs/install/tex/late
x/epstopdf-pkg/epstopdf-base.sty
(/Users/avishekanand/Library/Application Support/MiKTeX/texmfs/install/tex/late
x/00miktex/epstopdf-sys.cfg))
Overfull \vbox (76.4577pt too high) detected at line 1204
[38]
(/Users/avishekanand/Projects/Lectures/information-retrieval/build/05_dense_ret
rieval.out)
(/Users/avishekanand/Projects/Lectures/information-retrieval/build/05_dense_ret
rieval.out)
(/Users/avishekanand/Library/Application Support/MiKTeX/texmfs/install/tex/late
x/translator/translator-basic-dictionary-English.dict)
(/Users/avishekanand/Library/Application Support/MiKTeX/texmfs/install/tex/late
x/translator/translator-bibliography-dictionary-English.dict)
(/Users/avishekanand/Library/Application Support/MiKTeX/texmfs/install/tex/late
x/translator/translator-environment-dictionary-English.dict)
(/Users/avishekanand/Library/Application Support/MiKTeX/texmfs/install/tex/late
x/translator/translator-months-dictionary-English.dict)
(/Users/avishekanand/Library/Application Support/MiKTeX/texmfs/install/tex/late
x/translator/translator-numbers-dictionary-English.dict)
(/Users/avishekanand/Library/Application Support/MiKTeX/texmfs/install/tex/late
x/translator/translator-theorem-dictionary-English.dict)
(/Users/avishekanand/Projects/Lectures/information-retrieval/build/05_dense_ret
rieval.nav)
Overfull \vbox (74.47853pt too high) detected at line 1235
[39] [1{/Users/avishekanand/Library/Application Support/MiKTeX/texmfs/da
ta/fonts/map/pdftex/pdftex.map}]
(/Users/avishekanand/Library/Application Support/MiKTeX/texmfs/install/tex/late
x/amsfonts/umsa.fd)
(/Users/avishekanand/Library/Application Support/MiKTeX/texmfs/install/tex/late
x/amsfonts/umsb.fd)
(/Users/avishekanand/Library/Application Support/MiKTeX/texmfs/install/tex/late
x/sansmathaccent/ot1mathkerncmss.fd)
Overfull \vbox (25.14359pt too high) detected at line 1269
[40] [2]
(/Users/avishekanand/Projects/Lectures/information-retrieval/build/05_dense_ret
rieval.toc)
Overfull \vbox (67.21597pt too high) detected at line 1294
[41] [3] [4] [5]
Overfull \vbox (98.64293pt too high) detected at line 1327
[42] [6] [7]
Overfull \vbox (95.87631pt too high) detected at line 1358
[43]
Overfull \vbox (95.78748pt too high) detected at line 1383
[44] [8]
Overfull \vbox (76.63094pt too high) detected at line 1415
[45] [9]
(/Users/avishekanand/Projects/Lectures/information-retrieval/build/05_dense_ret
rieval.aux) )</Users/avishekanand/Library/Application Support/MiKTeX/texmfs/ins
tall/fonts/type1/public/amsfonts/cm/cmex10.pfb></Users/avishekanand/Library/App
lication Support/MiKTeX/texmfs/install/fonts/type1/public/amsfonts/cm/cmmi10.pf
b></Users/avishekanand/Library/Application Support/MiKTeX/texmfs/install/fonts/
type1/public/amsfonts/cm/cmss10.pfb></Users/avishekanand/Library/Application Su
pport/MiKTeX/texmfs/install/fonts/type1/public/amsfonts/cm/cmss8.pfb></Users/av
ishekanand/Library/Application Support/MiKTeX/texmfs/install/fonts/type1/public
/amsfonts/cm/cmssbx10.pfb></Users/avishekanand/Library/Application Support/MiKT
eX/texmfs/install/fonts/type1/public/amsfonts/cm/cmssi10.pfb></Users/avishekana
nd/Library/Application Support/MiKTeX/texmfs/install/fonts/type1/public/amsfont
s/cm/cmssi8.pfb></Users/avishekanand/Library/Application Support/MiKTeX/texmfs/
install/fonts/type1/public/amsfonts/cm/cmsy10.pfb></Users/avishekanand/Library/
Application Support/MiKTeX/texmfs/install/fonts/type1/public/amsfonts/cm/cmsy6.
pfb></Users/avishekanand/Library/Application Support/MiKTeX/texmfs/install/font
s/type1/public/amsfonts/cm/cmsy8.pfb></Users/avishekanand/Library/Application S
upport/MiKTeX/texmfs/install/fonts/type1/public/amsfonts/symbols/msam10.pfb></U
sers/avishekanand/Library/Application Support/MiKTeX/texmfs/install/fonts/type1
/urw/zapfding/uzdr.pfb
Overfull \vbox (81.71268pt too high) detected at line 1441
[46]>
Overfull \vbox (41.68362pt too high) detected at line 1475
[47]
Overfull \vbox (29.57692pt too high) detected at line 1501
[48]
Output written on /Users/avishekanand/Projects/Lectures/information-retrieval/b
uild/05_dense_retrieval.pdf (9 pages, 148780 bytes).
Transcript written on /Users/avishekanand/Projects/Lectures/information-retriev
al/build/05_dense_retrieval.log.
pdflatex -output-directory=build 06_learning_to_rank.tex

Overfull \vbox (28.94775pt too high) detected at line 1527
[49]
Overfull \vbox (66.98683pt too high) detected at line 1556
[50]
Overfull \vbox (118.45905pt too high) detected at line 1579
[51]
Overfull \vbox (16.55766pt too high) detected at line 1610
[52]
Overfull \vbox (28.65767pt too high) detected at line 1634
[53]
Overfull \vbox (6.54768pt too high) detected at line 1658
[54]
Overfull \vbox (24.66853pt too high) detected at line 1683
[55]
Overfull \vbox (6.48523pt too high) detected at line 1706
[56]This is pdfTeX, Version 3.141592653-2.6-1.40.24 (MiKTeX 22.1) (preloaded format=pdflatex.fmt)
 restricted \write18 enabled.
entering extended mode
(06_learning_to_rank.tex
LaTeX2e <2023-11-01>
L3 programming layer <2023-11-09>

(/Users/avishekanand/Library/Application Support/MiKTeX/texmfs/install/tex/late
x/beamer/beamer.cls
Document Class: beamer 2026/01/22 v3.77 A class for typesetting presentations

(/Users/avishekanand/Library/Application Support/MiKTeX/texmfs/install/tex/late
x/beamer/beamerbasemodes.sty
Overfull \vbox (39.42273pt too high) detected at line 1735
[57]
(/Users/avishekanand/Library/Application Support/MiKTeX/texmfs/install/tex/late
x/etoolbox/etoolbox.sty)
(/Users/avishekanand/Library/Application Support/MiKTeX/texmfs/install/tex/late
x/beamer/beamerbasedecode.sty))
(/Users/avishekanand/Library/Application Support/MiKTeX/texmfs/install/tex/gene
ric/iftex/iftex.sty)
(/Users/avishekanand/Library/Application Support/MiKTeX/texmfs/install/tex/late
x/beamer/beamerbaseoptions.sty
(/Users/avishekanand/Library/Application Support/MiKTeX/texmfs/install/tex/late
x/graphics/keyval.sty))
Overfull \vbox (30.37488pt too high) detected at line 1763
[58]
(/Users/avishekanand/Library/Application Support/MiKTeX/texmfs/install/tex/late
x/geometry/geometry.sty
(/Users/avishekanand/Library/Application Support/MiKTeX/texmfs/install/tex/gene
ric/iftex/ifvtex.sty)
(/Users/avishekanand/Library/Application Support/MiKTeX/texmfs/install/tex/late
x/geometry/geometry.cfg))
(/Users/avishekanand/Library/Application Support/MiKTeX/texmfs/install/tex/late
x/pgf/math/pgfmath.sty
(/Users/avishekanand/Library/Application Support/MiKTeX/texmfs/install/tex/late
x/pgf/utilities/pgfrcs.sty
(/Users/avishekanand/Library/Application Support/MiKTeX/texmfs/install/tex/gene
ric/pgf/utilities/pgfutil-common.tex)
(/Users/avishekanand/Library/Application Support/MiKTeX/texmfs/install/tex/gene
ric/pgf/utilities/pgfutil-latex.def)
(/Users/avishekanand/Library/Application Support/MiKTeX/texmfs/install/tex/gene
ric/pgf/utilities/pgfrcs.code.tex
(/Users/avishekanand/Library/Application Support/MiKTeX/texmfs/install/tex/gene
ric/pgf/pgf.revision.tex)))
(/Users/avishekanand/Library/Application Support/MiKTeX/texmfs/install/tex/late
x/pgf/utilities/pgfkeys.sty
(/Users/avishekanand/Library/Application Support/MiKTeX/texmfs/install/tex/gene
ric/pgf/utilities/pgfkeys.code.tex
(/Users/avishekanand/Library/Application Support/MiKTeX/texmfs/install/tex/gene
ric/pgf/utilities/pgfkeyslibraryfiltered.code.tex)))
(/Users/avishekanand/Library/Application Support/MiKTeX/texmfs/install/tex/gene
ric/pgf/math/pgfmath.code.tex
(/Users/avishekanand/Library/Application Support/MiKTeX/texmfs/install/tex/gene
ric/pgf/math/pgfmathutil.code.tex)
(/Users/avishekanand/Library/Application Support/MiKTeX/texmfs/install/tex/gene
ric/pgf/math/pgfmathparser.code.tex)
(/Users/avishekanand/Library/Application Support/MiKTeX/texmfs/install/tex/gene
ric/pgf/math/pgfmathfunctions.code.tex

Package hyperref Warning: Token not allowed in a PDF string (Unicode):
(hyperref)                removing `\translate ' on input line 1767.


Overfull \vbox (108.27348pt too high) detected at line 1792
[59)
(/Users/avishekanand/Library/Application Support/MiKTeX/texmfs/install/tex/gene
ric/pgf/math/pgfmathfunctions.basic.code.tex])
(/Users/avishekanand/Library/Application Support/MiKTeX/texmfs/install/tex/gene
ric/pgf/math/pgfmathfunctions.trigonometric.code.tex)
(/Users/avishekanand/Library/Application Support/MiKTeX/texmfs/install/tex/gene
ric/pgf/math/pgfmathfunctions.random.code.tex)
(/Users/avishekanand/Library/Application Support/MiKTeX/texmfs/install/tex/gene
ric/pgf/math/pgfmathfunctions.comparison.code.tex)
(/Users/avishekanand/Library/Application Support/MiKTeX/texmfs/install/tex/gene
ric/pgf/math/pgfmathfunctions.base.code.tex)
(/Users/avishekanand/Library/Application Support/MiKTeX/texmfs/install/tex/gene
ric/pgf/math/pgfmathfunctions.round.code.tex)
(/Users/avishekanand/Library/Application Support/MiKTeX/texmfs/install/tex/gene
ric/pgf/math/pgfmathfunctions.misc.code.tex)
(/Users/avishekanand/Library/Application Support/MiKTeX/texmfs/install/tex/gene
ric/pgf/math/pgfmathfunctions.integerarithmetics.code.tex)
(/Users/avishekanand/Library/Application Support/MiKTeX/texmfs/install/tex/gene
ric/pgf/math/pgfmathcalc.code.tex)
(/Users/avishekanand/Library/Application Support/MiKTeX/texmfs/install/tex/gene
ric/pgf/math/pgfmathfloat.code.tex)))
(/Users/avishekanand/Library/Application Support/MiKTeX/texmfs/install/tex/late
x/base/size11.clo)
(/Users/avishekanand/Library/Application Support/MiKTeX/texmfs/install/tex/late
x/pgf/basiclayer/pgfcore.sty
(/Users/avishekanand/Library/Application Support/MiKTeX/texmfs/install/tex/late
x/graphics/graphicx.sty
(/Users/avishekanand/Library/Application Support/MiKTeX/texmfs/install/tex/late
x/graphics/graphics.sty
(/Users/avishekanand/Library/Application Support/MiKTeX/texmfs/install/tex/late
x/graphics/trig.sty)
(/Users/avishekanand/Library/Application Support/MiKTeX/texmfs/install/tex/late
x/graphics-cfg/graphics.cfg)
(/Users/avishekanand/Library/Application Support/MiKTeX/texmfs/install/tex/late
x/graphics-def/pdftex.def
Overfull \vbox (52.86183pt too high) detected at line 1820
[60])))
(/Users/avishekanand/Library/Application Support/MiKTeX/texmfs/install/tex/late
x/pgf/systemlayer/pgfsys.sty
(/Users/avishekanand/Library/Application Support/MiKTeX/texmfs/install/tex/gene
ric/pgf/systemlayer/pgfsys.code.tex
(/Users/avishekanand/Library/Application Support/MiKTeX/texmfs/install/tex/gene
ric/pgf/systemlayer/pgf.cfg)
(/Users/avishekanand/Library/Application Support/MiKTeX/texmfs/install/tex/gene
ric/pgf/systemlayer/pgfsys-pdftex.def
(/Users/avishekanand/Library/Application Support/MiKTeX/texmfs/install/tex/gene
ric/pgf/systemlayer/pgfsys-common-pdf.def)))
(/Users/avishekanand/Library/Application Support/MiKTeX/texmfs/install/tex/gene
ric/pgf/systemlayer/pgfsyssoftpath.code.tex)
(/Users/avishekanand/Library/Application Support/MiKTeX/texmfs/install/tex/gene
ric/pgf/systemlayer/pgfsysprotocol.code.tex))
(/Users/avishekanand/Library/Application Support/MiKTeX/texmfs/install/tex/late
x/xcolor/xcolor.sty
(/Users/avishekanand/Library/Application Support/MiKTeX/texmfs/install/tex/late
x/graphics-cfg/color.cfg)
(/Users/avishekanand/Library/Application Support/MiKTeX/texmfs/install/tex/late
x/graphics/mathcolor.ltx))
(/Users/avishekanand/Library/Application Support/MiKTeX/texmfs/install/tex/gene
ric/pgf/basiclayer/pgfcore.code.tex
(/Users/avishekanand/Library/Application Support/MiKTeX/texmfs/install/tex/gene
ric/pgf/math/pgfint.code.tex)
(/Users/avishekanand/Library/Application Support/MiKTeX/texmfs/install/tex/gene
ric/pgf/basiclayer/pgfcorepoints.code.tex)
Overfull \vbox (142.19482pt too high) detected at line 1848
[61
(/Users/avishekanand/Library/Application Support/MiKTeX/texmfs/install/tex/gene
ric/pgf/basiclayer/pgfcorepathconstruct.code.tex])
(/Users/avishekanand/Library/Application Support/MiKTeX/texmfs/install/tex/gene
ric/pgf/basiclayer/pgfcorepathusage.code.tex)
(/Users/avishekanand/Library/Application Support/MiKTeX/texmfs/install/tex/gene
ric/pgf/basiclayer/pgfcorescopes.code.tex)
(/Users/avishekanand/Library/Application Support/MiKTeX/texmfs/install/tex/gene
ric/pgf/basiclayer/pgfcoregraphicstate.code.tex)
(/Users/avishekanand/Library/Application Support/MiKTeX/texmfs/install/tex/gene
ric/pgf/basiclayer/pgfcoretransformations.code.tex)
(/Users/avishekanand/Library/Application Support/MiKTeX/texmfs/install/tex/gene
ric/pgf/basiclayer/pgfcorequick.code.tex)
(/Users/avishekanand/Library/Application Support/MiKTeX/texmfs/install/tex/gene
ric/pgf/basiclayer/pgfcoreobjects.code.tex)
(/Users/avishekanand/Library/Application Support/MiKTeX/texmfs/install/tex/gene
ric/pgf/basiclayer/pgfcorepathprocessing.code.tex)
(/Users/avishekanand/Library/Application Support/MiKTeX/texmfs/install/tex/gene
ric/pgf/basiclayer/pgfcorearrows.code.tex)
(/Users/avishekanand/Library/Application Support/MiKTeX/texmfs/install/tex/gene
ric/pgf/basiclayer/pgfcoreshade.code.tex)
(/Users/avishekanand/Library/Application Support/MiKTeX/texmfs/install/tex/gene
ric/pgf/basiclayer/pgfcoreimage.code.tex)
(/Users/avishekanand/Library/Application Support/MiKTeX/texmfs/install/tex/gene
ric/pgf/basiclayer/pgfcoreexternal.code.tex)
(/Users/avishekanand/Library/Application Support/MiKTeX/texmfs/install/tex/gene
ric/pgf/basiclayer/pgfcorelayers.code.tex)
(/Users/avishekanand/Library/Application Support/MiKTeX/texmfs/install/tex/gene
ric/pgf/basiclayer/pgfcoretransparency.code.tex)
(/Users/avishekanand/Library/Application Support/MiKTeX/texmfs/install/tex/gene
ric/pgf/basiclayer/pgfcorepatterns.code.tex)
(/Users/avishekanand/Library/Application Support/MiKTeX/texmfs/install/tex/gene
ric/pgf/basiclayer/pgfcorerdf.code.tex)))
(/Users/avishekanand/Library/Application Support/MiKTeX/texmfs/install/tex/late
x/pgf/utilities/xxcolor.sty)
Overfull \vbox (12.74352pt too high) detected at line 1870
[62
(/Users/avishekanand/Library/Application Support/MiKTeX/texmfs/install/tex/late
x/base/atbegshi-ltx.sty])
(/Users/avishekanand/Projects/Lectures/information-retrieval/build/01_intro_vec
tor_space.aux
(/Users/avishekanand/Library/Application Support/MiKTeX/texmfs/install/tex/late
x/hyperref/hyperref.sty
(/Users/avishekanand/Library/Application Support/MiKTeX/texmfs/install/tex/gene
ric/infwarerr/infwarerr.sty))

LaTeX Font Warning: Some font shapes were not available, defaults substituted.

 )
(see the transcript file for additional information) </Users/avishekanand/Libra
ry/Application Support/MiKTeX/texmfs/data/fonts/pk/ljfour/jknappen/ec/dpi600/tc
ss1000.pk>
(/Users/avishekanand/Library/Application Support/MiKTeX/texmfs/install/tex/late
x/kvsetkeys/kvsetkeys.sty </Users/avishekanand/Library/Application Support/MiKTeX/texmfs/data/
fonts/pk/ljfour/jknappen/ec/dpi600/tcss1095.pk>)</Users/avishekanand/Library/App
lication Support/MiKTeX/texmfs/install/fonts/type1/public/amsfonts/cm/cmex10.pf
b
(/Users/avishekanand/Library/Application Support/MiKTeX/texmfs/install/tex/gene
ric/kvdefinekeys/kvdefinekeys.sty)></Users/avishekanand/Library/Application Support/MiKTeX/texmfs/install/fonts/
type1/public/amsfonts/cm/cmmi10.pfb
(/Users/avishekanand/Library/Application Support/MiKTeX/texmfs/install/tex/gene
ric/pdfescape/pdfescape.sty>
(/Users/avishekanand/Library/Application Support/MiKTeX/texmfs/install/tex/gene
ric/ltxcmds/ltxcmds.sty</Users/avishekanand/Library/Application Su
pport/MiKTeX/texmfs/install/fonts/type1/public/amsfonts/cm/cmmi8.pfb)></Users/av
ishekanand/Library/Application Support/MiKTeX/texmfs/install/fonts/type1/public
/amsfonts/cm/cmss10.pfb
(/Users/avishekanand/Library/Application Support/MiKTeX/texmfs/install/tex/gene
ric/pdftexcmds/pdftexcmds.sty><)/Users/avishekanand/Library/Application Support/MiKTeX
/texmfs/install/fonts/type1/public/amsfonts/cm/cmss12.pfb)><
(/Users/avishekanand/Library/Application Support/MiKTeX/texmfs/install/tex/late
x/hycolor/hycolor.sty/Users/avishekanand/
Library/Application Support/MiKTeX/texmfs/install/fonts/type1/public/amsfonts/c
m/cmss17.pfb></Users/avishekanand/Library/Application Support/MiKTeX/texmfs/ins
tall/fonts/type1/public/amsfonts/cm/cmss8.pfb)></Users/avishekanand/Library/Appl
ication Support/MiKTeX/texmfs/install/fonts/type1/public/amsfonts/cm/cmss9.pfb
(/Users/avishekanand/Library/Application Support/MiKTeX/texmfs/install/tex/late
x/letltxmacro/letltxmacro.sty)>
</Users/avishekanand/Library/Application Support/MiKTeX/texmfs/install/fonts/ty
pe1/public/amsfonts/cm/cmssbx10.pfb
(/Users/avishekanand/Library/Application Support/MiKTeX/texmfs/install/tex/late
x/auxhook/auxhook.sty)></Users/avishekanand/Library/Application Su
pport/MiKTeX/texmfs/install/fonts/type1/public/amsfonts/cm/cmssi10.pfb
(/Users/avishekanand/Library/Application Support/MiKTeX/texmfs/install/tex/late
x/hyperref/nameref.sty><
(/Users/avishekanand/Library/Application Support/MiKTeX/texmfs/install/tex/late
x/refcount/refcount.sty/Users/
avishekanand/Library/Application Support/MiKTeX/texmfs/install/fonts/type1/publ
ic/amsfonts/cm/cmssi8.pfb)></Users/avishekanand/Library/Application Support/MiKT
eX/texmfs/install/fonts/type1/public/amsfonts/cm/cmsy10.pfb
(/Users/avishekanand/Library/Application Support/MiKTeX/texmfs/install/tex/gene
ric/gettitlestring/gettitlestring.sty></Users/avishekanan
d/Library/Application Support/MiKTeX/texmfs/install/fonts/type1/public/amsfonts
/cm/cmsy6.pfb
(/Users/avishekanand/Library/Application Support/MiKTeX/texmfs/install/tex/late
x/kvoptions/kvoptions.sty>)</Users/avishekanand/Library/Application Support/MiKTeX/texmfs/in
stall/fonts/type1/public/amsfonts/cm/cmsy8.pfb)></Users/avishekanand/Library/App
lication Support/MiKTeX/texmfs/install/fonts/type1/public/amsfonts/cm/cmtt10.pf
b></Users/avishekanand/Library/Application Support/MiKTeX/texmfs/install/fonts/
type1/public/amsfonts/symbols/msam10.pfb)></Users/avishekanand/Library/Applicati
on Support/MiKTeX/texmfs/install/fonts/type1/urw/zapfding/uzdr.pfb
(/Users/avishekanand/Library/Application Support/MiKTeX/texmfs/install/tex/late
x/hyperref/pd1enc.def>)
(/Users/avishekanand/Library/Application Support/MiKTeX/texmfs/install/tex/gene
ric/intcalc/intcalc.sty)
(/Users/avishekanand/Library/Application Support/MiKTeX/texmfs/install/tex/late
x/hyperref/puenc.def)
(/Users/avishekanand/Library/Application Support/MiKTeX/texmfs/install/tex/late
x/url/url.sty)
(/Users/avishekanand/Library/Application Support/MiKTeX/texmfs/install/tex/gene
ric/bitset/bitset.sty
(/Users/avishekanand/Library/Application Support/MiKTeX/texmfs/install/tex/gene
ric/bigintcalc/bigintcalc.sty))

Package hyperref Message: Stopped early.

)
(/Users/avishekanand/Library/Application Support/MiKTeX/texmfs/install/tex/late
x/hyperref/hpdftex.def
(/Users/avishekanand/Library/Application Support/MiKTeX/texmfs/install/tex/late
x/base/atveryend-ltx.sty)
(/Users/avishekanand/Library/Application Support/MiKTeX/texmfs/install/tex/late
x/rerunfilecheck/rerunfilecheck.sty
(/Users/avishekanand/Library/Application Support/MiKTeX/texmfs/install/tex/gene
ric/uniquecounter/uniquecounter.sty
Output written on /Users/avishekanand/Projects/Lectures/information-retrieval/b
uild/01_intro_vector_space.pdf (62 pages, 353751 bytes).
Transcript written on /Users/avishekanand/Projects/Lectures/information-retriev
al/build/01_intro_vector_space.log.
)))
(/Users/avishekanand/Library/Application Support/MiKTeX/texmfs/install/tex/late
x/beamer/beamerbaserequires.sty
(/Users/avishekanand/Library/Application Support/MiKTeX/texmfs/install/tex/late
x/beamer/beamerbasecompatibility.sty)
(/Users/avishekanand/Library/Application Support/MiKTeX/texmfs/install/tex/late
x/beamer/beamerbasefont.sty
(/Users/avishekanand/Library/Application Support/MiKTeX/texmfs/install/tex/late
x/amsfonts/amssymb.sty
(/Users/avishekanand/Library/Application Support/MiKTeX/texmfs/install/tex/late
x/amsfonts/amsfonts.sty))
(/Users/avishekanand/Library/Application Support/MiKTeX/texmfs/install/tex/late
x/sansmathaccent/sansmathaccent.sty
(/Users/avishekanand/Library/Application Support/MiKTeX/texmfs/install/tex/late
x/koma-script/scrlfile.sty

+----------------------------------------------------------------------
| WARNING (`scrlfile.sty'):
+----------------------------------------------------------------------
| YOU SHOULD NOTE, THAT THIS IS NOT AN OFFICIAL RELEASE!
| THIS VERSION IS INTENDED TO BE USED FOR TESTING ONLY!
| USAGE FOR PURPOSES OTHER THAN INTENDED IS DANGEROUS!
| DON'T EXPECT ANY SUPPORT FOR THIS VERSION!
+----------------------------------------------------------------------


(/Users/avishekanand/Library/Application Support/MiKTeX/texmfs/install/tex/late
x/koma-script/scrlfile-hook.sty

+----------------------------------------------------------------------
| WARNING (`scrlfile-hook.sty'):
+----------------------------------------------------------------------
| YOU SHOULD NOTE, THAT THIS IS NOT AN OFFICIAL RELEASE!
| THIS VERSION IS INTENDED TO BE USED FOR TESTING ONLY!
| USAGE FOR PURPOSES OTHER THAN INTENDED IS DANGEROUS!
| DON'T EXPECT ANY SUPPORT FOR THIS VERSION!
+----------------------------------------------------------------------


(/Users/avishekanand/Library/Application Support/MiKTeX/texmfs/install/tex/late
x/koma-script/scrlogo.sty

+----------------------------------------------------------------------
| WARNING (`scrlogo.sty'):
+----------------------------------------------------------------------
| YOU SHOULD NOTE, THAT THIS IS NOT AN OFFICIAL RELEASE!
| THIS VERSION IS INTENDED TO BE USED FOR TESTING ONLY!
| USAGE FOR PURPOSES OTHER THAN INTENDED IS DANGEROUS!
| DON'T EXPECT ANY SUPPORT FOR THIS VERSION!
+----------------------------------------------------------------------

)))))
(/Users/avishekanand/Library/Application Support/MiKTeX/texmfs/install/tex/late
x/beamer/beamerbasetranslator.sty
(/Users/avishekanand/Library/Application Support/MiKTeX/texmfs/install/tex/late
x/translator/translator.sty))
(/Users/avishekanand/Library/Application Support/MiKTeX/texmfs/install/tex/late
x/beamer/beamerbasemisc.sty)
(/Users/avishekanand/Library/Application Support/MiKTeX/texmfs/install/tex/late
x/beamer/beamerbasetwoscreens.sty)
(/Users/avishekanand/Library/Application Support/MiKTeX/texmfs/install/tex/late
x/beamer/beamerbaseoverlay.sty)
(/Users/avishekanand/Library/Application Support/MiKTeX/texmfs/install/tex/late
x/beamer/beamerbasetitle.sty)
(/Users/avishekanand/Library/Application Support/MiKTeX/texmfs/install/tex/late
x/beamer/beamerbasesection.sty)
(/Users/avishekanand/Library/Application Support/MiKTeX/texmfs/install/tex/late
x/beamer/beamerbaseframe.sty)
(/Users/avishekanand/Library/Application Support/MiKTeX/texmfs/install/tex/late
x/beamer/beamerbaseverbatim.sty)
(/Users/avishekanand/Library/Application Support/MiKTeX/texmfs/install/tex/late
x/beamer/beamerbaseframesize.sty)
(/Users/avishekanand/Library/Application Support/MiKTeX/texmfs/install/tex/late
x/beamer/beamerbaseframecomponents.sty)
(/Users/avishekanand/Library/Application Support/MiKTeX/texmfs/install/tex/late
x/beamer/beamerbasecolor.sty)
(/Users/avishekanand/Library/Application Support/MiKTeX/texmfs/install/tex/late
x/beamer/beamerbasenotes.sty)
(/Users/avishekanand/Library/Application Support/MiKTeX/texmfs/install/tex/late
x/beamer/beamerbasetoc.sty)
(/Users/avishekanand/Library/Application Support/MiKTeX/texmfs/install/tex/late
x/beamer/beamerbasetemplates.sty
(/Users/avishekanand/Library/Application Support/MiKTeX/texmfs/install/tex/late
x/beamer/beamerbaseauxtemplates.sty
(/Users/avishekanand/Library/Application Support/MiKTeX/texmfs/install/tex/late
x/beamer/beamerbaseboxes.sty)))
(/Users/avishekanand/Library/Application Support/MiKTeX/texmfs/install/tex/late
x/beamer/beamerbaselocalstructure.sty
(/Users/avishekanand/Library/Application Support/MiKTeX/texmfs/install/tex/late
x/tools/enumerate.sty))
(/Users/avishekanand/Library/Application Support/MiKTeX/texmfs/install/tex/late
x/beamer/beamerbasenavigation.sty
(/Users/avishekanand/Library/Application Support/MiKTeX/texmfs/install/tex/late
x/beamer/beamerbasenavigationsymbols.tex))
(/Users/avishekanand/Library/Application Support/MiKTeX/texmfs/install/tex/late
x/beamer/beamerbasetheorems.sty
(/Users/avishekanand/Library/Application Support/MiKTeX/texmfs/install/tex/late
x/amsmath/amsmath.sty
For additional information on amsmath, use the `?' option.

(/Users/avishekanand/Library/Application Support/MiKTeX/texmfs/install/tex/late
x/amsmath/amstext.sty
(/Users/avishekanand/Library/Application Support/MiKTeX/texmfs/install/tex/late
x/amsmath/amsgen.sty))
(/Users/avishekanand/Library/Application Support/MiKTeX/texmfs/install/tex/late
x/amsmath/amsbsy.sty)
(/Users/avishekanand/Library/Application Support/MiKTeX/texmfs/install/tex/late
x/amsmath/amsopn.sty))
(/Users/avishekanand/Library/Application Support/MiKTeX/texmfs/install/tex/late
x/amscls/amsthm.sty))
(/Users/avishekanand/Library/Application Support/MiKTeX/texmfs/install/tex/late
x/beamer/beamerbasethemes.sty))
(/Users/avishekanand/Library/Application Support/MiKTeX/texmfs/install/tex/late
x/beamer/beamerthemedefault.sty
(/Users/avishekanand/Library/Application Support/MiKTeX/texmfs/install/tex/late
x/beamer/beamerfontthemedefault.sty)
(/Users/avishekanand/Library/Application Support/MiKTeX/texmfs/install/tex/late
x/beamer/beamercolorthemedefault.sty)
(/Users/avishekanand/Library/Application Support/MiKTeX/texmfs/install/tex/late
x/beamer/beamerinnerthemedefault.sty)
(/Users/avishekanand/Library/Application Support/MiKTeX/texmfs/install/tex/late
x/beamer/beamerouterthemedefault.sty))) (beamerthemeTUDelft.sty)
(/Users/avishekanand/Library/Application Support/MiKTeX/texmfs/install/tex/late
x/algorithms/algorithm.sty
(/Users/avishekanand/Library/Application Support/MiKTeX/texmfs/install/tex/late
x/float/float.sty)
(/Users/avishekanand/Library/Application Support/MiKTeX/texmfs/install/tex/late
x/base/ifthen.sty))
(/Users/avishekanand/Library/Application Support/MiKTeX/texmfs/install/tex/late
x/algorithms/algorithmic.sty)
(/Users/avishekanand/Library/Application Support/MiKTeX/texmfs/install/tex/late
x/pgf/frontendlayer/tikz.sty
(/Users/avishekanand/Library/Application Support/MiKTeX/texmfs/install/tex/late
x/pgf/basiclayer/pgf.sty
(/Users/avishekanand/Library/Application Support/MiKTeX/texmfs/install/tex/gene
ric/pgf/modules/pgfmoduleshapes.code.tex)
(/Users/avishekanand/Library/Application Support/MiKTeX/texmfs/install/tex/gene
ric/pgf/modules/pgfmoduleplot.code.tex)
(/Users/avishekanand/Library/Application Support/MiKTeX/texmfs/install/tex/late
x/pgf/compatibility/pgfcomp-version-0-65.sty)
(/Users/avishekanand/Library/Application Support/MiKTeX/texmfs/install/tex/late
x/pgf/compatibility/pgfcomp-version-1-18.sty))
(/Users/avishekanand/Library/Application Support/MiKTeX/texmfs/install/tex/late
x/pgf/utilities/pgffor.sty
(/Users/avishekanand/Library/Application Support/MiKTeX/texmfs/install/tex/gene
ric/pgf/utilities/pgffor.code.tex))
(/Users/avishekanand/Library/Application Support/MiKTeX/texmfs/install/tex/gene
ric/pgf/frontendlayer/tikz/tikz.code.tex
(/Users/avishekanand/Library/Application Support/MiKTeX/texmfs/install/tex/gene
ric/pgf/libraries/pgflibraryplothandlers.code.tex)
(/Users/avishekanand/Library/Application Support/MiKTeX/texmfs/install/tex/gene
ric/pgf/modules/pgfmodulematrix.code.tex)
(/Users/avishekanand/Library/Application Support/MiKTeX/texmfs/install/tex/gene
ric/pgf/frontendlayer/tikz/libraries/tikzlibrarytopaths.code.tex)))
(/Users/avishekanand/Library/Application Support/MiKTeX/texmfs/install/tex/late
x/booktabs/booktabs.sty)
(/Users/avishekanand/Library/Application Support/MiKTeX/texmfs/install/tex/late
x/listings/listings.sty
(/Users/avishekanand/Library/Application Support/MiKTeX/texmfs/install/tex/late
x/listings/lstmisc.sty)
(/Users/avishekanand/Library/Application Support/MiKTeX/texmfs/install/tex/late
x/listings/listings.cfg))
(/Users/avishekanand/Library/Application Support/MiKTeX/texmfs/install/tex/late
x/psnfss/pifont.sty
(/Users/avishekanand/Library/Application Support/MiKTeX/texmfs/install/tex/late
x/psnfss/upzd.fd)
(/Users/avishekanand/Library/Application Support/MiKTeX/texmfs/install/tex/late
x/psnfss/upsy.fd))
(/Users/avishekanand/Library/Application Support/MiKTeX/texmfs/install/tex/late
x/listings/lstlang1.sty)
(/Users/avishekanand/Library/Application Support/MiKTeX/texmfs/install/tex/gene
ric/pgf/frontendlayer/tikz/libraries/tikzlibraryshapes.code.tex
(/Users/avishekanand/Library/Application Support/MiKTeX/texmfs/install/tex/gene
ric/pgf/frontendlayer/tikz/libraries/tikzlibraryshapes.geometric.code.tex
(/Users/avishekanand/Library/Application Support/MiKTeX/texmfs/install/tex/gene
ric/pgf/libraries/shapes/pgflibraryshapes.geometric.code.tex))
(/Users/avishekanand/Library/Application Support/MiKTeX/texmfs/install/tex/gene
ric/pgf/frontendlayer/tikz/libraries/tikzlibraryshapes.misc.code.tex
(/Users/avishekanand/Library/Application Support/MiKTeX/texmfs/install/tex/gene
ric/pgf/libraries/shapes/pgflibraryshapes.misc.code.tex))
(/Users/avishekanand/Library/Application Support/MiKTeX/texmfs/install/tex/gene
ric/pgf/frontendlayer/tikz/libraries/tikzlibraryshapes.symbols.code.tex
(/Users/avishekanand/Library/Application Support/MiKTeX/texmfs/install/tex/gene
ric/pgf/libraries/shapes/pgflibraryshapes.symbols.code.tex))
(/Users/avishekanand/Library/Application Support/MiKTeX/texmfs/install/tex/gene
ric/pgf/frontendlayer/tikz/libraries/tikzlibraryshapes.arrows.code.tex
(/Users/avishekanand/Library/Application Support/MiKTeX/texmfs/install/tex/gene
ric/pgf/libraries/shapes/pgflibraryshapes.arrows.code.tex))
(/Users/avishekanand/Library/Application Support/MiKTeX/texmfs/install/tex/gene
ric/pgf/frontendlayer/tikz/libraries/tikzlibraryshapes.callouts.code.tex
(/Users/avishekanand/Library/Application Support/MiKTeX/texmfs/install/tex/gene
ric/pgf/libraries/shapes/pgflibraryshapes.callouts.code.tex))
(/Users/avishekanand/Library/Application Support/MiKTeX/texmfs/install/tex/gene
ric/pgf/frontendlayer/tikz/libraries/tikzlibraryshapes.multipart.code.tex
(/Users/avishekanand/Library/Application Support/MiKTeX/texmfs/install/tex/gene
ric/pgf/libraries/shapes/pgflibraryshapes.multipart.code.tex)))
(/Users/avishekanand/Library/Application Support/MiKTeX/texmfs/install/tex/gene
ric/pgf/frontendlayer/tikz/libraries/tikzlibraryarrows.code.tex
(/Users/avishekanand/Library/Application Support/MiKTeX/texmfs/install/tex/gene
ric/pgf/libraries/pgflibraryarrows.code.tex))
(/Users/avishekanand/Library/Application Support/MiKTeX/texmfs/install/tex/gene
ric/pgf/frontendlayer/tikz/libraries/tikzlibrarypositioning.code.tex)
(/Users/avishekanand/Library/Application Support/MiKTeX/texmfs/install/tex/gene
ric/pgf/frontendlayer/tikz/libraries/tikzlibrarycalc.code.tex)
(/Users/avishekanand/Library/Application Support/MiKTeX/texmfs/install/tex/late
x/l3backend/l3backend-pdftex.def)
No file 06_learning_to_rank.aux.
*geometry* driver: auto-detecting
*geometry* detected driver: pdftex

(/Users/avishekanand/Library/Application Support/MiKTeX/texmfs/install/tex/cont
ext/base/mkii/supp-pdf.mkii
[Loading MPS to PDF converter (version 2006.09.02).]
)
(/Users/avishekanand/Library/Application Support/MiKTeX/texmfs/install/tex/late
x/epstopdf-pkg/epstopdf-base.sty
(/Users/avishekanand/Library/Application Support/MiKTeX/texmfs/install/tex/late
x/00miktex/epstopdf-sys.cfg))
(/Users/avishekanand/Library/Application Support/MiKTeX/texmfs/install/tex/late
x/translator/translator-basic-dictionary-English.dict)
(/Users/avishekanand/Library/Application Support/MiKTeX/texmfs/install/tex/late
x/translator/translator-bibliography-dictionary-English.dict)
(/Users/avishekanand/Library/Application Support/MiKTeX/texmfs/install/tex/late
x/translator/translator-environment-dictionary-English.dict)
(/Users/avishekanand/Library/Application Support/MiKTeX/texmfs/install/tex/late
x/translator/translator-months-dictionary-English.dict)
(/Users/avishekanand/Library/Application Support/MiKTeX/texmfs/install/tex/late
x/translator/translator-numbers-dictionary-English.dict)
(/Users/avishekanand/Library/Application Support/MiKTeX/texmfs/install/tex/late
x/translator/translator-theorem-dictionary-English.dict)
No file 06_learning_to_rank.nav.
[1{/Users/avishekanand/Library/Application Support/MiKTeX/texmfs/data/fonts/map
/pdftex/pdftex.map}]
(/Users/avishekanand/Library/Application Support/MiKTeX/texmfs/install/tex/late
x/amsfonts/umsa.fd)
(/Users/avishekanand/Library/Application Support/MiKTeX/texmfs/install/tex/late
x/amsfonts/umsb.fd)
(/Users/avishekanand/Library/Application Support/MiKTeX/texmfs/install/tex/late
x/sansmathaccent/ot1mathkerncmss.fd) [2]
No file 06_learning_to_rank.toc.
[3] [4]
Overfull \hbox (14.68391pt too wide) in paragraph at lines 123--123
\OT1/cmss/m/n/10.95 Regression/Classification.  
[5] [6]
Underfull \vbox (badness 10000) has occurred while \output is active [7]
[8] [9]
(/Users/avishekanand/Projects/Lectures/information-retrieval/build/06_learning_
to_rank.aux)

Package rerunfilecheck Warning: File `06_learning_to_rank.out' has changed.
(rerunfilecheck)                Rerun to get outlines right
(rerunfilecheck)                or use package `bookmark'.

 )
(see the transcript file for additional information)</Users/avishekanand/Librar
y/Application Support/MiKTeX/texmfs/install/fonts/type1/public/amsfonts/cm/cmex
10.pfb></Users/avishekanand/Library/Application Support/MiKTeX/texmfs/install/f
onts/type1/public/amsfonts/cm/cmmi10.pfb></Users/avishekanand/Library/Applicati
on Support/MiKTeX/texmfs/install/fonts/type1/public/amsfonts/cm/cmss10.pfb></Us
ers/avishekanand/Library/Application Support/MiKTeX/texmfs/install/fonts/type1/
public/amsfonts/cm/cmss12.pfb></Users/avishekanand/Library/Application Support/
MiKTeX/texmfs/install/fonts/type1/public/amsfonts/cm/cmss8.pfb></Users/avisheka
nand/Library/Application Support/MiKTeX/texmfs/install/fonts/type1/public/amsfo
nts/cm/cmssbx10.pfb></Users/avishekanand/Library/Application Support/MiKTeX/tex
mfs/install/fonts/type1/public/amsfonts/cm/cmssi10.pfb></Users/avishekanand/Lib
rary/Application Support/MiKTeX/texmfs/install/fonts/type1/public/amsfonts/cm/c
mssi8.pfb></Users/avishekanand/Library/Application Support/MiKTeX/texmfs/instal
l/fonts/type1/public/amsfonts/cm/cmsy10.pfb></Users/avishekanand/Library/Applic
ation Support/MiKTeX/texmfs/install/fonts/type1/public/amsfonts/symbols/msam10.
pfb>
Output written on /Users/avishekanand/Projects/Lectures/information-retrieval/b
uild/06_learning_to_rank.pdf (9 pages, 131342 bytes).
Transcript written on /Users/avishekanand/Projects/Lectures/information-retriev
al/build/06_learning_to_rank.log.
pdflatex -output-directory=build 06_learning_to_rank.tex
This is pdfTeX, Version 3.141592653-2.6-1.40.24 (MiKTeX 22.1) (preloaded format=pdflatex.fmt)
 restricted \write18 enabled.
entering extended mode
(06_learning_to_rank.tex
LaTeX2e <2023-11-01>
L3 programming layer <2023-11-09>

(/Users/avishekanand/Library/Application Support/MiKTeX/texmfs/install/tex/late
x/beamer/beamer.cls
Document Class: beamer 2026/01/22 v3.77 A class for typesetting presentations

(/Users/avishekanand/Library/Application Support/MiKTeX/texmfs/install/tex/late
x/beamer/beamerbasemodes.sty
(/Users/avishekanand/Library/Application Support/MiKTeX/texmfs/install/tex/late
x/etoolbox/etoolbox.sty)
(/Users/avishekanand/Library/Application Support/MiKTeX/texmfs/install/tex/late
x/beamer/beamerbasedecode.sty))
(/Users/avishekanand/Library/Application Support/MiKTeX/texmfs/install/tex/gene
ric/iftex/iftex.sty)
(/Users/avishekanand/Library/Application Support/MiKTeX/texmfs/install/tex/late
x/beamer/beamerbaseoptions.sty
(/Users/avishekanand/Library/Application Support/MiKTeX/texmfs/install/tex/late
x/graphics/keyval.sty))
(/Users/avishekanand/Library/Application Support/MiKTeX/texmfs/install/tex/late
x/geometry/geometry.sty
(/Users/avishekanand/Library/Application Support/MiKTeX/texmfs/install/tex/gene
ric/iftex/ifvtex.sty)
(/Users/avishekanand/Library/Application Support/MiKTeX/texmfs/install/tex/late
x/geometry/geometry.cfg))
(/Users/avishekanand/Library/Application Support/MiKTeX/texmfs/install/tex/late
x/pgf/math/pgfmath.sty
(/Users/avishekanand/Library/Application Support/MiKTeX/texmfs/install/tex/late
x/pgf/utilities/pgfrcs.sty
(/Users/avishekanand/Library/Application Support/MiKTeX/texmfs/install/tex/gene
ric/pgf/utilities/pgfutil-common.tex)
(/Users/avishekanand/Library/Application Support/MiKTeX/texmfs/install/tex/gene
ric/pgf/utilities/pgfutil-latex.def)
(/Users/avishekanand/Library/Application Support/MiKTeX/texmfs/install/tex/gene
ric/pgf/utilities/pgfrcs.code.tex
(/Users/avishekanand/Library/Application Support/MiKTeX/texmfs/install/tex/gene
ric/pgf/pgf.revision.tex)))
(/Users/avishekanand/Library/Application Support/MiKTeX/texmfs/install/tex/late
x/pgf/utilities/pgfkeys.sty
(/Users/avishekanand/Library/Application Support/MiKTeX/texmfs/install/tex/gene
ric/pgf/utilities/pgfkeys.code.tex
(/Users/avishekanand/Library/Application Support/MiKTeX/texmfs/install/tex/gene
ric/pgf/utilities/pgfkeyslibraryfiltered.code.tex)))
(/Users/avishekanand/Library/Application Support/MiKTeX/texmfs/install/tex/gene
ric/pgf/math/pgfmath.code.tex
(/Users/avishekanand/Library/Application Support/MiKTeX/texmfs/install/tex/gene
ric/pgf/math/pgfmathutil.code.tex)
(/Users/avishekanand/Library/Application Support/MiKTeX/texmfs/install/tex/gene
ric/pgf/math/pgfmathparser.code.tex)
(/Users/avishekanand/Library/Application Support/MiKTeX/texmfs/install/tex/gene
ric/pgf/math/pgfmathfunctions.code.tex)
(/Users/avishekanand/Library/Application Support/MiKTeX/texmfs/install/tex/gene
ric/pgf/math/pgfmathfunctions.basic.code.tex)
(/Users/avishekanand/Library/Application Support/MiKTeX/texmfs/install/tex/gene
ric/pgf/math/pgfmathfunctions.trigonometric.code.tex)
(/Users/avishekanand/Library/Application Support/MiKTeX/texmfs/install/tex/gene
ric/pgf/math/pgfmathfunctions.random.code.tex)
(/Users/avishekanand/Library/Application Support/MiKTeX/texmfs/install/tex/gene
ric/pgf/math/pgfmathfunctions.comparison.code.tex)
(/Users/avishekanand/Library/Application Support/MiKTeX/texmfs/install/tex/gene
ric/pgf/math/pgfmathfunctions.base.code.tex)
(/Users/avishekanand/Library/Application Support/MiKTeX/texmfs/install/tex/gene
ric/pgf/math/pgfmathfunctions.round.code.tex)
(/Users/avishekanand/Library/Application Support/MiKTeX/texmfs/install/tex/gene
ric/pgf/math/pgfmathfunctions.misc.code.tex)
(/Users/avishekanand/Library/Application Support/MiKTeX/texmfs/install/tex/gene
ric/pgf/math/pgfmathfunctions.integerarithmetics.code.tex)
(/Users/avishekanand/Library/Application Support/MiKTeX/texmfs/install/tex/gene
ric/pgf/math/pgfmathcalc.code.tex)
(/Users/avishekanand/Library/Application Support/MiKTeX/texmfs/install/tex/gene
ric/pgf/math/pgfmathfloat.code.tex)))
(/Users/avishekanand/Library/Application Support/MiKTeX/texmfs/install/tex/late
x/base/size11.clo)
(/Users/avishekanand/Library/Application Support/MiKTeX/texmfs/install/tex/late
x/pgf/basiclayer/pgfcore.sty
(/Users/avishekanand/Library/Application Support/MiKTeX/texmfs/install/tex/late
x/graphics/graphicx.sty
(/Users/avishekanand/Library/Application Support/MiKTeX/texmfs/install/tex/late
x/graphics/graphics.sty
(/Users/avishekanand/Library/Application Support/MiKTeX/texmfs/install/tex/late
x/graphics/trig.sty)
(/Users/avishekanand/Library/Application Support/MiKTeX/texmfs/install/tex/late
x/graphics-cfg/graphics.cfg)
(/Users/avishekanand/Library/Application Support/MiKTeX/texmfs/install/tex/late
x/graphics-def/pdftex.def)))
(/Users/avishekanand/Library/Application Support/MiKTeX/texmfs/install/tex/late
x/pgf/systemlayer/pgfsys.sty
(/Users/avishekanand/Library/Application Support/MiKTeX/texmfs/install/tex/gene
ric/pgf/systemlayer/pgfsys.code.tex
(/Users/avishekanand/Library/Application Support/MiKTeX/texmfs/install/tex/gene
ric/pgf/systemlayer/pgf.cfg)
(/Users/avishekanand/Library/Application Support/MiKTeX/texmfs/install/tex/gene
ric/pgf/systemlayer/pgfsys-pdftex.def
(/Users/avishekanand/Library/Application Support/MiKTeX/texmfs/install/tex/gene
ric/pgf/systemlayer/pgfsys-common-pdf.def)))
(/Users/avishekanand/Library/Application Support/MiKTeX/texmfs/install/tex/gene
ric/pgf/systemlayer/pgfsyssoftpath.code.tex)
(/Users/avishekanand/Library/Application Support/MiKTeX/texmfs/install/tex/gene
ric/pgf/systemlayer/pgfsysprotocol.code.tex))
(/Users/avishekanand/Library/Application Support/MiKTeX/texmfs/install/tex/late
x/xcolor/xcolor.sty
(/Users/avishekanand/Library/Application Support/MiKTeX/texmfs/install/tex/late
x/graphics-cfg/color.cfg)
(/Users/avishekanand/Library/Application Support/MiKTeX/texmfs/install/tex/late
x/graphics/mathcolor.ltx))
(/Users/avishekanand/Library/Application Support/MiKTeX/texmfs/install/tex/gene
ric/pgf/basiclayer/pgfcore.code.tex
(/Users/avishekanand/Library/Application Support/MiKTeX/texmfs/install/tex/gene
ric/pgf/math/pgfint.code.tex)
(/Users/avishekanand/Library/Application Support/MiKTeX/texmfs/install/tex/gene
ric/pgf/basiclayer/pgfcorepoints.code.tex)
(/Users/avishekanand/Library/Application Support/MiKTeX/texmfs/install/tex/gene
ric/pgf/basiclayer/pgfcorepathconstruct.code.tex)
(/Users/avishekanand/Library/Application Support/MiKTeX/texmfs/install/tex/gene
ric/pgf/basiclayer/pgfcorepathusage.code.tex)
(/Users/avishekanand/Library/Application Support/MiKTeX/texmfs/install/tex/gene
ric/pgf/basiclayer/pgfcorescopes.code.tex)
(/Users/avishekanand/Library/Application Support/MiKTeX/texmfs/install/tex/gene
ric/pgf/basiclayer/pgfcoregraphicstate.code.tex)
(/Users/avishekanand/Library/Application Support/MiKTeX/texmfs/install/tex/gene
ric/pgf/basiclayer/pgfcoretransformations.code.tex)
(/Users/avishekanand/Library/Application Support/MiKTeX/texmfs/install/tex/gene
ric/pgf/basiclayer/pgfcorequick.code.tex)
(/Users/avishekanand/Library/Application Support/MiKTeX/texmfs/install/tex/gene
ric/pgf/basiclayer/pgfcoreobjects.code.tex)
(/Users/avishekanand/Library/Application Support/MiKTeX/texmfs/install/tex/gene
ric/pgf/basiclayer/pgfcorepathprocessing.code.tex)
(/Users/avishekanand/Library/Application Support/MiKTeX/texmfs/install/tex/gene
ric/pgf/basiclayer/pgfcorearrows.code.tex)
(/Users/avishekanand/Library/Application Support/MiKTeX/texmfs/install/tex/gene
ric/pgf/basiclayer/pgfcoreshade.code.tex)
(/Users/avishekanand/Library/Application Support/MiKTeX/texmfs/install/tex/gene
ric/pgf/basiclayer/pgfcoreimage.code.tex)
(/Users/avishekanand/Library/Application Support/MiKTeX/texmfs/install/tex/gene
ric/pgf/basiclayer/pgfcoreexternal.code.tex)
(/Users/avishekanand/Library/Application Support/MiKTeX/texmfs/install/tex/gene
ric/pgf/basiclayer/pgfcorelayers.code.tex)
(/Users/avishekanand/Library/Application Support/MiKTeX/texmfs/install/tex/gene
ric/pgf/basiclayer/pgfcoretransparency.code.tex)
(/Users/avishekanand/Library/Application Support/MiKTeX/texmfs/install/tex/gene
ric/pgf/basiclayer/pgfcorepatterns.code.tex)
(/Users/avishekanand/Library/Application Support/MiKTeX/texmfs/install/tex/gene
ric/pgf/basiclayer/pgfcorerdf.code.tex)))
(/Users/avishekanand/Library/Application Support/MiKTeX/texmfs/install/tex/late
x/pgf/utilities/xxcolor.sty)
(/Users/avishekanand/Library/Application Support/MiKTeX/texmfs/install/tex/late
x/base/atbegshi-ltx.sty)
(/Users/avishekanand/Library/Application Support/MiKTeX/texmfs/install/tex/late
x/hyperref/hyperref.sty
(/Users/avishekanand/Library/Application Support/MiKTeX/texmfs/install/tex/gene
ric/infwarerr/infwarerr.sty)
(/Users/avishekanand/Library/Application Support/MiKTeX/texmfs/install/tex/late
x/kvsetkeys/kvsetkeys.sty)
(/Users/avishekanand/Library/Application Support/MiKTeX/texmfs/install/tex/gene
ric/kvdefinekeys/kvdefinekeys.sty)
(/Users/avishekanand/Library/Application Support/MiKTeX/texmfs/install/tex/gene
ric/pdfescape/pdfescape.sty
(/Users/avishekanand/Library/Application Support/MiKTeX/texmfs/install/tex/gene
ric/ltxcmds/ltxcmds.sty)
(/Users/avishekanand/Library/Application Support/MiKTeX/texmfs/install/tex/gene
ric/pdftexcmds/pdftexcmds.sty))
(/Users/avishekanand/Library/Application Support/MiKTeX/texmfs/install/tex/late
x/hycolor/hycolor.sty)
(/Users/avishekanand/Library/Application Support/MiKTeX/texmfs/install/tex/late
x/letltxmacro/letltxmacro.sty)
(/Users/avishekanand/Library/Application Support/MiKTeX/texmfs/install/tex/late
x/auxhook/auxhook.sty)
(/Users/avishekanand/Library/Application Support/MiKTeX/texmfs/install/tex/late
x/hyperref/nameref.sty
(/Users/avishekanand/Library/Application Support/MiKTeX/texmfs/install/tex/late
x/refcount/refcount.sty)
(/Users/avishekanand/Library/Application Support/MiKTeX/texmfs/install/tex/gene
ric/gettitlestring/gettitlestring.sty
(/Users/avishekanand/Library/Application Support/MiKTeX/texmfs/install/tex/late
x/kvoptions/kvoptions.sty)))
(/Users/avishekanand/Library/Application Support/MiKTeX/texmfs/install/tex/late
x/hyperref/pd1enc.def)
(/Users/avishekanand/Library/Application Support/MiKTeX/texmfs/install/tex/gene
ric/intcalc/intcalc.sty)
(/Users/avishekanand/Library/Application Support/MiKTeX/texmfs/install/tex/late
x/hyperref/puenc.def)
(/Users/avishekanand/Library/Application Support/MiKTeX/texmfs/install/tex/late
x/url/url.sty)
(/Users/avishekanand/Library/Application Support/MiKTeX/texmfs/install/tex/gene
ric/bitset/bitset.sty
(/Users/avishekanand/Library/Application Support/MiKTeX/texmfs/install/tex/gene
ric/bigintcalc/bigintcalc.sty))

Package hyperref Message: Stopped early.

)
(/Users/avishekanand/Library/Application Support/MiKTeX/texmfs/install/tex/late
x/hyperref/hpdftex.def
(/Users/avishekanand/Library/Application Support/MiKTeX/texmfs/install/tex/late
x/base/atveryend-ltx.sty)
(/Users/avishekanand/Library/Application Support/MiKTeX/texmfs/install/tex/late
x/rerunfilecheck/rerunfilecheck.sty
(/Users/avishekanand/Library/Application Support/MiKTeX/texmfs/install/tex/gene
ric/uniquecounter/uniquecounter.sty)))
(/Users/avishekanand/Library/Application Support/MiKTeX/texmfs/install/tex/late
x/beamer/beamerbaserequires.sty
(/Users/avishekanand/Library/Application Support/MiKTeX/texmfs/install/tex/late
x/beamer/beamerbasecompatibility.sty)
(/Users/avishekanand/Library/Application Support/MiKTeX/texmfs/install/tex/late
x/beamer/beamerbasefont.sty
(/Users/avishekanand/Library/Application Support/MiKTeX/texmfs/install/tex/late
x/amsfonts/amssymb.sty
(/Users/avishekanand/Library/Application Support/MiKTeX/texmfs/install/tex/late
x/amsfonts/amsfonts.sty))
(/Users/avishekanand/Library/Application Support/MiKTeX/texmfs/install/tex/late
x/sansmathaccent/sansmathaccent.sty
(/Users/avishekanand/Library/Application Support/MiKTeX/texmfs/install/tex/late
x/koma-script/scrlfile.sty

+----------------------------------------------------------------------
| WARNING (`scrlfile.sty'):
+----------------------------------------------------------------------
| YOU SHOULD NOTE, THAT THIS IS NOT AN OFFICIAL RELEASE!
| THIS VERSION IS INTENDED TO BE USED FOR TESTING ONLY!
| USAGE FOR PURPOSES OTHER THAN INTENDED IS DANGEROUS!
| DON'T EXPECT ANY SUPPORT FOR THIS VERSION!
+----------------------------------------------------------------------


(/Users/avishekanand/Library/Application Support/MiKTeX/texmfs/install/tex/late
x/koma-script/scrlfile-hook.sty

+----------------------------------------------------------------------
| WARNING (`scrlfile-hook.sty'):
+----------------------------------------------------------------------
| YOU SHOULD NOTE, THAT THIS IS NOT AN OFFICIAL RELEASE!
| THIS VERSION IS INTENDED TO BE USED FOR TESTING ONLY!
| USAGE FOR PURPOSES OTHER THAN INTENDED IS DANGEROUS!
| DON'T EXPECT ANY SUPPORT FOR THIS VERSION!
+----------------------------------------------------------------------


(/Users/avishekanand/Library/Application Support/MiKTeX/texmfs/install/tex/late
x/koma-script/scrlogo.sty

+----------------------------------------------------------------------
| WARNING (`scrlogo.sty'):
+----------------------------------------------------------------------
| YOU SHOULD NOTE, THAT THIS IS NOT AN OFFICIAL RELEASE!
| THIS VERSION IS INTENDED TO BE USED FOR TESTING ONLY!
| USAGE FOR PURPOSES OTHER THAN INTENDED IS DANGEROUS!
| DON'T EXPECT ANY SUPPORT FOR THIS VERSION!
+----------------------------------------------------------------------

)))))
(/Users/avishekanand/Library/Application Support/MiKTeX/texmfs/install/tex/late
x/beamer/beamerbasetranslator.sty
(/Users/avishekanand/Library/Application Support/MiKTeX/texmfs/install/tex/late
x/translator/translator.sty))
(/Users/avishekanand/Library/Application Support/MiKTeX/texmfs/install/tex/late
x/beamer/beamerbasemisc.sty)
(/Users/avishekanand/Library/Application Support/MiKTeX/texmfs/install/tex/late
x/beamer/beamerbasetwoscreens.sty)
(/Users/avishekanand/Library/Application Support/MiKTeX/texmfs/install/tex/late
x/beamer/beamerbaseoverlay.sty)
(/Users/avishekanand/Library/Application Support/MiKTeX/texmfs/install/tex/late
x/beamer/beamerbasetitle.sty)
(/Users/avishekanand/Library/Application Support/MiKTeX/texmfs/install/tex/late
x/beamer/beamerbasesection.sty)
(/Users/avishekanand/Library/Application Support/MiKTeX/texmfs/install/tex/late
x/beamer/beamerbaseframe.sty)
(/Users/avishekanand/Library/Application Support/MiKTeX/texmfs/install/tex/late
x/beamer/beamerbaseverbatim.sty)
(/Users/avishekanand/Library/Application Support/MiKTeX/texmfs/install/tex/late
x/beamer/beamerbaseframesize.sty)
(/Users/avishekanand/Library/Application Support/MiKTeX/texmfs/install/tex/late
x/beamer/beamerbaseframecomponents.sty)
(/Users/avishekanand/Library/Application Support/MiKTeX/texmfs/install/tex/late
x/beamer/beamerbasecolor.sty)
(/Users/avishekanand/Library/Application Support/MiKTeX/texmfs/install/tex/late
x/beamer/beamerbasenotes.sty)
(/Users/avishekanand/Library/Application Support/MiKTeX/texmfs/install/tex/late
x/beamer/beamerbasetoc.sty)
(/Users/avishekanand/Library/Application Support/MiKTeX/texmfs/install/tex/late
x/beamer/beamerbasetemplates.sty
(/Users/avishekanand/Library/Application Support/MiKTeX/texmfs/install/tex/late
x/beamer/beamerbaseauxtemplates.sty
(/Users/avishekanand/Library/Application Support/MiKTeX/texmfs/install/tex/late
x/beamer/beamerbaseboxes.sty)))
(/Users/avishekanand/Library/Application Support/MiKTeX/texmfs/install/tex/late
x/beamer/beamerbaselocalstructure.sty
(/Users/avishekanand/Library/Application Support/MiKTeX/texmfs/install/tex/late
x/tools/enumerate.sty))
(/Users/avishekanand/Library/Application Support/MiKTeX/texmfs/install/tex/late
x/beamer/beamerbasenavigation.sty
(/Users/avishekanand/Library/Application Support/MiKTeX/texmfs/install/tex/late
x/beamer/beamerbasenavigationsymbols.tex))
(/Users/avishekanand/Library/Application Support/MiKTeX/texmfs/install/tex/late
x/beamer/beamerbasetheorems.sty
(/Users/avishekanand/Library/Application Support/MiKTeX/texmfs/install/tex/late
x/amsmath/amsmath.sty
For additional information on amsmath, use the `?' option.

(/Users/avishekanand/Library/Application Support/MiKTeX/texmfs/install/tex/late
x/amsmath/amstext.sty
(/Users/avishekanand/Library/Application Support/MiKTeX/texmfs/install/tex/late
x/amsmath/amsgen.sty))
(/Users/avishekanand/Library/Application Support/MiKTeX/texmfs/install/tex/late
x/amsmath/amsbsy.sty)
(/Users/avishekanand/Library/Application Support/MiKTeX/texmfs/install/tex/late
x/amsmath/amsopn.sty))
(/Users/avishekanand/Library/Application Support/MiKTeX/texmfs/install/tex/late
x/amscls/amsthm.sty))
(/Users/avishekanand/Library/Application Support/MiKTeX/texmfs/install/tex/late
x/beamer/beamerbasethemes.sty))
(/Users/avishekanand/Library/Application Support/MiKTeX/texmfs/install/tex/late
x/beamer/beamerthemedefault.sty
(/Users/avishekanand/Library/Application Support/MiKTeX/texmfs/install/tex/late
x/beamer/beamerfontthemedefault.sty)
(/Users/avishekanand/Library/Application Support/MiKTeX/texmfs/install/tex/late
x/beamer/beamercolorthemedefault.sty)
(/Users/avishekanand/Library/Application Support/MiKTeX/texmfs/install/tex/late
x/beamer/beamerinnerthemedefault.sty)
(/Users/avishekanand/Library/Application Support/MiKTeX/texmfs/install/tex/late
x/beamer/beamerouterthemedefault.sty))) (beamerthemeTUDelft.sty)
(/Users/avishekanand/Library/Application Support/MiKTeX/texmfs/install/tex/late
x/algorithms/algorithm.sty
(/Users/avishekanand/Library/Application Support/MiKTeX/texmfs/install/tex/late
x/float/float.sty)
(/Users/avishekanand/Library/Application Support/MiKTeX/texmfs/install/tex/late
x/base/ifthen.sty))
(/Users/avishekanand/Library/Application Support/MiKTeX/texmfs/install/tex/late
x/algorithms/algorithmic.sty)
(/Users/avishekanand/Library/Application Support/MiKTeX/texmfs/install/tex/late
x/pgf/frontendlayer/tikz.sty
(/Users/avishekanand/Library/Application Support/MiKTeX/texmfs/install/tex/late
x/pgf/basiclayer/pgf.sty
(/Users/avishekanand/Library/Application Support/MiKTeX/texmfs/install/tex/gene
ric/pgf/modules/pgfmoduleshapes.code.tex)
(/Users/avishekanand/Library/Application Support/MiKTeX/texmfs/install/tex/gene
ric/pgf/modules/pgfmoduleplot.code.tex)
(/Users/avishekanand/Library/Application Support/MiKTeX/texmfs/install/tex/late
x/pgf/compatibility/pgfcomp-version-0-65.sty)
(/Users/avishekanand/Library/Application Support/MiKTeX/texmfs/install/tex/late
x/pgf/compatibility/pgfcomp-version-1-18.sty))
(/Users/avishekanand/Library/Application Support/MiKTeX/texmfs/install/tex/late
x/pgf/utilities/pgffor.sty
(/Users/avishekanand/Library/Application Support/MiKTeX/texmfs/install/tex/gene
ric/pgf/utilities/pgffor.code.tex))
(/Users/avishekanand/Library/Application Support/MiKTeX/texmfs/install/tex/gene
ric/pgf/frontendlayer/tikz/tikz.code.tex
(/Users/avishekanand/Library/Application Support/MiKTeX/texmfs/install/tex/gene
ric/pgf/libraries/pgflibraryplothandlers.code.tex)
(/Users/avishekanand/Library/Application Support/MiKTeX/texmfs/install/tex/gene
ric/pgf/modules/pgfmodulematrix.code.tex)
(/Users/avishekanand/Library/Application Support/MiKTeX/texmfs/install/tex/gene
ric/pgf/frontendlayer/tikz/libraries/tikzlibrarytopaths.code.tex)))
(/Users/avishekanand/Library/Application Support/MiKTeX/texmfs/install/tex/late
x/booktabs/booktabs.sty)
(/Users/avishekanand/Library/Application Support/MiKTeX/texmfs/install/tex/late
x/listings/listings.sty
(/Users/avishekanand/Library/Application Support/MiKTeX/texmfs/install/tex/late
x/listings/lstmisc.sty)
(/Users/avishekanand/Library/Application Support/MiKTeX/texmfs/install/tex/late
x/listings/listings.cfg))
(/Users/avishekanand/Library/Application Support/MiKTeX/texmfs/install/tex/late
x/psnfss/pifont.sty
(/Users/avishekanand/Library/Application Support/MiKTeX/texmfs/install/tex/late
x/psnfss/upzd.fd)
(/Users/avishekanand/Library/Application Support/MiKTeX/texmfs/install/tex/late
x/psnfss/upsy.fd))
(/Users/avishekanand/Library/Application Support/MiKTeX/texmfs/install/tex/late
x/listings/lstlang1.sty)
(/Users/avishekanand/Library/Application Support/MiKTeX/texmfs/install/tex/gene
ric/pgf/frontendlayer/tikz/libraries/tikzlibraryshapes.code.tex
(/Users/avishekanand/Library/Application Support/MiKTeX/texmfs/install/tex/gene
ric/pgf/frontendlayer/tikz/libraries/tikzlibraryshapes.geometric.code.tex
(/Users/avishekanand/Library/Application Support/MiKTeX/texmfs/install/tex/gene
ric/pgf/libraries/shapes/pgflibraryshapes.geometric.code.tex))
(/Users/avishekanand/Library/Application Support/MiKTeX/texmfs/install/tex/gene
ric/pgf/frontendlayer/tikz/libraries/tikzlibraryshapes.misc.code.tex
(/Users/avishekanand/Library/Application Support/MiKTeX/texmfs/install/tex/gene
ric/pgf/libraries/shapes/pgflibraryshapes.misc.code.tex))
(/Users/avishekanand/Library/Application Support/MiKTeX/texmfs/install/tex/gene
ric/pgf/frontendlayer/tikz/libraries/tikzlibraryshapes.symbols.code.tex
(/Users/avishekanand/Library/Application Support/MiKTeX/texmfs/install/tex/gene
ric/pgf/libraries/shapes/pgflibraryshapes.symbols.code.tex))
(/Users/avishekanand/Library/Application Support/MiKTeX/texmfs/install/tex/gene
ric/pgf/frontendlayer/tikz/libraries/tikzlibraryshapes.arrows.code.tex
(/Users/avishekanand/Library/Application Support/MiKTeX/texmfs/install/tex/gene
ric/pgf/libraries/shapes/pgflibraryshapes.arrows.code.tex))
(/Users/avishekanand/Library/Application Support/MiKTeX/texmfs/install/tex/gene
ric/pgf/frontendlayer/tikz/libraries/tikzlibraryshapes.callouts.code.tex
(/Users/avishekanand/Library/Application Support/MiKTeX/texmfs/install/tex/gene
ric/pgf/libraries/shapes/pgflibraryshapes.callouts.code.tex))
(/Users/avishekanand/Library/Application Support/MiKTeX/texmfs/install/tex/gene
ric/pgf/frontendlayer/tikz/libraries/tikzlibraryshapes.multipart.code.tex
(/Users/avishekanand/Library/Application Support/MiKTeX/texmfs/install/tex/gene
ric/pgf/libraries/shapes/pgflibraryshapes.multipart.code.tex)))
(/Users/avishekanand/Library/Application Support/MiKTeX/texmfs/install/tex/gene
ric/pgf/frontendlayer/tikz/libraries/tikzlibraryarrows.code.tex
(/Users/avishekanand/Library/Application Support/MiKTeX/texmfs/install/tex/gene
ric/pgf/libraries/pgflibraryarrows.code.tex))
(/Users/avishekanand/Library/Application Support/MiKTeX/texmfs/install/tex/gene
ric/pgf/frontendlayer/tikz/libraries/tikzlibrarypositioning.code.tex)
(/Users/avishekanand/Library/Application Support/MiKTeX/texmfs/install/tex/gene
ric/pgf/frontendlayer/tikz/libraries/tikzlibrarycalc.code.tex)
(/Users/avishekanand/Library/Application Support/MiKTeX/texmfs/install/tex/late
x/l3backend/l3backend-pdftex.def)
(/Users/avishekanand/Projects/Lectures/information-retrieval/build/06_learning_
to_rank.aux)
*geometry* driver: auto-detecting
*geometry* detected driver: pdftex

(/Users/avishekanand/Library/Application Support/MiKTeX/texmfs/install/tex/cont
ext/base/mkii/supp-pdf.mkii
[Loading MPS to PDF converter (version 2006.09.02).]
)
(/Users/avishekanand/Library/Application Support/MiKTeX/texmfs/install/tex/late
x/epstopdf-pkg/epstopdf-base.sty
(/Users/avishekanand/Library/Application Support/MiKTeX/texmfs/install/tex/late
x/00miktex/epstopdf-sys.cfg))
(/Users/avishekanand/Projects/Lectures/information-retrieval/build/06_learning_
to_rank.out)
(/Users/avishekanand/Projects/Lectures/information-retrieval/build/06_learning_
to_rank.out)
(/Users/avishekanand/Library/Application Support/MiKTeX/texmfs/install/tex/late
x/translator/translator-basic-dictionary-English.dict)
(/Users/avishekanand/Library/Application Support/MiKTeX/texmfs/install/tex/late
x/translator/translator-bibliography-dictionary-English.dict)
(/Users/avishekanand/Library/Application Support/MiKTeX/texmfs/install/tex/late
x/translator/translator-environment-dictionary-English.dict)
(/Users/avishekanand/Library/Application Support/MiKTeX/texmfs/install/tex/late
x/translator/translator-months-dictionary-English.dict)
(/Users/avishekanand/Library/Application Support/MiKTeX/texmfs/install/tex/late
x/translator/translator-numbers-dictionary-English.dict)
(/Users/avishekanand/Library/Application Support/MiKTeX/texmfs/install/tex/late
x/translator/translator-theorem-dictionary-English.dict)
(/Users/avishekanand/Projects/Lectures/information-retrieval/build/06_learning_
to_rank.nav) [1{/Users/avishekanand/Library/Application Support/MiKTeX/texmfs/d
ata/fonts/map/pdftex/pdftex.map}]
(/Users/avishekanand/Library/Application Support/MiKTeX/texmfs/install/tex/late
x/amsfonts/umsa.fd)
(/Users/avishekanand/Library/Application Support/MiKTeX/texmfs/install/tex/late
x/amsfonts/umsb.fd)
(/Users/avishekanand/Library/Application Support/MiKTeX/texmfs/install/tex/late
x/sansmathaccent/ot1mathkerncmss.fd) [2]
(/Users/avishekanand/Projects/Lectures/information-retrieval/build/06_learning_
to_rank.toc) [3] [4]
Overfull \hbox (14.68391pt too wide) in paragraph at lines 123--123
\OT1/cmss/m/n/10.95 Regression/Classification.  
[5] [6]
Underfull \vbox (badness 10000) has occurred while \output is active [7]
[8] [9]
(/Users/avishekanand/Projects/Lectures/information-retrieval/build/06_learning_
to_rank.aux) )
(see the transcript file for additional information)</Users/avishekanand/Librar
y/Application Support/MiKTeX/texmfs/install/fonts/type1/public/amsfonts/cm/cmex
10.pfb></Users/avishekanand/Library/Application Support/MiKTeX/texmfs/install/f
onts/type1/public/amsfonts/cm/cmmi10.pfb></Users/avishekanand/Library/Applicati
on Support/MiKTeX/texmfs/install/fonts/type1/public/amsfonts/cm/cmss10.pfb></Us
ers/avishekanand/Library/Application Support/MiKTeX/texmfs/install/fonts/type1/
public/amsfonts/cm/cmss12.pfb></Users/avishekanand/Library/Application Support/
MiKTeX/texmfs/install/fonts/type1/public/amsfonts/cm/cmss8.pfb></Users/avisheka
nand/Library/Application Support/MiKTeX/texmfs/install/fonts/type1/public/amsfo
nts/cm/cmssbx10.pfb></Users/avishekanand/Library/Application Support/MiKTeX/tex
mfs/install/fonts/type1/public/amsfonts/cm/cmssi10.pfb></Users/avishekanand/Lib
rary/Application Support/MiKTeX/texmfs/install/fonts/type1/public/amsfonts/cm/c
mssi8.pfb></Users/avishekanand/Library/Application Support/MiKTeX/texmfs/instal
l/fonts/type1/public/amsfonts/cm/cmsy10.pfb></Users/avishekanand/Library/Applic
ation Support/MiKTeX/texmfs/install/fonts/type1/public/amsfonts/symbols/msam10.
pfb>
Output written on /Users/avishekanand/Projects/Lectures/information-retrieval/b
uild/06_learning_to_rank.pdf (9 pages, 134168 bytes).
Transcript written on /Users/avishekanand/Projects/Lectures/information-retriev
al/build/06_learning_to_rank.log.
